Archive member included to satisfy reference by file (symbol)

C:/ST/STM32CubeIDE_2.0.0/STM32CubeIDE/plugins/com.st.stm32cube.ide.mcu.externaltools.gnu-tools-for-stm32.13.3.rel1.win32_1.0.100.202509120712/tools/bin/../lib/gcc/arm-none-eabi/13.3.1/../../../../arm-none-eabi/lib/thumb/v7e-m+fp/hard\libc_nano.a(libc_a-exit.o)
                              C:/ST/STM32CubeIDE_2.0.0/STM32CubeIDE/plugins/com.st.stm32cube.ide.mcu.externaltools.gnu-tools-for-stm32.13.3.rel1.win32_1.0.100.202509120712/tools/bin/../lib/gcc/arm-none-eabi/13.3.1/../../../../arm-none-eabi/lib/thumb/v7e-m+fp/hard/crt0.o (exit)
C:/ST/STM32CubeIDE_2.0.0/STM32CubeIDE/plugins/com.st.stm32cube.ide.mcu.externaltools.gnu-tools-for-stm32.13.3.rel1.win32_1.0.100.202509120712/tools/bin/../lib/gcc/arm-none-eabi/13.3.1/../../../../arm-none-eabi/lib/thumb/v7e-m+fp/hard\libc_nano.a(libc_a-malloc.o)
                              ./Middlewares/ST/STM32_USB_Host_Library/Class/CDC/Src/usbh_cdc.o (malloc)
C:/ST/STM32CubeIDE_2.0.0/STM32CubeIDE/plugins/com.st.stm32cube.ide.mcu.externaltools.gnu-tools-for-stm32.13.3.rel1.win32_1.0.100.202509120712/tools/bin/../lib/gcc/arm-none-eabi/13.3.1/../../../../arm-none-eabi/lib/thumb/v7e-m+fp/hard\libc_nano.a(libc_a-mallocr.o)
                              C:/ST/STM32CubeIDE_2.0.0/STM32CubeIDE/plugins/com.st.stm32cube.ide.mcu.externaltools.gnu-tools-for-stm32.13.3.rel1.win32_1.0.100.202509120712/tools/bin/../lib/gcc/arm-none-eabi/13.3.1/../../../../arm-none-eabi/lib/thumb/v7e-m+fp/hard\libc_nano.a(libc_a-malloc.o) (_malloc_r)
C:/ST/STM32CubeIDE_2.0.0/STM32CubeIDE/plugins/com.st.stm32cube.ide.mcu.externaltools.gnu-tools-for-stm32.13.3.rel1.win32_1.0.100.202509120712/tools/bin/../lib/gcc/arm-none-eabi/13.3.1/../../../../arm-none-eabi/lib/thumb/v7e-m+fp/hard\libc_nano.a(libc_a-mlock.o)
                              C:/ST/STM32CubeIDE_2.0.0/STM32CubeIDE/plugins/com.st.stm32cube.ide.mcu.externaltools.gnu-tools-for-stm32.13.3.rel1.win32_1.0.100.202509120712/tools/bin/../lib/gcc/arm-none-eabi/13.3.1/../../../../arm-none-eabi/lib/thumb/v7e-m+fp/hard\libc_nano.a(libc_a-mallocr.o) (__malloc_lock)
C:/ST/STM32CubeIDE_2.0.0/STM32CubeIDE/plugins/com.st.stm32cube.ide.mcu.externaltools.gnu-tools-for-stm32.13.3.rel1.win32_1.0.100.202509120712/tools/bin/../lib/gcc/arm-none-eabi/13.3.1/../../../../arm-none-eabi/lib/thumb/v7e-m+fp/hard\libc_nano.a(libc_a-findfp.o)
                              C:/ST/STM32CubeIDE_2.0.0/STM32CubeIDE/plugins/com.st.stm32cube.ide.mcu.externaltools.gnu-tools-for-stm32.13.3.rel1.win32_1.0.100.202509120712/tools/bin/../lib/gcc/arm-none-eabi/13.3.1/../../../../arm-none-eabi/lib/thumb/v7e-m+fp/hard\libc_nano.a(libc_a-exit.o) (__stdio_exit_handler)
C:/ST/STM32CubeIDE_2.0.0/STM32CubeIDE/plugins/com.st.stm32cube.ide.mcu.externaltools.gnu-tools-for-stm32.13.3.rel1.win32_1.0.100.202509120712/tools/bin/../lib/gcc/arm-none-eabi/13.3.1/../../../../arm-none-eabi/lib/thumb/v7e-m+fp/hard\libc_nano.a(libc_a-fwalk.o)
                              C:/ST/STM32CubeIDE_2.0.0/STM32CubeIDE/plugins/com.st.stm32cube.ide.mcu.externaltools.gnu-tools-for-stm32.13.3.rel1.win32_1.0.100.202509120712/tools/bin/../lib/gcc/arm-none-eabi/13.3.1/../../../../arm-none-eabi/lib/thumb/v7e-m+fp/hard\libc_nano.a(libc_a-findfp.o) (_fwalk_sglue)
C:/ST/STM32CubeIDE_2.0.0/STM32CubeIDE/plugins/com.st.stm32cube.ide.mcu.externaltools.gnu-tools-for-stm32.13.3.rel1.win32_1.0.100.202509120712/tools/bin/../lib/gcc/arm-none-eabi/13.3.1/../../../../arm-none-eabi/lib/thumb/v7e-m+fp/hard\libc_nano.a(libc_a-stdio.o)
                              C:/ST/STM32CubeIDE_2.0.0/STM32CubeIDE/plugins/com.st.stm32cube.ide.mcu.externaltools.gnu-tools-for-stm32.13.3.rel1.win32_1.0.100.202509120712/tools/bin/../lib/gcc/arm-none-eabi/13.3.1/../../../../arm-none-eabi/lib/thumb/v7e-m+fp/hard\libc_nano.a(libc_a-findfp.o) (__sread)
C:/ST/STM32CubeIDE_2.0.0/STM32CubeIDE/plugins/com.st.stm32cube.ide.mcu.externaltools.gnu-tools-for-stm32.13.3.rel1.win32_1.0.100.202509120712/tools/bin/../lib/gcc/arm-none-eabi/13.3.1/../../../../arm-none-eabi/lib/thumb/v7e-m+fp/hard\libc_nano.a(libc_a-memset.o)
                              C:/ST/STM32CubeIDE_2.0.0/STM32CubeIDE/plugins/com.st.stm32cube.ide.mcu.externaltools.gnu-tools-for-stm32.13.3.rel1.win32_1.0.100.202509120712/tools/bin/../lib/gcc/arm-none-eabi/13.3.1/../../../../arm-none-eabi/lib/thumb/v7e-m+fp/hard/crt0.o (memset)
C:/ST/STM32CubeIDE_2.0.0/STM32CubeIDE/plugins/com.st.stm32cube.ide.mcu.externaltools.gnu-tools-for-stm32.13.3.rel1.win32_1.0.100.202509120712/tools/bin/../lib/gcc/arm-none-eabi/13.3.1/../../../../arm-none-eabi/lib/thumb/v7e-m+fp/hard\libc_nano.a(libc_a-closer.o)
                              C:/ST/STM32CubeIDE_2.0.0/STM32CubeIDE/plugins/com.st.stm32cube.ide.mcu.externaltools.gnu-tools-for-stm32.13.3.rel1.win32_1.0.100.202509120712/tools/bin/../lib/gcc/arm-none-eabi/13.3.1/../../../../arm-none-eabi/lib/thumb/v7e-m+fp/hard\libc_nano.a(libc_a-stdio.o) (_close_r)
[...]
Memory Configuration

Name             Origin             Length             Attributes
CCMRAM           0x10000000         0x00010000         xrw
RAM              0x20000000         0x00030000         xrw
FLASH            0x08000000         0x00200000         xr
*default*        0x00000000         0xffffffff

Linker script and memory map

LOAD C:/ST/STM32CubeIDE_2.0.0/STM32CubeIDE/plugins/com.st.stm32cube.ide.mcu.externaltools.gnu-tools-for-stm32.13.3.rel1.win32_1.0.100.202509120712/tools/bin/../lib/gcc/arm-none-eabi/13.3.1/thumb/v7e-m+fp/hard/crti.o
LOAD C:/ST/STM32CubeIDE_2.0.0/STM32CubeIDE/plugins/com.st.stm32cube.ide.mcu.externaltools.gnu-tools-for-stm32.13.3.rel1.win32_1.0.100.202509120712/tools/bin/../lib/gcc/arm-none-eabi/13.3.1/thumb/v7e-m+fp/hard/crtbegin.o
LOAD C:/ST/STM32CubeIDE_2.0.0/STM32CubeIDE/plugins/com.st.stm32cube.ide.mcu.externaltools.gnu-tools-for-stm32.13.3.rel1.win32_1.0.100.202509120712/tools/bin/../lib/gcc/arm-none-eabi/13.3.1/../../../../arm-none-eabi/lib/thumb/v7e-m+fp/hard/crt0.o
LOAD ./Drivers/STM32F4xx_HAL_Driver/Src/stm32f4xx_hal.o
LOAD ./Drivers/STM32F4xx_HAL_Driver/Src/stm32f4xx_hal_cortex.o
LOAD ./Drivers/STM32F4xx_HAL_Driver/Src/stm32f4xx_hal_crc.o
LOAD ./Drivers/STM32F4xx_HAL_Driver/Src/stm32f4xx_hal_dma.o
LOAD ./Drivers/STM32F4xx_HAL_Driver/Src/stm32f4xx_hal_dma2d.o
LOAD ./Drivers/STM32F4xx_HAL_Driver/Src/stm32f4xx_hal_dma_ex.o
LOAD ./Drivers/STM32F4xx_HAL_Driver/Src/stm32f4xx_hal_dsi.o
LOAD ./Drivers/STM32F4xx_HAL_Driver/Src/stm32f4xx_hal_exti.o
LOAD ./Drivers/STM32F4xx_HAL_Driver/Src/stm32f4xx_hal_flash.o
LOAD ./Drivers/STM32F4xx_HAL_Driver/Src/stm32f4xx_hal_flash_ex.o
LOAD ./Drivers/STM32F4xx_HAL_Driver/Src/stm32f4xx_hal_flash_ramfunc.o
LOAD ./Drivers/STM32F4xx_HAL_Driver/Src/stm32f4xx_hal_gpio.o
LOAD ./Drivers/STM32F4xx_HAL_Driver/Src/stm32f4xx_hal_hcd.o
LOAD ./Drivers/STM32F4xx_HAL_Driver/Src/stm32f4xx_hal_i2c.o
LOAD ./Drivers/STM32F4xx_HAL_Driver/Src/stm32f4xx_hal_i2c_ex.o
LOAD ./Drivers/STM32F4xx_HAL_Driver/Src/stm32f4xx_hal_ltdc.o
LOAD ./Drivers/STM32F4xx_HAL_Driver/Src/stm32f4xx_hal_ltdc_ex.o
LOAD ./Drivers/STM32F4xx_HAL_Driver/Src/stm32f4xx_hal_nand.o
LOAD ./Drivers/STM32F4xx_HAL_Driver/Src/stm32f4xx_hal_nor.o
LOAD ./Drivers/STM32F4xx_HAL_Driver/Src/stm32f4xx_hal_pccard.o
LOAD ./Drivers/STM32F4xx_HAL_Driver/Src/stm32f4xx_hal_pwr.o
LOAD ./Drivers/STM32F4xx_HAL_Driver/Src/stm32f4xx_hal_pwr_ex.o
LOAD ./Drivers/STM32F4xx_HAL_Driver/Src/stm32f4xx_hal_rcc.o
LOAD ./Drivers/STM32F4xx_HAL_Driver/Src/stm32f4xx_hal_rcc_ex.o
LOAD ./Drivers/STM32F4xx_HAL_Driver/Src/stm32f4xx_hal_sdram.o
LOAD ./Drivers/STM32F4xx_HAL_Driver/Src/stm32f4xx_hal_spi.o
LOAD ./Drivers/STM32F4xx_HAL_Driver/Src/stm32f4xx_hal_sram.o
LOAD ./Drivers/STM32F4xx_HAL_Driver/Src/stm32f4xx_hal_tim.o
LOAD ./Drivers/STM32F4xx_HAL_Driver/Src/stm32f4xx_hal_tim_ex.o
LOAD ./Drivers/STM32F4xx_HAL_Driver/Src/stm32f4xx_hal_uart.o
LOAD ./Drivers/STM32F4xx_HAL_Driver/Src/stm32f4xx_ll_fmc.o
LOAD ./Drivers/STM32F4xx_HAL_Driver/Src/stm32f4xx_ll_usb.o
LOAD ./Middlewares/ST/STM32_USB_Host_Library/Class/CDC/Src/usbh_cdc.o
LOAD ./Middlewares/ST/STM32_USB_Host_Library/Core/Src/usbh_core.o
LOAD ./Middlewares/ST/STM32_USB_Host_Library/Core/Src/usbh_ctlreq.o
LOAD ./Middlewares/ST/STM32_USB_Host_Library/Core/Src/usbh_ioreq.o
LOAD ./Middlewares/ST/STM32_USB_Host_Library/Core/Src/usbh_pipes.o
LOAD ./Middlewares/Third_Party/FreeRTOS/Source/CMSIS_RTOS/cmsis_os.o
LOAD ./Middlewares/Third_Party/FreeRTOS/Source/croutine.o
LOAD ./Middlewares/Third_Party/FreeRTOS/Source/event_groups.o
LOAD ./Middlewares/Third_Party/FreeRTOS/Source/list.o
LOAD ./Middlewares/Third_Party/FreeRTOS/Source/queue.o
LOAD ./Middlewares/Third_Party/FreeRTOS/Source/stream_buffer.o
LOAD ./Middlewares/Third_Party/FreeRTOS/Source/tasks.o
LOAD ./Middlewares/Third_Party/FreeRTOS/Source/timers.o
LOAD ./Middlewares/Third_Party/FreeRTOS/Source/portable/GCC/ARM_CM4F/port.o
LOAD ./Middlewares/Third_Party/FreeRTOS/Source/portable/MemMang/heap_4.o
LOAD ./Src/crc.o
LOAD ./Src/dma2d.o
LOAD ./Src/fmc.o
LOAD ./Src/freertos.o
LOAD ./Src/gpio.o
LOAD ./Src/i2c.o
LOAD ./Src/ltdc.o
LOAD ./Src/main.o
LOAD ./Src/spi.o
LOAD ./Src/stm32f4xx_hal_msp.o
LOAD ./Src/stm32f4xx_hal_timebase_tim.o
LOAD ./Src/stm32f4xx_it.o
LOAD ./Src/syscalls.o
LOAD ./Src/sysmem.o
LOAD ./Src/system_stm32f4xx.o
LOAD ./Src/tim.o
LOAD ./Src/usart.o
LOAD ./Src/usb_host.o
LOAD ./Src/usbh_conf.o
LOAD ./Src/usbh_platform.o
LOAD ./Startup/startup_stm32f429zıtx.o
START GROUP
LOAD C:/ST/STM32CubeIDE_2.0.0/STM32CubeIDE/plugins/com.st.stm32cube.ide.mcu.externaltools.gnu-tools-for-stm32.13.3.rel1.win32_1.0.100.202509120712/tools/bin/../lib/gcc/arm-none-eabi/13.3.1/../../../../arm-none-eabi/lib/thumb/v7e-m+fp/hard\libc_nano.a
LOAD C:/ST/STM32CubeIDE_2.0.0/STM32CubeIDE/plugins/com.st.stm32cube.ide.mcu.externaltools.gnu-tools-for-stm32.13.3.rel1.win32_1.0.100.202509120712/tools/bin/../lib/gcc/arm-none-eabi/13.3.1/../../../../arm-none-eabi/lib/thumb/v7e-m+fp/hard\libm.a
END GROUP
START GROUP
LOAD C:/ST/STM32CubeIDE_2.0.0/STM32CubeIDE/plugins/com.st.stm32cube.ide.mcu.externaltools.gnu-tools-for-stm32.13.3.rel1.win32_1.0.100.202509120712/tools/bin/../lib/gcc/arm-none-eabi/13.3.1/thumb/v7e-m+fp/hard\libgcc.a
LOAD C:/ST/STM32CubeIDE_2.0.0/STM32CubeIDE/plugins/com.st.stm32cube.ide.mcu.externaltools.gnu-tools-for-stm32.13.3.rel1.win32_1.0.100.202509120712/tools/bin/../lib/gcc/arm-none-eabi/13.3.1/../../../../arm-none-eabi/lib/thumb/v7e-m+fp/hard\libc_nano.a
END GROUP
START GROUP
LOAD C:/ST/STM32CubeIDE_2.0.0/STM32CubeIDE/plugins/com.st.stm32cube.ide.mcu.externaltools.gnu-tools-for-stm32.13.3.rel1.win32_1.0.100.202509120712/tools/bin/../lib/gcc/arm-none-eabi/13.3.1/thumb/v7e-m+fp/hard\libgcc.a
LOAD C:/ST/STM32CubeIDE_2.0.0/STM32CubeIDE/plugins/com.st.stm32cube.ide.mcu.externaltools.gnu-tools-for-stm32.13.3.rel1.win32_1.0.100.202509120712/tools/bin/../lib/gcc/arm-none-eabi/13.3.1/../../../../arm-none-eabi/lib/thumb/v7e-m+fp/hard\libc_nano.a
LOAD C:/ST/STM32CubeIDE_2.0.0/STM32CubeIDE/plugins/com.st.stm32cube.ide.mcu.externaltools.gnu-tools-for-stm32.13.3.rel1.win32_1.0.100.202509120712/tools/bin/../lib/gcc/arm-none-eabi/13.3.1/../../../../arm-none-eabi/lib/thumb/v7e-m+fp/hard\libnosys.a
END GROUP
START GROUP
LOAD C:/ST/STM32CubeIDE_2.0.0/STM32CubeIDE/plugins/com.st.stm32cube.ide.mcu.externaltools.gnu-tools-for-stm32.13.3.rel1.win32_1.0.100.202509120712/tools/bin/../lib/gcc/arm-none-eabi/13.3.1/thumb/v7e-m+fp/hard\libgcc.a
LOAD C:/ST/STM32CubeIDE_2.0.0/STM32CubeIDE/plugins/com.st.stm32cube.ide.mcu.externaltools.gnu-tools-for-stm32.13.3.rel1.win32_1.0.100.202509120712/tools/bin/../lib/gcc/arm-none-eabi/13.3.1/../../../../arm-none-eabi/lib/thumb/v7e-m+fp/hard\libc_nano.a
LOAD C:/ST/STM32CubeIDE_2.0.0/STM32CubeIDE/plugins/com.st.stm32cube.ide.mcu.externaltools.gnu-tools-for-stm32.13.3.rel1.win32_1.0.100.202509120712/tools/bin/../lib/gcc/arm-none-eabi/13.3.1/../../../../arm-none-eabi/lib/thumb/v7e-m+fp/hard\libnosys.a
END GROUP
LOAD C:/ST/STM32CubeIDE_2.0.0/STM32CubeIDE/plugins/com.st.stm32cube.ide.mcu.externaltools.gnu-tools-for-stm32.13.3.rel1.win32_1.0.100.202509120712/tools/bin/../lib/gcc/arm-none-eabi/13.3.1/thumb/v7e-m+fp/hard/crtend.o
LOAD C:/ST/STM32CubeIDE_2.0.0/STM32CubeIDE/plugins/com.st.stm32cube.ide.mcu.externaltools.gnu-tools-for-stm32.13.3.rel1.win32_1.0.100.202509120712/tools/bin/../lib/gcc/arm-none-eabi/13.3.1/thumb/v7e-m+fp/hard/crtn.o
                0x20030000                        _estack = (ORIGIN (RAM) + LENGTH (RAM))
                0x00000200                        _Min_Heap_Size = 0x200
                0x00000400                        _Min_Stack_Size = 0x400

.isr_vector     0x08000000      0x1ac
                0x08000000                        . = ALIGN (0x4)
 *(.isr_vector)
 .isr_vector    0x08000000      0x1ac ./Startup/startup_stm32f429zıtx.o
                0x08000000                g_pfnVectors
                0x080001ac                        . = ALIGN (0x4)

.text           0x080001b0     0xd994
                0x080001b0                        . = ALIGN (0x4)
 *(.text)
 .text          0x080001b0       0x40 C:/ST/STM32CubeIDE_2.0.0/STM32CubeIDE/plugins/com.st.stm32cube.ide.mcu.externaltools.gnu-tools-for-stm32.13.3.rel1.win32_1.0.100.202509120712/tools/bin/../lib/gcc/arm-none-eabi/13.3.1/thumb/v7e-m+fp/hard/crtbegin.o
 .text          0x080001f0       0x30 C:/ST/STM32CubeIDE_2.0.0/STM32CubeIDE/plugins/com.st.stm32cube.ide.mcu.externaltools.gnu-tools-for-stm32.13.3.rel1.win32_1.0.100.202509120712/tools/bin/../lib/gcc/arm-none-eabi/13.3.1/thumb/v7e-m+fp/hard\libgcc.a(_aeabi_uldivmod.o)
                0x080001f0                __aeabi_uldivmod
 .text          0x08000220      0x2f8 C:/ST/STM32CubeIDE_2.0.0/STM32CubeIDE/plugins/com.st.stm32cube.ide.mcu.externaltools.gnu-tools-for-stm32.13.3.rel1.win32_1.0.100.202509120712/tools/bin/../lib/gcc/arm-none-eabi/13.3.1/thumb/v7e-m+fp/hard\libgcc.a(_udivmoddi4.o)
                0x08000220                __udivmoddi4
 .text          0x08000518        0x4 C:/ST/STM32CubeIDE_2.0.0/STM32CubeIDE/plugins/com.st.stm32cube.ide.mcu.externaltools.gnu-tools-for-stm32.13.3.rel1.win32_1.0.100.202509120712/tools/bin/../lib/gcc/arm-none-eabi/13.3.1/thumb/v7e-m+fp/hard\libgcc.a(_dvmd_tls.o)
                0x08000518                __aeabi_idiv0
                0x08000518                __aeabi_ldiv0
 *(.text*)
 .text.HAL_Init
                0x0800051c       0x44 ./Drivers/STM32F4xx_HAL_Driver/Src/stm32f4xx_hal.o
                0x0800051c                HAL_Init
 .text.HAL_IncTick
                0x08000560       0x28 ./Drivers/STM32F4xx_HAL_Driver/Src/stm32f4xx_hal.o
                0x08000560                HAL_IncTick
 .text.HAL_GetTick
                0x08000588       0x18 ./Drivers/STM32F4xx_HAL_Driver/Src/stm32f4xx_hal.o
                0x08000588                HAL_GetTick
 .text.HAL_Delay
                0x080005a0       0x48 ./Drivers/STM32F4xx_HAL_Driver/Src/stm32f4xx_hal.o
                0x080005a0                HAL_Delay
 .text.__NVIC_SetPriorityGrouping
                0x080005e8       0x48 ./Drivers/STM32F4xx_HAL_Driver/Src/stm32f4xx_hal_cortex.o
 .text.__NVIC_GetPriorityGrouping
                0x08000630       0x1c ./Drivers/STM32F4xx_HAL_Driver/Src/stm32f4xx_hal_cortex.o
 .text.__NVIC_EnableIRQ
                0x0800064c       0x3c ./Drivers/STM32F4xx_HAL_Driver/Src/stm32f4xx_hal_cortex.o
 .text.__NVIC_SetPriority
                0x08000688       0x54 ./Drivers/STM32F4xx_HAL_Driver/Src/stm32f4xx_hal_cortex.o
 .text.NVIC_EncodePriority
                0x080006dc       0x66 ./Drivers/STM32F4xx_HAL_Driver/Src/stm32f4xx_hal_cortex.o
 .text.HAL_NVIC_SetPriorityGrouping
                0x08000742       0x16 ./Drivers/STM32F4xx_HAL_Driver/Src/stm32f4xx_hal_cortex.o
                0x08000742                HAL_NVIC_SetPriorityGrouping
 .text.HAL_NVIC_SetPriority
                0x08000758       0x38 ./Drivers/STM32F4xx_HAL_Driver/Src/stm32f4xx_hal_cortex.o
                0x08000758                HAL_NVIC_SetPriority
 .text.HAL_NVIC_EnableIRQ
                0x08000790       0x1c ./Drivers/STM32F4xx_HAL_Driver/Src/stm32f4xx_hal_cortex.o
                0x08000790                HAL_NVIC_EnableIRQ
 .text.HAL_CRC_Init
                0x080007ac       0x38 ./Drivers/STM32F4xx_HAL_Driver/Src/stm32f4xx_hal_crc.o
                0x080007ac                HAL_CRC_Init
 .text.HAL_DMA2D_Init
                0x080007e4       0x92 ./Drivers/STM32F4xx_HAL_Driver/Src/stm32f4xx_hal_dma2d.o
                0x080007e4                HAL_DMA2D_Init
 .text.HAL_DMA2D_IRQHandler
                0x08000876      0x1f8 ./Drivers/STM32F4xx_HAL_Driver/Src/stm32f4xx_hal_dma2d.o
                0x08000876                HAL_DMA2D_IRQHandler
 .text.HAL_DMA2D_LineEventCallback
                0x08000a6e       0x14 ./Drivers/STM32F4xx_HAL_Driver/Src/stm32f4xx_hal_dma2d.o
                0x08000a6e                HAL_DMA2D_LineEventCallback
 .text.HAL_DMA2D_CLUTLoadingCpltCallback
                0x08000a82       0x14 ./Drivers/STM32F4xx_HAL_Driver/Src/stm32f4xx_hal_dma2d.o
                0x08000a82                HAL_DMA2D_CLUTLoadingCpltCallback
 *fill*         0x08000a96        0x2 
 .text.HAL_DMA2D_ConfigLayer
                0x08000a98      0x124 ./Drivers/STM32F4xx_HAL_Driver/Src/stm32f4xx_hal_dma2d.o
                0x08000a98                HAL_DMA2D_ConfigLayer
 .text.HAL_GPIO_Init
                0x08000bbc      0x358 ./Drivers/STM32F4xx_HAL_Driver/Src/stm32f4xx_hal_gpio.o
                0x08000bbc                HAL_GPIO_Init
 .text.HAL_GPIO_WritePin
                0x08000f14       0x32 ./Drivers/STM32F4xx_HAL_Driver/Src/stm32f4xx_hal_gpio.o
                0x08000f14                HAL_GPIO_WritePin
 .text.HAL_HCD_Init
                0x08000f46       0xce ./Drivers/STM32F4xx_HAL_Driver/Src/stm32f4xx_hal_hcd.o
                0x08000f46                HAL_HCD_Init
 .text.HAL_HCD_HC_Init
                0x08001014      0x170 ./Drivers/STM32F4xx_HAL_Driver/Src/stm32f4xx_hal_hcd.o
                0x08001014                HAL_HCD_HC_Init
 .text.HAL_HCD_HC_SubmitRequest
                0x08001184      0x33c ./Drivers/STM32F4xx_HAL_Driver/Src/stm32f4xx_hal_hcd.o
                0x08001184                HAL_HCD_HC_SubmitRequest
 .text.HAL_HCD_IRQHandler
                0x080014c0      0x220 ./Drivers/STM32F4xx_HAL_Driver/Src/stm32f4xx_hal_hcd.o
                0x080014c0                HAL_HCD_IRQHandler
 .text.HAL_HCD_Start
                0x080016e0       0x46 ./Drivers/STM32F4xx_HAL_Driver/Src/stm32f4xx_hal_hcd.o
                0x080016e0                HAL_HCD_Start
 .text.HAL_HCD_Stop
                0x08001726       0x3a ./Drivers/STM32F4xx_HAL_Driver/Src/stm32f4xx_hal_hcd.o
                0x08001726                HAL_HCD_Stop
 .text.HAL_HCD_ResetPort
                0x08001760       0x1c ./Drivers/STM32F4xx_HAL_Driver/Src/stm32f4xx_hal_hcd.o
                0x08001760                HAL_HCD_ResetPort
 .text.HAL_HCD_HC_GetURBState
                0x0800177c       0x2a ./Drivers/STM32F4xx_HAL_Driver/Src/stm32f4xx_hal_hcd.o
                0x0800177c                HAL_HCD_HC_GetURBState
 .text.HAL_HCD_HC_GetXferCount
                0x080017a6       0x2a ./Drivers/STM32F4xx_HAL_Driver/Src/stm32f4xx_hal_hcd.o
                0x080017a6                HAL_HCD_HC_GetXferCount
 .text.HAL_HCD_GetCurrentFrame
                0x080017d0       0x1c ./Drivers/STM32F4xx_HAL_Driver/Src/stm32f4xx_hal_hcd.o
                0x080017d0                HAL_HCD_GetCurrentFrame
 .text.HAL_HCD_GetCurrentSpeed
                0x080017ec       0x1c ./Drivers/STM32F4xx_HAL_Driver/Src/stm32f4xx_hal_hcd.o
                0x080017ec                HAL_HCD_GetCurrentSpeed
 .text.HAL_HCD_HC_ClearHubInfo
                0x08001808       0x6a ./Drivers/STM32F4xx_HAL_Driver/Src/stm32f4xx_hal_hcd.o
                0x08001808                HAL_HCD_HC_ClearHubInfo
 .text.HCD_HC_IN_IRQHandler
                0x08001872      0xcd2 ./Drivers/STM32F4xx_HAL_Driver/Src/stm32f4xx_hal_hcd.o
 .text.HCD_HC_OUT_IRQHandler
                0x08002544      0x97e ./Drivers/STM32F4xx_HAL_Driver/Src/stm32f4xx_hal_hcd.o
 .text.HCD_RXQLVL_IRQHandler
                0x08002ec2      0x1be ./Drivers/STM32F4xx_HAL_Driver/Src/stm32f4xx_hal_hcd.o
 .text.HCD_Port_IRQHandler
                0x08003080       0xe6 ./Drivers/STM32F4xx_HAL_Driver/Src/stm32f4xx_hal_hcd.o
 *fill*         0x08003166        0x2 
 .text.HAL_I2C_Init
                0x08003168      0x288 ./Drivers/STM32F4xx_HAL_Driver/Src/stm32f4xx_hal_i2c.o
                0x08003168                HAL_I2C_Init
 .text.HAL_I2CEx_ConfigAnalogFilter
                0x080033f0       0x78 ./Drivers/STM32F4xx_HAL_Driver/Src/stm32f4xx_hal_i2c_ex.o
                0x080033f0                HAL_I2CEx_ConfigAnalogFilter
 .text.HAL_I2CEx_ConfigDigitalFilter
                0x08003468       0x7e ./Drivers/STM32F4xx_HAL_Driver/Src/stm32f4xx_hal_i2c_ex.o
                0x08003468                HAL_I2CEx_ConfigDigitalFilter
 .text.HAL_LTDC_Init
                0x080034e6      0x13a ./Drivers/STM32F4xx_HAL_Driver/Src/stm32f4xx_hal_ltdc.o
                0x080034e6                HAL_LTDC_Init
 .text.HAL_LTDC_IRQHandler
                0x08003620      0x148 ./Drivers/STM32F4xx_HAL_Driver/Src/stm32f4xx_hal_ltdc.o
                0x08003620                HAL_LTDC_IRQHandler
 .text.HAL_LTDC_ErrorCallback
                0x08003768       0x14 ./Drivers/STM32F4xx_HAL_Driver/Src/stm32f4xx_hal_ltdc.o
                0x08003768                HAL_LTDC_ErrorCallback
 .text.HAL_LTDC_LineEventCallback
                0x0800377c       0x14 ./Drivers/STM32F4xx_HAL_Driver/Src/stm32f4xx_hal_ltdc.o
                0x0800377c                HAL_LTDC_LineEventCallback
 .text.HAL_LTDC_ReloadEventCallback
                0x08003790       0x14 ./Drivers/STM32F4xx_HAL_Driver/Src/stm32f4xx_hal_ltdc.o
                0x08003790                HAL_LTDC_ReloadEventCallback
 .text.HAL_LTDC_ConfigLayer
                0x080037a4       0x7c ./Drivers/STM32F4xx_HAL_Driver/Src/stm32f4xx_hal_ltdc.o
                0x080037a4                HAL_LTDC_ConfigLayer
 .text.LTDC_SetConfig
                0x08003820      0x2e6 ./Drivers/STM32F4xx_HAL_Driver/Src/stm32f4xx_hal_ltdc.o
 *fill*         0x08003b06        0x2 
 .text.HAL_RCC_OscConfig
                0x08003b08      0x4f0 ./Drivers/STM32F4xx_HAL_Driver/Src/stm32f4xx_hal_rcc.o
                0x08003b08                HAL_RCC_OscConfig
 .text.HAL_RCC_ClockConfig
                0x08003ff8      0x1cc ./Drivers/STM32F4xx_HAL_Driver/Src/stm32f4xx_hal_rcc.o
                0x08003ff8                HAL_RCC_ClockConfig
 .text.HAL_RCC_GetSysClockFreq
                0x080041c4      0x20c ./Drivers/STM32F4xx_HAL_Driver/Src/stm32f4xx_hal_rcc.o
                0x080041c4                HAL_RCC_GetSysClockFreq
 .text.HAL_RCC_GetHCLKFreq
                0x080043d0       0x18 ./Drivers/STM32F4xx_HAL_Driver/Src/stm32f4xx_hal_rcc.o
                0x080043d0                HAL_RCC_GetHCLKFreq
 .text.HAL_RCC_GetPCLK1Freq
                0x080043e8       0x28 ./Drivers/STM32F4xx_HAL_Driver/Src/stm32f4xx_hal_rcc.o
                0x080043e8                HAL_RCC_GetPCLK1Freq
 .text.HAL_RCC_GetPCLK2Freq
                0x08004410       0x28 ./Drivers/STM32F4xx_HAL_Driver/Src/stm32f4xx_hal_rcc.o
                0x08004410                HAL_RCC_GetPCLK2Freq
 .text.HAL_RCC_GetClockConfig
                0x08004438       0x64 ./Drivers/STM32F4xx_HAL_Driver/Src/stm32f4xx_hal_rcc.o
                0x08004438                HAL_RCC_GetClockConfig
 .text.HAL_RCCEx_PeriphCLKConfig
                0x0800449c      0x380 ./Drivers/STM32F4xx_HAL_Driver/Src/stm32f4xx_hal_rcc_ex.o
                0x0800449c                HAL_RCCEx_PeriphCLKConfig
 .text.HAL_SDRAM_Init
                0x0800481c       0x68 ./Drivers/STM32F4xx_HAL_Driver/Src/stm32f4xx_hal_sdram.o
                0x0800481c                HAL_SDRAM_Init
 .text.HAL_SPI_Init
                0x08004884      0x112 ./Drivers/STM32F4xx_HAL_Driver/Src/stm32f4xx_hal_spi.o
                0x08004884                HAL_SPI_Init
 .text.HAL_SPI_Transmit
                0x08004996      0x288 ./Drivers/STM32F4xx_HAL_Driver/Src/stm32f4xx_hal_spi.o
                0x08004996                HAL_SPI_Transmit
 .text.HAL_SPI_Receive
                0x08004c1e      0x232 ./Drivers/STM32F4xx_HAL_Driver/Src/stm32f4xx_hal_spi.o
                0x08004c1e                HAL_SPI_Receive
 .text.HAL_SPI_TransmitReceive
                0x08004e50      0x352 ./Drivers/STM32F4xx_HAL_Driver/Src/stm32f4xx_hal_spi.o
                0x08004e50                HAL_SPI_TransmitReceive
 *fill*         0x080051a2        0x2 
 .text.SPI_WaitFlagStateUntilTimeout
                0x080051a4      0x110 ./Drivers/STM32F4xx_HAL_Driver/Src/stm32f4xx_hal_spi.o
 .text.SPI_EndRxTransaction
                0x080052b4       0xca ./Drivers/STM32F4xx_HAL_Driver/Src/stm32f4xx_hal_spi.o
 *fill*         0x0800537e        0x2 
 .text.SPI_EndRxTxTransaction
                0x08005380       0xa8 ./Drivers/STM32F4xx_HAL_Driver/Src/stm32f4xx_hal_spi.o
 .text.HAL_TIM_Base_Init
                0x08005428       0x9e ./Drivers/STM32F4xx_HAL_Driver/Src/stm32f4xx_hal_tim.o
                0x08005428                HAL_TIM_Base_Init
 *fill*         0x080054c6        0x2 
 .text.HAL_TIM_Base_Start_IT
                0x080054c8       0xe0 ./Drivers/STM32F4xx_HAL_Driver/Src/stm32f4xx_hal_tim.o
                0x080054c8                HAL_TIM_Base_Start_IT
 .text.HAL_TIM_IRQHandler
                0x080055a8      0x1e0 ./Drivers/STM32F4xx_HAL_Driver/Src/stm32f4xx_hal_tim.o
                0x080055a8                HAL_TIM_IRQHandler
 .text.HAL_TIM_ConfigClockSource
                0x08005788      0x18e ./Drivers/STM32F4xx_HAL_Driver/Src/stm32f4xx_hal_tim.o
                0x08005788                HAL_TIM_ConfigClockSource
 .text.HAL_TIM_OC_DelayElapsedCallback
                0x08005916       0x14 ./Drivers/STM32F4xx_HAL_Driver/Src/stm32f4xx_hal_tim.o
                0x08005916                HAL_TIM_OC_DelayElapsedCallback
 .text.HAL_TIM_IC_CaptureCallback
                0x0800592a       0x14 ./Drivers/STM32F4xx_HAL_Driver/Src/stm32f4xx_hal_tim.o
                0x0800592a                HAL_TIM_IC_CaptureCallback
 .text.HAL_TIM_PWM_PulseFinishedCallback
                0x0800593e       0x14 ./Drivers/STM32F4xx_HAL_Driver/Src/stm32f4xx_hal_tim.o
                0x0800593e                HAL_TIM_PWM_PulseFinishedCallback
 .text.HAL_TIM_TriggerCallback
                0x08005952       0x14 ./Drivers/STM32F4xx_HAL_Driver/Src/stm32f4xx_hal_tim.o
                0x08005952                HAL_TIM_TriggerCallback
 *fill*         0x08005966        0x2 
 .text.TIM_Base_SetConfig
                0x08005968      0x14c ./Drivers/STM32F4xx_HAL_Driver/Src/stm32f4xx_hal_tim.o
                0x08005968                TIM_Base_SetConfig
 .text.TIM_TI1_ConfigInputStage
                0x08005ab4       0x5e ./Drivers/STM32F4xx_HAL_Driver/Src/stm32f4xx_hal_tim.o
 .text.TIM_TI2_ConfigInputStage
                0x08005b12       0x60 ./Drivers/STM32F4xx_HAL_Driver/Src/stm32f4xx_hal_tim.o
 .text.TIM_ITRx_SetConfig
                0x08005b72       0x36 ./Drivers/STM32F4xx_HAL_Driver/Src/stm32f4xx_hal_tim.o
 .text.TIM_ETR_SetConfig
                0x08005ba8       0x40 ./Drivers/STM32F4xx_HAL_Driver/Src/stm32f4xx_hal_tim.o
                0x08005ba8                TIM_ETR_SetConfig
 .text.HAL_TIMEx_MasterConfigSynchronization
                0x08005be8       0xf8 ./Drivers/STM32F4xx_HAL_Driver/Src/stm32f4xx_hal_tim_ex.o
                0x08005be8                HAL_TIMEx_MasterConfigSynchronization
 .text.HAL_TIMEx_CommutCallback
                0x08005ce0       0x14 ./Drivers/STM32F4xx_HAL_Driver/Src/stm32f4xx_hal_tim_ex.o
                0x08005ce0                HAL_TIMEx_CommutCallback
 .text.HAL_TIMEx_BreakCallback
                0x08005cf4       0x14 ./Drivers/STM32F4xx_HAL_Driver/Src/stm32f4xx_hal_tim_ex.o
                0x08005cf4                HAL_TIMEx_BreakCallback
 .text.HAL_UART_Init
                0x08005d08       0xa0 ./Drivers/STM32F4xx_HAL_Driver/Src/stm32f4xx_hal_uart.o
                0x08005d08                HAL_UART_Init
 .text.UART_SetConfig
                0x08005da8      0x4e8 ./Drivers/STM32F4xx_HAL_Driver/Src/stm32f4xx_hal_uart.o
 .text.FMC_SDRAM_Init
                0x08006290       0xba ./Drivers/STM32F4xx_HAL_Driver/Src/stm32f4xx_ll_fmc.o
                0x08006290                FMC_SDRAM_Init
 .text.FMC_SDRAM_Timing_Init
                0x0800634a       0xd2 ./Drivers/STM32F4xx_HAL_Driver/Src/stm32f4xx_ll_fmc.o
                0x0800634a                FMC_SDRAM_Timing_Init
 .text.USB_CoreInit
                0x0800641c       0xc8 ./Drivers/STM32F4xx_HAL_Driver/Src/stm32f4xx_ll_usb.o
                0x0800641c                USB_CoreInit
 .text.USB_EnableGlobalInt
                0x080064e4       0x22 ./Drivers/STM32F4xx_HAL_Driver/Src/stm32f4xx_ll_usb.o
                0x080064e4                USB_EnableGlobalInt
 .text.USB_DisableGlobalInt
                0x08006506       0x22 ./Drivers/STM32F4xx_HAL_Driver/Src/stm32f4xx_ll_usb.o
                0x08006506                USB_DisableGlobalInt
 .text.USB_SetCurrentMode
                0x08006528       0x98 ./Drivers/STM32F4xx_HAL_Driver/Src/stm32f4xx_ll_usb.o
                0x08006528                USB_SetCurrentMode
 .text.USB_FlushTxFifo
                0x080065c0       0x64 ./Drivers/STM32F4xx_HAL_Driver/Src/stm32f4xx_ll_usb.o
                0x080065c0                USB_FlushTxFifo
 .text.USB_FlushRxFifo
                0x08006624       0x5c ./Drivers/STM32F4xx_HAL_Driver/Src/stm32f4xx_ll_usb.o
                0x08006624                USB_FlushRxFifo
 .text.USB_WritePacket
                0x08006680       0x7c ./Drivers/STM32F4xx_HAL_Driver/Src/stm32f4xx_ll_usb.o
                0x08006680                USB_WritePacket
 .text.USB_ReadPacket
                0x080066fc       0xb0 ./Drivers/STM32F4xx_HAL_Driver/Src/stm32f4xx_ll_usb.o
                0x080066fc                USB_ReadPacket
 .text.USB_ReadInterrupts
                0x080067ac       0x26 ./Drivers/STM32F4xx_HAL_Driver/Src/stm32f4xx_ll_usb.o
                0x080067ac                USB_ReadInterrupts
 .text.USB_ReadChInterrupts
                0x080067d2       0x42 ./Drivers/STM32F4xx_HAL_Driver/Src/stm32f4xx_ll_usb.o
                0x080067d2                USB_ReadChInterrupts
 .text.USB_GetMode
                0x08006814       0x1c ./Drivers/STM32F4xx_HAL_Driver/Src/stm32f4xx_ll_usb.o
                0x08006814                USB_GetMode
 .text.USB_CoreReset
                0x08006830       0x70 ./Drivers/STM32F4xx_HAL_Driver/Src/stm32f4xx_ll_usb.o
 .text.USB_HostInit
                0x080068a0      0x188 ./Drivers/STM32F4xx_HAL_Driver/Src/stm32f4xx_ll_usb.o
                0x080068a0                USB_HostInit
 .text.USB_InitFSLSPClkSel
                0x08006a28       0x7a ./Drivers/STM32F4xx_HAL_Driver/Src/stm32f4xx_ll_usb.o
                0x08006a28                USB_InitFSLSPClkSel
 .text.USB_ResetPort
                0x08006aa2       0x54 ./Drivers/STM32F4xx_HAL_Driver/Src/stm32f4xx_ll_usb.o
                0x08006aa2                USB_ResetPort
 .text.USB_DriveVbus
                0x08006af6       0x72 ./Drivers/STM32F4xx_HAL_Driver/Src/stm32f4xx_ll_usb.o
                0x08006af6                USB_DriveVbus
 .text.USB_GetHostSpeed
                0x08006b68       0x2e ./Drivers/STM32F4xx_HAL_Driver/Src/stm32f4xx_ll_usb.o
                0x08006b68                USB_GetHostSpeed
 .text.USB_GetCurrentFrame
                0x08006b96       0x22 ./Drivers/STM32F4xx_HAL_Driver/Src/stm32f4xx_ll_usb.o
                0x08006b96                USB_GetCurrentFrame
 .text.USB_HC_Init
                0x08006bb8      0x258 ./Drivers/STM32F4xx_HAL_Driver/Src/stm32f4xx_ll_usb.o
                0x08006bb8                USB_HC_Init
 .text.USB_HC_StartXfer
                0x08006e10      0x4f4 ./Drivers/STM32F4xx_HAL_Driver/Src/stm32f4xx_ll_usb.o
                0x08006e10                USB_HC_StartXfer
 .text.USB_HC_ReadInterrupt
                0x08007304       0x22 ./Drivers/STM32F4xx_HAL_Driver/Src/stm32f4xx_ll_usb.o
                0x08007304                USB_HC_ReadInterrupt
 .text.USB_HC_Halt
                0x08007326      0x240 ./Drivers/STM32F4xx_HAL_Driver/Src/stm32f4xx_ll_usb.o
                0x08007326                USB_HC_Halt
 *fill*         0x08007566        0x2 
 .text.USB_DoPing
                0x08007568       0x78 ./Drivers/STM32F4xx_HAL_Driver/Src/stm32f4xx_ll_usb.o
                0x08007568                USB_DoPing
 .text.USB_StopHost
                0x080075e0      0x124 ./Drivers/STM32F4xx_HAL_Driver/Src/stm32f4xx_ll_usb.o
                0x080075e0                USB_StopHost
 .text.USBH_CDC_InterfaceInit
                0x08007704      0x2ac ./Middlewares/ST/STM32_USB_Host_Library/Class/CDC/Src/usbh_cdc.o
 .text.USBH_CDC_InterfaceDeInit
                0x080079b0       0xb2 ./Middlewares/ST/STM32_USB_Host_Library/Class/CDC/Src/usbh_cdc.o
 .text.USBH_CDC_ClassRequest
                0x08007a62       0x3e ./Middlewares/ST/STM32_USB_Host_Library/Class/CDC/Src/usbh_cdc.o
 .text.USBH_CDC_Process
                0x08007aa0      0x12c ./Middlewares/ST/STM32_USB_Host_Library/Class/CDC/Src/usbh_cdc.o
 .text.USBH_CDC_SOFProcess
                0x08007bcc       0x16 ./Middlewares/ST/STM32_USB_Host_Library/Class/CDC/Src/usbh_cdc.o
 .text.GetLineCoding
                0x08007be2       0x3e ./Middlewares/ST/STM32_USB_Host_Library/Class/CDC/Src/usbh_cdc.o
 .text.SetLineCoding
                0x08007c20       0x3e ./Middlewares/ST/STM32_USB_Host_Library/Class/CDC/Src/usbh_cdc.o
 .text.CDC_ProcessTransmission
                0x08007c5e      0x104 ./Middlewares/ST/STM32_USB_Host_Library/Class/CDC/Src/usbh_cdc.o
 .text.CDC_ProcessReception
                0x08007d62       0xc2 ./Middlewares/ST/STM32_USB_Host_Library/Class/CDC/Src/usbh_cdc.o
 .text.USBH_CDC_TransmitCallback
                0x08007e24       0x14 ./Middlewares/ST/STM32_USB_Host_Library/Class/CDC/Src/usbh_cdc.o
                0x08007e24                USBH_CDC_TransmitCallback
 .text.USBH_CDC_ReceiveCallback
                0x08007e38       0x14 ./Middlewares/ST/STM32_USB_Host_Library/Class/CDC/Src/usbh_cdc.o
                0x08007e38                USBH_CDC_ReceiveCallback
 .text.USBH_CDC_LineCodingChanged
                0x08007e4c       0x14 ./Middlewares/ST/STM32_USB_Host_Library/Class/CDC/Src/usbh_cdc.o
                0x08007e4c                USBH_CDC_LineCodingChanged
 .text.USBH_Init
                0x08007e60       0xc4 ./Middlewares/ST/STM32_USB_Host_Library/Core/Src/usbh_core.o
                0x08007e60                USBH_Init
 .text.DeInitStateMachine
                0x08007f24       0xe2 ./Middlewares/ST/STM32_USB_Host_Library/Core/Src/usbh_core.o
 .text.USBH_RegisterClass
                0x08008006       0x54 ./Middlewares/ST/STM32_USB_Host_Library/Core/Src/usbh_core.o
                0x08008006                USBH_RegisterClass
 .text.USBH_SelectInterface
                0x0800805a       0x38 ./Middlewares/ST/STM32_USB_Host_Library/Core/Src/usbh_core.o
                0x0800805a                USBH_SelectInterface
 .text.USBH_FindInterface
                0x08008092       0x8c ./Middlewares/ST/STM32_USB_Host_Library/Core/Src/usbh_core.o
                0x08008092                USBH_FindInterface
 .text.USBH_Start
                0x0800811e       0x20 ./Middlewares/ST/STM32_USB_Host_Library/Core/Src/usbh_core.o
                0x0800811e                USBH_Start
 *fill*         0x0800813e        0x2 
 .text.USBH_Process
                0x08008140      0x434 ./Middlewares/ST/STM32_USB_Host_Library/Core/Src/usbh_core.o
                0x08008140                USBH_Process
 .text.USBH_HandleEnum
                0x08008574      0x3fc ./Middlewares/ST/STM32_USB_Host_Library/Core/Src/usbh_core.o
 .text.USBH_LL_SetTimer
                0x08008970       0x1e ./Middlewares/ST/STM32_USB_Host_Library/Core/Src/usbh_core.o
                0x08008970                USBH_LL_SetTimer
 .text.USBH_LL_IncTimer
                0x0800898e       0x24 ./Middlewares/ST/STM32_USB_Host_Library/Core/Src/usbh_core.o
                0x0800898e                USBH_LL_IncTimer
 .text.USBH_HandleSof
                0x080089b2       0x30 ./Middlewares/ST/STM32_USB_Host_Library/Core/Src/usbh_core.o
 .text.USBH_LL_PortEnabled
                0x080089e2       0x24 ./Middlewares/ST/STM32_USB_Host_Library/Core/Src/usbh_core.o
                0x080089e2                USBH_LL_PortEnabled
 .text.USBH_LL_PortDisabled
                0x08008a06       0x24 ./Middlewares/ST/STM32_USB_Host_Library/Core/Src/usbh_core.o
                0x08008a06                USBH_LL_PortDisabled
 .text.USBH_LL_Connect
                0x08008a2a       0x36 ./Middlewares/ST/STM32_USB_Host_Library/Core/Src/usbh_core.o
                0x08008a2a                USBH_LL_Connect
 .text.USBH_LL_Disconnect
                0x08008a60       0x54 ./Middlewares/ST/STM32_USB_Host_Library/Core/Src/usbh_core.o
                0x08008a60                USBH_LL_Disconnect
 .text.USBH_OS_PutMessage
                0x08008ab4       0x4e ./Middlewares/ST/STM32_USB_Host_Library/Core/Src/usbh_core.o
                0x08008ab4                USBH_OS_PutMessage
 .text.USBH_Process_OS
                0x08008b02       0x2a ./Middlewares/ST/STM32_USB_Host_Library/Core/Src/usbh_core.o
 .text.USBH_LL_NotifyURBChange
                0x08008b2c       0x1e ./Middlewares/ST/STM32_USB_Host_Library/Core/Src/usbh_core.o
                0x08008b2c                USBH_LL_NotifyURBChange
 .text.USBH_Get_DevDesc
                0x08008b4a       0x58 ./Middlewares/ST/STM32_USB_Host_Library/Core/Src/usbh_ctlreq.o
                0x08008b4a                USBH_Get_DevDesc
 .text.USBH_Get_CfgDesc
                0x08008ba2       0x54 ./Middlewares/ST/STM32_USB_Host_Library/Core/Src/usbh_ctlreq.o
                0x08008ba2                USBH_Get_CfgDesc
 .text.USBH_Get_StringDesc
                0x08008bf6       0x68 ./Middlewares/ST/STM32_USB_Host_Library/Core/Src/usbh_ctlreq.o
                0x08008bf6                USBH_Get_StringDesc
 .text.USBH_GetDescriptor
                0x08008c5e       0x6a ./Middlewares/ST/STM32_USB_Host_Library/Core/Src/usbh_ctlreq.o
                0x08008c5e                USBH_GetDescriptor
 .text.USBH_SetAddress
                0x08008cc8       0x48 ./Middlewares/ST/STM32_USB_Host_Library/Core/Src/usbh_ctlreq.o
                0x08008cc8                USBH_SetAddress
 .text.USBH_SetCfg
                0x08008d10       0x46 ./Middlewares/ST/STM32_USB_Host_Library/Core/Src/usbh_ctlreq.o
                0x08008d10                USBH_SetCfg
 .text.USBH_SetFeature
                0x08008d56       0x48 ./Middlewares/ST/STM32_USB_Host_Library/Core/Src/usbh_ctlreq.o
                0x08008d56                USBH_SetFeature
 .text.USBH_ClrFeature
                0x08008d9e       0x48 ./Middlewares/ST/STM32_USB_Host_Library/Core/Src/usbh_ctlreq.o
                0x08008d9e                USBH_ClrFeature
 *fill*         0x08008de6        0x2 
 .text.USBH_ParseDevDesc
                0x08008de8      0x160 ./Middlewares/ST/STM32_USB_Host_Library/Core/Src/usbh_ctlreq.o
 .text.USBH_ParseCfgDesc
                0x08008f48      0x1f8 ./Middlewares/ST/STM32_USB_Host_Library/Core/Src/usbh_ctlreq.o
 .text.USBH_ParseInterfaceDesc
                0x08009140       0x5e ./Middlewares/ST/STM32_USB_Host_Library/Core/Src/usbh_ctlreq.o
 .text.USBH_ParseEPDesc
                0x0800919e      0x1d0 ./Middlewares/ST/STM32_USB_Host_Library/Core/Src/usbh_ctlreq.o
 .text.USBH_ParseStringDesc
                0x0800936e       0x66 ./Middlewares/ST/STM32_USB_Host_Library/Core/Src/usbh_ctlreq.o
 .text.USBH_GetNextDesc
                0x080093d4       0x34 ./Middlewares/ST/STM32_USB_Host_Library/Core/Src/usbh_ctlreq.o
                0x080093d4                USBH_GetNextDesc
 .text.USBH_CtlReq
                0x08009408       0x92 ./Middlewares/ST/STM32_USB_Host_Library/Core/Src/usbh_ctlreq.o
                0x08009408                USBH_CtlReq
 *fill*         0x0800949a        0x2 
 .text.USBH_HandleControl
                0x0800949c      0x3a0 ./Middlewares/ST/STM32_USB_Host_Library/Core/Src/usbh_ctlreq.o
 .text.USBH_CtlSendSetup
                0x0800983c       0x34 ./Middlewares/ST/STM32_USB_Host_Library/Core/Src/usbh_ioreq.o
                0x0800983c                USBH_CtlSendSetup
 .text.USBH_CtlSendData
                0x08009870       0x4a ./Middlewares/ST/STM32_USB_Host_Library/Core/Src/usbh_ioreq.o
                0x08009870                USBH_CtlSendData
 .text.USBH_CtlReceiveData
                0x080098ba       0x3c ./Middlewares/ST/STM32_USB_Host_Library/Core/Src/usbh_ioreq.o
                0x080098ba                USBH_CtlReceiveData
 .text.USBH_BulkSendData
                0x080098f6       0x4a ./Middlewares/ST/STM32_USB_Host_Library/Core/Src/usbh_ioreq.o
                0x080098f6                USBH_BulkSendData
 .text.USBH_BulkReceiveData
                0x08009940       0x3c ./Middlewares/ST/STM32_USB_Host_Library/Core/Src/usbh_ioreq.o
                0x08009940                USBH_BulkReceiveData
 .text.USBH_OpenPipe
                0x0800997c       0x3e ./Middlewares/ST/STM32_USB_Host_Library/Core/Src/usbh_pipes.o
                0x0800997c                USBH_OpenPipe
 .text.USBH_ClosePipe
                0x080099ba       0x20 ./Middlewares/ST/STM32_USB_Host_Library/Core/Src/usbh_pipes.o
                0x080099ba                USBH_ClosePipe
 .text.USBH_AllocPipe
                0x080099da       0x42 ./Middlewares/ST/STM32_USB_Host_Library/Core/Src/usbh_pipes.o
                0x080099da                USBH_AllocPipe
 .text.USBH_FreePipe
                0x08009a1c       0x3c ./Middlewares/ST/STM32_USB_Host_Library/Core/Src/usbh_pipes.o
                0x08009a1c                USBH_FreePipe
 .text.USBH_GetFreePipe
                0x08009a58       0x48 ./Middlewares/ST/STM32_USB_Host_Library/Core/Src/usbh_pipes.o
 .text.makeFreeRtosPriority
                0x08009aa0       0x30 ./Middlewares/Third_Party/FreeRTOS/Source/CMSIS_RTOS/cmsis_os.o
 .text.inHandlerMode
                0x08009ad0       0x24 ./Middlewares/Third_Party/FreeRTOS/Source/CMSIS_RTOS/cmsis_os.o
 .text.osKernelStart
                0x08009af4        0xe ./Middlewares/Third_Party/FreeRTOS/Source/CMSIS_RTOS/cmsis_os.o
                0x08009af4                osKernelStart
 .text.osThreadCreate
                0x08009b02       0x98 ./Middlewares/Third_Party/FreeRTOS/Source/CMSIS_RTOS/cmsis_os.o
                0x08009b02                osThreadCreate
 .text.osDelay  0x08009b9a       0x28 ./Middlewares/Third_Party/FreeRTOS/Source/CMSIS_RTOS/cmsis_os.o
                0x08009b9a                osDelay
 .text.osMessageCreate
                0x08009bc2       0x50 ./Middlewares/Third_Party/FreeRTOS/Source/CMSIS_RTOS/cmsis_os.o
                0x08009bc2                osMessageCreate
 *fill*         0x08009c12        0x2 
 .text.osMessagePut
                0x08009c14       0x80 ./Middlewares/Third_Party/FreeRTOS/Source/CMSIS_RTOS/cmsis_os.o
                0x08009c14                osMessagePut
 .text.osMessageGet
                0x08009c94       0xe8 ./Middlewares/Third_Party/FreeRTOS/Source/CMSIS_RTOS/cmsis_os.o
                0x08009c94                osMessageGet
 .text.osMessageWaiting
                0x08009d7c       0x2c ./Middlewares/Third_Party/FreeRTOS/Source/CMSIS_RTOS/cmsis_os.o
                0x08009d7c                osMessageWaiting
 .text.vListInitialise
                0x08009da8       0x40 ./Middlewares/Third_Party/FreeRTOS/Source/list.o
                0x08009da8                vListInitialise
 .text.vListInitialiseItem
                0x08009de8       0x1a ./Middlewares/Third_Party/FreeRTOS/Source/list.o
                0x08009de8                vListInitialiseItem
 .text.vListInsertEnd
                0x08009e02       0x48 ./Middlewares/Third_Party/FreeRTOS/Source/list.o
                0x08009e02                vListInsertEnd
 .text.vListInsert
                0x08009e4a       0x72 ./Middlewares/Third_Party/FreeRTOS/Source/list.o
                0x08009e4a                vListInsert
 .text.uxListRemove
                0x08009ebc       0x54 ./Middlewares/Third_Party/FreeRTOS/Source/list.o
                0x08009ebc                uxListRemove
 .text.xQueueGenericReset
                0x08009f10       0xd4 ./Middlewares/Third_Party/FreeRTOS/Source/queue.o
                0x08009f10                xQueueGenericReset
 .text.xQueueGenericCreateStatic
                0x08009fe4       0xfa ./Middlewares/Third_Party/FreeRTOS/Source/queue.o
                0x08009fe4                xQueueGenericCreateStatic
 .text.xQueueGenericCreate
                0x0800a0de       0x76 ./Middlewares/Third_Party/FreeRTOS/Source/queue.o
                0x0800a0de                xQueueGenericCreate
 .text.prvInitialiseNewQueue
                0x0800a154       0x3e ./Middlewares/Third_Party/FreeRTOS/Source/queue.o
 *fill*         0x0800a192        0x2 
 .text.xQueueGenericSend
                0x0800a194      0x204 ./Middlewares/Third_Party/FreeRTOS/Source/queue.o
                0x0800a194                xQueueGenericSend
 .text.xQueueGenericSendFromISR
                0x0800a398      0x13c ./Middlewares/Third_Party/FreeRTOS/Source/queue.o
                0x0800a398                xQueueGenericSendFromISR
 .text.xQueueReceive
                0x0800a4d4      0x1c4 ./Middlewares/Third_Party/FreeRTOS/Source/queue.o
                0x0800a4d4                xQueueReceive
 .text.xQueueReceiveFromISR
                0x0800a698      0x104 ./Middlewares/Third_Party/FreeRTOS/Source/queue.o
                0x0800a698                xQueueReceiveFromISR
 .text.uxQueueMessagesWaiting
                0x0800a79c       0x3e ./Middlewares/Third_Party/FreeRTOS/Source/queue.o
                0x0800a79c                uxQueueMessagesWaiting
 .text.uxQueueMessagesWaitingFromISR
                0x0800a7da       0x3e ./Middlewares/Third_Party/FreeRTOS/Source/queue.o
                0x0800a7da                uxQueueMessagesWaitingFromISR
 .text.prvCopyDataToQueue
                0x0800a818       0xd4 ./Middlewares/Third_Party/FreeRTOS/Source/queue.o
 .text.prvCopyDataFromQueue
                0x0800a8ec       0x4c ./Middlewares/Third_Party/FreeRTOS/Source/queue.o
 .text.prvUnlockQueue
                0x0800a938       0xa4 ./Middlewares/Third_Party/FreeRTOS/Source/queue.o
 .text.prvIsQueueEmpty
                0x0800a9dc       0x2c ./Middlewares/Third_Party/FreeRTOS/Source/queue.o
 .text.prvIsQueueFull
                0x0800aa08       0x30 ./Middlewares/Third_Party/FreeRTOS/Source/queue.o
 .text.xTaskCreateStatic
                0x0800aa38       0xc0 ./Middlewares/Third_Party/FreeRTOS/Source/tasks.o
                0x0800aa38                xTaskCreateStatic
 .text.xTaskCreate
                0x0800aaf8       0x8a ./Middlewares/Third_Party/FreeRTOS/Source/tasks.o
                0x0800aaf8                xTaskCreate
 .text.prvInitialiseNewTask
                0x0800ab82      0x126 ./Middlewares/Third_Party/FreeRTOS/Source/tasks.o
 .text.prvAddNewTaskToReadyList
                0x0800aca8       0xd4 ./Middlewares/Third_Party/FreeRTOS/Source/tasks.o
 .text.vTaskDelay
                0x0800ad7c       0x6c ./Middlewares/Third_Party/FreeRTOS/Source/tasks.o
                0x0800ad7c                vTaskDelay
 .text.vTaskStartScheduler
                0x0800ade8       0xc4 ./Middlewares/Third_Party/FreeRTOS/Source/tasks.o
                0x0800ade8                vTaskStartScheduler
 .text.vTaskSuspendAll
                0x0800aeac       0x1c ./Middlewares/Third_Party/FreeRTOS/Source/tasks.o
                0x0800aeac                vTaskSuspendAll
 .text.xTaskResumeAll
                0x0800aec8      0x13c ./Middlewares/Third_Party/FreeRTOS/Source/tasks.o
                0x0800aec8                xTaskResumeAll
 .text.xTaskIncrementTick
                0x0800b004      0x174 ./Middlewares/Third_Party/FreeRTOS/Source/tasks.o
                0x0800b004                xTaskIncrementTick
 .text.vTaskSwitchContext
                0x0800b178      0x104 ./Middlewares/Third_Party/FreeRTOS/Source/tasks.o
                0x0800b178                vTaskSwitchContext
 .text.vTaskPlaceOnEventList
                0x0800b27c       0x4c ./Middlewares/Third_Party/FreeRTOS/Source/tasks.o
                0x0800b27c                vTaskPlaceOnEventList
 .text.xTaskRemoveFromEventList
                0x0800b2c8       0xc8 ./Middlewares/Third_Party/FreeRTOS/Source/tasks.o
                0x0800b2c8                xTaskRemoveFromEventList
 .text.vTaskInternalSetTimeOutState
                0x0800b390       0x2c ./Middlewares/Third_Party/FreeRTOS/Source/tasks.o
                0x0800b390                vTaskInternalSetTimeOutState
 .text.xTaskCheckForTimeOut
                0x0800b3bc       0xc8 ./Middlewares/Third_Party/FreeRTOS/Source/tasks.o
                0x0800b3bc                xTaskCheckForTimeOut
 .text.vTaskMissedYield
                0x0800b484       0x18 ./Middlewares/Third_Party/FreeRTOS/Source/tasks.o
                0x0800b484                vTaskMissedYield
 .text.prvIdleTask
                0x0800b49c       0x34 ./Middlewares/Third_Party/FreeRTOS/Source/tasks.o
 .text.prvInitialiseTaskLists
                0x0800b4d0       0x80 ./Middlewares/Third_Party/FreeRTOS/Source/tasks.o
 .text.prvCheckTasksWaitingTermination
                0x0800b550       0x5c ./Middlewares/Third_Party/FreeRTOS/Source/tasks.o
 .text.prvDeleteTCB
                0x0800b5ac       0x60 ./Middlewares/Third_Party/FreeRTOS/Source/tasks.o
 .text.prvResetNextTaskUnblockTime
                0x0800b60c       0x40 ./Middlewares/Third_Party/FreeRTOS/Source/tasks.o
 .text.xTaskGetSchedulerState
                0x0800b64c       0x3c ./Middlewares/Third_Party/FreeRTOS/Source/tasks.o
                0x0800b64c                xTaskGetSchedulerState
 .text.xTaskPriorityDisinherit
                0x0800b688      0x110 ./Middlewares/Third_Party/FreeRTOS/Source/tasks.o
                0x0800b688                xTaskPriorityDisinherit
 .text.prvAddCurrentTaskToDelayedList
                0x0800b798       0xcc ./Middlewares/Third_Party/FreeRTOS/Source/tasks.o
 .text.pxPortInitialiseStack
                0x0800b864       0x68 ./Middlewares/Third_Party/FreeRTOS/Source/portable/GCC/ARM_CM4F/port.o
                0x0800b864                pxPortInitialiseStack
 .text.prvTaskExitError
                0x0800b8cc       0x5c ./Middlewares/Third_Party/FreeRTOS/Source/portable/GCC/ARM_CM4F/port.o
 *fill*         0x0800b928        0x8 
 .text.SVC_Handler
                0x0800b930       0x28 ./Middlewares/Third_Party/FreeRTOS/Source/portable/GCC/ARM_CM4F/port.o
                0x0800b930                SVC_Handler
 .text.prvPortStartFirstTask
                0x0800b958       0x28 ./Middlewares/Third_Party/FreeRTOS/Source/portable/GCC/ARM_CM4F/port.o
 .text.xPortStartScheduler
                0x0800b980      0x148 ./Middlewares/Third_Party/FreeRTOS/Source/portable/GCC/ARM_CM4F/port.o
                0x0800b980                xPortStartScheduler
 .text.vPortEnterCritical
                0x0800bac8       0x64 ./Middlewares/Third_Party/FreeRTOS/Source/portable/GCC/ARM_CM4F/port.o
                0x0800bac8                vPortEnterCritical
 .text.vPortExitCritical
                0x0800bb2c       0x54 ./Middlewares/Third_Party/FreeRTOS/Source/portable/GCC/ARM_CM4F/port.o
                0x0800bb2c                vPortExitCritical
 .text.PendSV_Handler
                0x0800bb80       0x68 ./Middlewares/Third_Party/FreeRTOS/Source/portable/GCC/ARM_CM4F/port.o
                0x0800bb80                PendSV_Handler
 .text.SysTick_Handler
                0x0800bbe8       0x44 ./Middlewares/Third_Party/FreeRTOS/Source/portable/GCC/ARM_CM4F/port.o
                0x0800bbe8                SysTick_Handler
 .text.vPortSetupTimerInterrupt
                0x0800bc2c       0x48 ./Middlewares/Third_Party/FreeRTOS/Source/portable/GCC/ARM_CM4F/port.o
                0x0800bc2c                vPortSetupTimerInterrupt
 .text.vPortEnableVFP
                0x0800bc74       0x14 ./Middlewares/Third_Party/FreeRTOS/Source/portable/GCC/ARM_CM4F/port.o
 .text.vPortValidateInterruptPriority
                0x0800bc88       0x84 ./Middlewares/Third_Party/FreeRTOS/Source/portable/GCC/ARM_CM4F/port.o
                0x0800bc88                vPortValidateInterruptPriority
 .text.pvPortMalloc
                0x0800bd0c      0x1a8 ./Middlewares/Third_Party/FreeRTOS/Source/portable/MemMang/heap_4.o
                0x0800bd0c                pvPortMalloc
 .text.vPortFree
                0x0800beb4       0xc8 ./Middlewares/Third_Party/FreeRTOS/Source/portable/MemMang/heap_4.o
                0x0800beb4                vPortFree
 .text.prvHeapInit
                0x0800bf7c       0xc4 ./Middlewares/Third_Party/FreeRTOS/Source/portable/MemMang/heap_4.o
 .text.prvInsertBlockIntoFreeList
                0x0800c040       0xb4 ./Middlewares/Third_Party/FreeRTOS/Source/portable/MemMang/heap_4.o
 .text.MX_CRC_Init
                0x0800c0f4       0x28 ./Src/crc.o
                0x0800c0f4                MX_CRC_Init
 .text.HAL_CRC_MspInit
                0x0800c11c       0x44 ./Src/crc.o
                0x0800c11c                HAL_CRC_MspInit
 .text.MX_DMA2D_Init
                0x0800c160       0x64 ./Src/dma2d.o
                0x0800c160                MX_DMA2D_Init
 .text.HAL_DMA2D_MspInit
                0x0800c1c4       0x50 ./Src/dma2d.o
                0x0800c1c4                HAL_DMA2D_MspInit
 .text.MX_FMC_Init
                0x0800c214       0xa0 ./Src/fmc.o
                0x0800c214                MX_FMC_Init
 .text.HAL_FMC_MspInit
                0x0800c2b4      0x124 ./Src/fmc.o
 .text.HAL_SDRAM_MspInit
                0x0800c3d8       0x14 ./Src/fmc.o
                0x0800c3d8                HAL_SDRAM_MspInit
 .text.vApplicationIdleHook
                0x0800c3ec        0xe ./Src/freertos.o
                0x0800c3ec                vApplicationIdleHook
 .text.vApplicationStackOverflowHook
                0x0800c3fa       0x16 ./Src/freertos.o
                0x0800c3fa                vApplicationStackOverflowHook
 .text.vApplicationMallocFailedHook
                0x0800c410        0xe ./Src/freertos.o
                0x0800c410                vApplicationMallocFailedHook
 *fill*         0x0800c41e        0x2 
 .text.vApplicationGetIdleTaskMemory
                0x0800c420       0x34 ./Src/freertos.o
                0x0800c420                vApplicationGetIdleTaskMemory
 .text.MX_FREERTOS_Init
                0x0800c454       0x38 ./Src/freertos.o
                0x0800c454                MX_FREERTOS_Init
 .text.StartDefaultTask
                0x0800c48c       0x14 ./Src/freertos.o
                0x0800c48c                StartDefaultTask
 .text.MX_GPIO_Init
                0x0800c4a0      0x228 ./Src/gpio.o
                0x0800c4a0                MX_GPIO_Init
 .text.MX_I2C3_Init
                0x0800c6c8       0x80 ./Src/i2c.o
                0x0800c6c8                MX_I2C3_Init
 .text.HAL_I2C_MspInit
                0x0800c748       0xd4 ./Src/i2c.o
                0x0800c748                HAL_I2C_MspInit
 .text.MX_LTDC_Init
                0x0800c81c      0x100 ./Src/ltdc.o
                0x0800c81c                MX_LTDC_Init
 .text.HAL_LTDC_MspInit
                0x0800c91c      0x260 ./Src/ltdc.o
                0x0800c91c                HAL_LTDC_MspInit
 .text.main     0x0800cb7c       0x88 ./Src/main.o
                0x0800cb7c                main
 .text.SystemClock_Config
                0x0800cc04       0xd4 ./Src/main.o
                0x0800cc04                SystemClock_Config
 .text.HAL_TIM_PeriodElapsedCallback
                0x0800ccd8       0x24 ./Src/main.o
                0x0800ccd8                HAL_TIM_PeriodElapsedCallback
 .text.Error_Handler
                0x0800ccfc        0xc ./Src/main.o
                0x0800ccfc                Error_Handler
 .text.MX_SPI5_Init
                0x0800cd08       0x6c ./Src/spi.o
                0x0800cd08                MX_SPI5_Init
 .text.HAL_SPI_MspInit
                0x0800cd74       0x90 ./Src/spi.o
                0x0800cd74                HAL_SPI_MspInit
 .text.HAL_MspInit
                0x0800ce04       0x58 ./Src/stm32f4xx_hal_msp.o
                0x0800ce04                HAL_MspInit
 .text.HAL_InitTick
                0x0800ce5c       0xf8 ./Src/stm32f4xx_hal_timebase_tim.o
                0x0800ce5c                HAL_InitTick
 .text.NMI_Handler
                0x0800cf54        0x8 ./Src/stm32f4xx_it.o
                0x0800cf54                NMI_Handler
 .text.HardFault_Handler
                0x0800cf5c        0x8 ./Src/stm32f4xx_it.o
                0x0800cf5c                HardFault_Handler
 .text.MemManage_Handler
                0x0800cf64        0x8 ./Src/stm32f4xx_it.o
                0x0800cf64                MemManage_Handler
 .text.BusFault_Handler
                0x0800cf6c        0x8 ./Src/stm32f4xx_it.o
                0x0800cf6c                BusFault_Handler
 .text.UsageFault_Handler
                0x0800cf74        0x8 ./Src/stm32f4xx_it.o
                0x0800cf74                UsageFault_Handler
 .text.DebugMon_Handler
                0x0800cf7c        0xe ./Src/stm32f4xx_it.o
                0x0800cf7c                DebugMon_Handler
 *fill*         0x0800cf8a        0x2 
 .text.TIM6_DAC_IRQHandler
                0x0800cf8c       0x14 ./Src/stm32f4xx_it.o
                0x0800cf8c                TIM6_DAC_IRQHandler
 .text.OTG_HS_IRQHandler
                0x0800cfa0       0x14 ./Src/stm32f4xx_it.o
                0x0800cfa0                OTG_HS_IRQHandler
 .text.LTDC_IRQHandler
                0x0800cfb4       0x14 ./Src/stm32f4xx_it.o
                0x0800cfb4                LTDC_IRQHandler
 .text.DMA2D_IRQHandler
                0x0800cfc8       0x14 ./Src/stm32f4xx_it.o
                0x0800cfc8                DMA2D_IRQHandler
 .text._sbrk    0x0800cfdc       0x6c ./Src/sysmem.o
                0x0800cfdc                _sbrk
 .text.SystemInit
                0x0800d048       0x24 ./Src/system_stm32f4xx.o
                0x0800d048                SystemInit
 .text.MX_TIM1_Init
                0x0800d06c       0xa0 ./Src/tim.o
                0x0800d06c                MX_TIM1_Init
 .text.HAL_TIM_Base_MspInit
                0x0800d10c       0x44 ./Src/tim.o
                0x0800d10c                HAL_TIM_Base_MspInit
 .text.MX_USART1_UART_Init
                0x0800d150       0x54 ./Src/usart.o
                0x0800d150                MX_USART1_UART_Init
 .text.HAL_UART_MspInit
                0x0800d1a4       0x90 ./Src/usart.o
                0x0800d1a4                HAL_UART_MspInit
 .text.MX_USB_HOST_Init
                0x0800d234       0x4c ./Src/usb_host.o
                0x0800d234                MX_USB_HOST_Init
 .text.USBH_UserProcess
                0x0800d280       0x5c ./Src/usb_host.o
 .text.HAL_HCD_MspInit
                0x0800d2dc       0xbc ./Src/usbh_conf.o
                0x0800d2dc                HAL_HCD_MspInit
 .text.HAL_HCD_SOF_Callback
                0x0800d398       0x1c ./Src/usbh_conf.o
                0x0800d398                HAL_HCD_SOF_Callback
 .text.HAL_HCD_Connect_Callback
                0x0800d3b4       0x1c ./Src/usbh_conf.o
                0x0800d3b4                HAL_HCD_Connect_Callback
 .text.HAL_HCD_Disconnect_Callback
                0x0800d3d0       0x1c ./Src/usbh_conf.o
                0x0800d3d0                HAL_HCD_Disconnect_Callback
 .text.HAL_HCD_HC_NotifyURBChange_Callback
                0x0800d3ec       0x24 ./Src/usbh_conf.o
                0x0800d3ec                HAL_HCD_HC_NotifyURBChange_Callback
 .text.HAL_HCD_PortEnabled_Callback
                0x0800d410       0x1c ./Src/usbh_conf.o
                0x0800d410                HAL_HCD_PortEnabled_Callback
 .text.HAL_HCD_PortDisabled_Callback
                0x0800d42c       0x1c ./Src/usbh_conf.o
                0x0800d42c                HAL_HCD_PortDisabled_Callback
 .text.USBH_LL_Init
                0x0800d448       0x8c ./Src/usbh_conf.o
                0x0800d448                USBH_LL_Init
 .text.USBH_LL_Start
                0x0800d4d4       0x36 ./Src/usbh_conf.o
                0x0800d4d4                USBH_LL_Start
 .text.USBH_LL_Stop
                0x0800d50a       0x36 ./Src/usbh_conf.o
                0x0800d50a                USBH_LL_Stop
 .text.USBH_LL_GetSpeed
                0x0800d540       0x4e ./Src/usbh_conf.o
                0x0800d540                USBH_LL_GetSpeed
 .text.USBH_LL_ResetPort
                0x0800d58e       0x36 ./Src/usbh_conf.o
                0x0800d58e                USBH_LL_ResetPort
 .text.USBH_LL_GetLastXferSize
                0x0800d5c4       0x26 ./Src/usbh_conf.o
                0x0800d5c4                USBH_LL_GetLastXferSize
 .text.USBH_LL_OpenPipe
                0x0800d5ea       0x5e ./Src/usbh_conf.o
                0x0800d5ea                USBH_LL_OpenPipe
 .text.USBH_LL_ClosePipe
                0x0800d648       0x1a ./Src/usbh_conf.o
                0x0800d648                USBH_LL_ClosePipe
 .text.USBH_LL_SubmitURB
                0x0800d662       0x62 ./Src/usbh_conf.o
                0x0800d662                USBH_LL_SubmitURB
 .text.USBH_LL_GetURBState
                0x0800d6c4       0x26 ./Src/usbh_conf.o
                0x0800d6c4                USBH_LL_GetURBState
 .text.USBH_LL_DriverVBUS
                0x0800d6ea       0x2e ./Src/usbh_conf.o
                0x0800d6ea                USBH_LL_DriverVBUS
 .text.USBH_LL_SetToggle
                0x0800d718       0x66 ./Src/usbh_conf.o
                0x0800d718                USBH_LL_SetToggle
 .text.USBH_Delay
                0x0800d77e       0x16 ./Src/usbh_conf.o
                0x0800d77e                USBH_Delay
 .text.USBH_Get_USB_Status
                0x0800d794       0x58 ./Src/usbh_conf.o
                0x0800d794                USBH_Get_USB_Status
 .text.MX_DriverVbusHS
                0x0800d7ec       0x38 ./Src/usbh_platform.o
                0x0800d7ec                MX_DriverVbusHS
 .text.Reset_Handler
                0x0800d824       0x50 ./Startup/startup_stm32f429zıtx.o
                0x0800d824                Reset_Handler
 .text.Default_Handler
                0x0800d874        0x2 ./Startup/startup_stm32f429zıtx.o
                0x0800d874                RTC_Alarm_IRQHandler
                0x0800d874                HASH_RNG_IRQHandler
                0x0800d874                EXTI2_IRQHandler
                0x0800d874                TIM8_CC_IRQHandler
                0x0800d874                UART8_IRQHandler
                0x0800d874                SPI4_IRQHandler
                0x0800d874                TIM1_CC_IRQHandler
                0x0800d874                DMA2_Stream5_IRQHandler
                0x0800d874                DMA1_Stream5_IRQHandler
                0x0800d874                PVD_IRQHandler
                0x0800d874                SDIO_IRQHandler
                0x0800d874                TAMP_STAMP_IRQHandler
                0x0800d874                CAN2_RX1_IRQHandler
                0x0800d874                EXTI3_IRQHandler
                0x0800d874                TIM8_TRG_COM_TIM14_IRQHandler
                0x0800d874                TIM1_UP_TIM10_IRQHandler
                0x0800d874                TIM8_UP_TIM13_IRQHandler
                0x0800d874                I2C3_ER_IRQHandler
                0x0800d874                EXTI0_IRQHandler
                0x0800d874                I2C2_EV_IRQHandler
                0x0800d874                DMA1_Stream2_IRQHandler
                0x0800d874                CAN1_RX0_IRQHandler
                0x0800d874                FPU_IRQHandler
                0x0800d874                OTG_HS_WKUP_IRQHandler
                0x0800d874                LTDC_ER_IRQHandler
                0x0800d874                CAN2_SCE_IRQHandler
                0x0800d874                DMA2_Stream2_IRQHandler
                0x0800d874                SPI1_IRQHandler
                0x0800d874                TIM1_BRK_TIM9_IRQHandler
                0x0800d874                DCMI_IRQHandler
                0x0800d874                CAN2_RX0_IRQHandler
                0x0800d874                DMA2_Stream3_IRQHandler
                0x0800d874                USART6_IRQHandler
                0x0800d874                USART3_IRQHandler
                0x0800d874                CAN1_RX1_IRQHandler
                0x0800d874                UART5_IRQHandler
                0x0800d874                DMA2_Stream0_IRQHandler
                0x0800d874                TIM4_IRQHandler
                0x0800d874                I2C1_EV_IRQHandler
                0x0800d874                DMA1_Stream6_IRQHandler
                0x0800d874                DMA1_Stream1_IRQHandler
                0x0800d874                UART4_IRQHandler
                0x0800d874                TIM3_IRQHandler
                0x0800d874                RCC_IRQHandler
                0x0800d874                TIM8_BRK_TIM12_IRQHandler
                0x0800d874                Default_Handler
                0x0800d874                EXTI15_10_IRQHandler
                0x0800d874                ADC_IRQHandler
                0x0800d874                DMA1_Stream7_IRQHandler
                0x0800d874                SPI5_IRQHandler
                0x0800d874                TIM7_IRQHandler
                0x0800d874                CAN2_TX_IRQHandler
                0x0800d874                TIM5_IRQHandler
                0x0800d874                DMA2_Stream7_IRQHandler
                0x0800d874                I2C3_EV_IRQHandler
                0x0800d874                EXTI9_5_IRQHandler
                0x0800d874                RTC_WKUP_IRQHandler
                0x0800d874                ETH_WKUP_IRQHandler
                0x0800d874                SPI2_IRQHandler
                0x0800d874                OTG_HS_EP1_IN_IRQHandler
                0x0800d874                DMA1_Stream0_IRQHandler
                0x0800d874                CAN1_TX_IRQHandler
                0x0800d874                EXTI4_IRQHandler
                0x0800d874                ETH_IRQHandler
                0x0800d874                OTG_HS_EP1_OUT_IRQHandler
                0x0800d874                WWDG_IRQHandler
                0x0800d874                SPI6_IRQHandler
                0x0800d874                TIM2_IRQHandler
                0x0800d874                OTG_FS_WKUP_IRQHandler
                0x0800d874                TIM1_TRG_COM_TIM11_IRQHandler
                0x0800d874                EXTI1_IRQHandler
                0x0800d874                UART7_IRQHandler
                0x0800d874                USART2_IRQHandler
                0x0800d874                I2C2_ER_IRQHandler
                0x0800d874                DMA2_Stream1_IRQHandler
                0x0800d874                CAN1_SCE_IRQHandler
                0x0800d874                FLASH_IRQHandler
                0x0800d874                DMA2_Stream4_IRQHandler
                0x0800d874                USART1_IRQHandler
                0x0800d874                OTG_FS_IRQHandler
                0x0800d874                SPI3_IRQHandler
                0x0800d874                DMA1_Stream4_IRQHandler
                0x0800d874                I2C1_ER_IRQHandler
                0x0800d874                FMC_IRQHandler
                0x0800d874                DMA2_Stream6_IRQHandler
                0x0800d874                SAI1_IRQHandler
                0x0800d874                DMA1_Stream3_IRQHandler
 *fill*         0x0800d876        0x2 
 .text.malloc   0x0800d878       0x10 C:/ST/STM32CubeIDE_2.0.0/STM32CubeIDE/plugins/com.st.stm32cube.ide.mcu.externaltools.gnu-tools-for-stm32.13.3.rel1.win32_1.0.100.202509120712/tools/bin/../lib/gcc/arm-none-eabi/13.3.1/../../../../arm-none-eabi/lib/thumb/v7e-m+fp/hard\libc_nano.a(libc_a-malloc.o)
                0x0800d878                malloc
 .text.free     0x0800d888       0x10 C:/ST/STM32CubeIDE_2.0.0/STM32CubeIDE/plugins/com.st.stm32cube.ide.mcu.externaltools.gnu-tools-for-stm32.13.3.rel1.win32_1.0.100.202509120712/tools/bin/../lib/gcc/arm-none-eabi/13.3.1/../../../../arm-none-eabi/lib/thumb/v7e-m+fp/hard\libc_nano.a(libc_a-malloc.o)
                0x0800d888                free
 .text.sbrk_aligned
                0x0800d898       0x44 C:/ST/STM32CubeIDE_2.0.0/STM32CubeIDE/plugins/com.st.stm32cube.ide.mcu.externaltools.gnu-tools-for-stm32.13.3.rel1.win32_1.0.100.202509120712/tools/bin/../lib/gcc/arm-none-eabi/13.3.1/../../../../arm-none-eabi/lib/thumb/v7e-m+fp/hard\libc_nano.a(libc_a-mallocr.o)
 .text._malloc_r
                0x0800d8dc      0x100 C:/ST/STM32CubeIDE_2.0.0/STM32CubeIDE/plugins/com.st.stm32cube.ide.mcu.externaltools.gnu-tools-for-stm32.13.3.rel1.win32_1.0.100.202509120712/tools/bin/../lib/gcc/arm-none-eabi/13.3.1/../../../../arm-none-eabi/lib/thumb/v7e-m+fp/hard\libc_nano.a(libc_a-mallocr.o)
                0x0800d8dc                _malloc_r
 .text.__malloc_lock
                0x0800d9dc        0xc C:/ST/STM32CubeIDE_2.0.0/STM32CubeIDE/plugins/com.st.stm32cube.ide.mcu.externaltools.gnu-tools-for-stm32.13.3.rel1.win32_1.0.100.202509120712/tools/bin/../lib/gcc/arm-none-eabi/13.3.1/../../../../arm-none-eabi/lib/thumb/v7e-m+fp/hard\libc_nano.a(libc_a-mlock.o)
                0x0800d9dc                __malloc_lock
 .text.__malloc_unlock
                0x0800d9e8        0xc C:/ST/STM32CubeIDE_2.0.0/STM32CubeIDE/plugins/com.st.stm32cube.ide.mcu.externaltools.gnu-tools-for-stm32.13.3.rel1.win32_1.0.100.202509120712/tools/bin/../lib/gcc/arm-none-eabi/13.3.1/../../../../arm-none-eabi/lib/thumb/v7e-m+fp/hard\libc_nano.a(libc_a-mlock.o)
                0x0800d9e8                __malloc_unlock
 .text.memset   0x0800d9f4       0x10 C:/ST/STM32CubeIDE_2.0.0/STM32CubeIDE/plugins/com.st.stm32cube.ide.mcu.externaltools.gnu-tools-for-stm32.13.3.rel1.win32_1.0.100.202509120712/tools/bin/../lib/gcc/arm-none-eabi/13.3.1/../../../../arm-none-eabi/lib/thumb/v7e-m+fp/hard\libc_nano.a(libc_a-memset.o)
                0x0800d9f4                memset
 .text._sbrk_r  0x0800da04       0x20 C:/ST/STM32CubeIDE_2.0.0/STM32CubeIDE/plugins/com.st.stm32cube.ide.mcu.externaltools.gnu-tools-for-stm32.13.3.rel1.win32_1.0.100.202509120712/tools/bin/../lib/gcc/arm-none-eabi/13.3.1/../../../../arm-none-eabi/lib/thumb/v7e-m+fp/hard\libc_nano.a(libc_a-sbrkr.o)
                0x0800da04                _sbrk_r
 .text.__errno  0x0800da24        0xc C:/ST/STM32CubeIDE_2.0.0/STM32CubeIDE/plugins/com.st.stm32cube.ide.mcu.externaltools.gnu-tools-for-stm32.13.3.rel1.win32_1.0.100.202509120712/tools/bin/../lib/gcc/arm-none-eabi/13.3.1/../../../../arm-none-eabi/lib/thumb/v7e-m+fp/hard\libc_nano.a(libc_a-errno.o)
                0x0800da24                __errno
 .text.__libc_init_array
                0x0800da30       0x48 C:/ST/STM32CubeIDE_2.0.0/STM32CubeIDE/plugins/com.st.stm32cube.ide.mcu.externaltools.gnu-tools-for-stm32.13.3.rel1.win32_1.0.100.202509120712/tools/bin/../lib/gcc/arm-none-eabi/13.3.1/../../../../arm-none-eabi/lib/thumb/v7e-m+fp/hard\libc_nano.a(libc_a-init.o)
                0x0800da30                __libc_init_array
 .text.__retarget_lock_acquire_recursive
                0x0800da78        0x2 C:/ST/STM32CubeIDE_2.0.0/STM32CubeIDE/plugins/com.st.stm32cube.ide.mcu.externaltools.gnu-tools-for-stm32.13.3.rel1.win32_1.0.100.202509120712/tools/bin/../lib/gcc/arm-none-eabi/13.3.1/../../../../arm-none-eabi/lib/thumb/v7e-m+fp/hard\libc_nano.a(libc_a-lock.o)
                0x0800da78                __retarget_lock_acquire_recursive
 .text.__retarget_lock_release_recursive
                0x0800da7a        0x2 C:/ST/STM32CubeIDE_2.0.0/STM32CubeIDE/plugins/com.st.stm32cube.ide.mcu.externaltools.gnu-tools-for-stm32.13.3.rel1.win32_1.0.100.202509120712/tools/bin/../lib/gcc/arm-none-eabi/13.3.1/../../../../arm-none-eabi/lib/thumb/v7e-m+fp/hard\libc_nano.a(libc_a-lock.o)
                0x0800da7a                __retarget_lock_release_recursive
 .text.memcpy   0x0800da7c       0x1c C:/ST/STM32CubeIDE_2.0.0/STM32CubeIDE/plugins/com.st.stm32cube.ide.mcu.externaltools.gnu-tools-for-stm32.13.3.rel1.win32_1.0.100.202509120712/tools/bin/../lib/gcc/arm-none-eabi/13.3.1/../../../../arm-none-eabi/lib/thumb/v7e-m+fp/hard\libc_nano.a(libc_a-memcpy-stub.o)
                0x0800da7c                memcpy
 .text._free_r  0x0800da98       0x94 C:/ST/STM32CubeIDE_2.0.0/STM32CubeIDE/plugins/com.st.stm32cube.ide.mcu.externaltools.gnu-tools-for-stm32.13.3.rel1.win32_1.0.100.202509120712/tools/bin/../lib/gcc/arm-none-eabi/13.3.1/../../../../arm-none-eabi/lib/thumb/v7e-m+fp/hard\libc_nano.a(libc_a-freer.o)
                0x0800da98                _free_r
 *(.glue_7)
 .glue_7        0x0800db2c        0x0 linker stubs
 *(.glue_7t)
 .glue_7t       0x0800db2c        0x0 linker stubs
 *(.eh_frame)
 .eh_frame      0x0800db2c        0x0 C:/ST/STM32CubeIDE_2.0.0/STM32CubeIDE/plugins/com.st.stm32cube.ide.mcu.externaltools.gnu-tools-for-stm32.13.3.rel1.win32_1.0.100.202509120712/tools/bin/../lib/gcc/arm-none-eabi/13.3.1/thumb/v7e-m+fp/hard/crtbegin.o
 *(.init)
 .init          0x0800db2c        0x4 C:/ST/STM32CubeIDE_2.0.0/STM32CubeIDE/plugins/com.st.stm32cube.ide.mcu.externaltools.gnu-tools-for-stm32.13.3.rel1.win32_1.0.100.202509120712/tools/bin/../lib/gcc/arm-none-eabi/13.3.1/thumb/v7e-m+fp/hard/crti.o
                0x0800db2c                _init
 .init          0x0800db30        0x8 C:/ST/STM32CubeIDE_2.0.0/STM32CubeIDE/plugins/com.st.stm32cube.ide.mcu.externaltools.gnu-tools-for-stm32.13.3.rel1.win32_1.0.100.202509120712/tools/bin/../lib/gcc/arm-none-eabi/13.3.1/thumb/v7e-m+fp/hard/crtn.o
 *(.fini)
 .fini          0x0800db38        0x4 C:/ST/STM32CubeIDE_2.0.0/STM32CubeIDE/plugins/com.st.stm32cube.ide.mcu.externaltools.gnu-tools-for-stm32.13.3.rel1.win32_1.0.100.202509120712/tools/bin/../lib/gcc/arm-none-eabi/13.3.1/thumb/v7e-m+fp/hard/crti.o
                0x0800db38                _fini
 .fini          0x0800db3c        0x8 C:/ST/STM32CubeIDE_2.0.0/STM32CubeIDE/plugins/com.st.stm32cube.ide.mcu.externaltools.gnu-tools-for-stm32.13.3.rel1.win32_1.0.100.202509120712/tools/bin/../lib/gcc/arm-none-eabi/13.3.1/thumb/v7e-m+fp/hard/crtn.o
                0x0800db44                        . = ALIGN (0x4)
                0x0800db44                        _etext = .

.vfp11_veneer   0x0800db44        0x0
 .vfp11_veneer  0x0800db44        0x0 linker stubs

.v4_bx          0x0800db44        0x0
 .v4_bx         0x0800db44        0x0 linker stubs

.iplt           0x0800db44        0x0
 .iplt          0x0800db44        0x0 C:/ST/STM32CubeIDE_2.0.0/STM32CubeIDE/plugins/com.st.stm32cube.ide.mcu.externaltools.gnu-tools-for-stm32.13.3.rel1.win32_1.0.100.202509120712/tools/bin/../lib/gcc/arm-none-eabi/13.3.1/thumb/v7e-m+fp/hard/crtbegin.o

.rodata         0x0800db44       0x84
                0x0800db44                        . = ALIGN (0x4)
 *(.rodata)
 .rodata        0x0800db44        0x4 ./Middlewares/ST/STM32_USB_Host_Library/Class/CDC/Src/usbh_cdc.o
 .rodata        0x0800db48       0x38 ./Middlewares/ST/STM32_USB_Host_Library/Core/Src/usbh_core.o
 .rodata        0x0800db80        0x5 ./Middlewares/Third_Party/FreeRTOS/Source/tasks.o
 *fill*         0x0800db85        0x3 
 .rodata        0x0800db88       0x28 ./Src/freertos.o
 *(.rodata*)
 .rodata.AHBPrescTable
                0x0800dbb0       0x10 ./Src/system_stm32f4xx.o
                0x0800dbb0                AHBPrescTable
 .rodata.APBPrescTable
                0x0800dbc0        0x8 ./Src/system_stm32f4xx.o
                0x0800dbc0                APBPrescTable
                0x0800dbc8                        . = ALIGN (0x4)

.ARM.extab      0x0800dbc8        0x0
                0x0800dbc8                        . = ALIGN (0x4)
 *(.ARM.extab* .gnu.linkonce.armextab.*)
                0x0800dbc8                        . = ALIGN (0x4)

.ARM            0x0800dbc8        0x8
                0x0800dbc8                        . = ALIGN (0x4)
                0x0800dbc8                        __exidx_start = .
 *(.ARM.exidx*)
 .ARM.exidx     0x0800dbc8        0x8 C:/ST/STM32CubeIDE_2.0.0/STM32CubeIDE/plugins/com.st.stm32cube.ide.mcu.externaltools.gnu-tools-for-stm32.13.3.rel1.win32_1.0.100.202509120712/tools/bin/../lib/gcc/arm-none-eabi/13.3.1/thumb/v7e-m+fp/hard\libgcc.a(_udivmoddi4.o)
                0x0800dbd0                        __exidx_end = .
                0x0800dbd0                        . = ALIGN (0x4)

.preinit_array  0x0800dbd0        0x0
                0x0800dbd0                        . = ALIGN (0x4)
                0x0800dbd0                        PROVIDE (__preinit_array_start = .)
 *(.preinit_array*)
                0x0800dbd0                        PROVIDE (__preinit_array_end = .)
                0x0800dbd0                        . = ALIGN (0x4)

.init_array     0x0800dbd0        0x4
                0x0800dbd0                        . = ALIGN (0x4)
                0x0800dbd0                        PROVIDE (__init_array_start = .)
 *(SORT_BY_NAME(.init_array.*))
 *(.init_array*)
 .init_array    0x0800dbd0        0x4 C:/ST/STM32CubeIDE_2.0.0/STM32CubeIDE/plugins/com.st.stm32cube.ide.mcu.externaltools.gnu-tools-for-stm32.13.3.rel1.win32_1.0.100.202509120712/tools/bin/../lib/gcc/arm-none-eabi/13.3.1/thumb/v7e-m+fp/hard/crtbegin.o
                0x0800dbd4                        PROVIDE (__init_array_end = .)
                0x0800dbd4                        . = ALIGN (0x4)

.fini_array     0x0800dbd4        0x4
                0x0800dbd4                        . = ALIGN (0x4)
                [!provide]                        PROVIDE (__fini_array_start = .)
 *(SORT_BY_NAME(.fini_array.*))
 *(.fini_array*)
 .fini_array    0x0800dbd4        0x4 C:/ST/STM32CubeIDE_2.0.0/STM32CubeIDE/plugins/com.st.stm32cube.ide.mcu.externaltools.gnu-tools-for-stm32.13.3.rel1.win32_1.0.100.202509120712/tools/bin/../lib/gcc/arm-none-eabi/13.3.1/thumb/v7e-m+fp/hard/crtbegin.o
                [!provide]                        PROVIDE (__fini_array_end = .)
                0x0800dbd8                        . = ALIGN (0x4)
                0x0800dbd8                        _sidata = LOADADDR (.data)

.rel.dyn        0x0800dbd8        0x0
 .rel.iplt      0x0800dbd8        0x0 C:/ST/STM32CubeIDE_2.0.0/STM32CubeIDE/plugins/com.st.stm32cube.ide.mcu.externaltools.gnu-tools-for-stm32.13.3.rel1.win32_1.0.100.202509120712/tools/bin/../lib/gcc/arm-none-eabi/13.3.1/thumb/v7e-m+fp/hard/crtbegin.o

.data           0x20000000       0x80 load address 0x0800dbd8
                0x20000000                        . = ALIGN (0x4)
                0x20000000                        _sdata = .
 *(.data)
 *(.data*)
 .data.uwTickPrio
                0x20000000        0x4 ./Drivers/STM32F4xx_HAL_Driver/Src/stm32f4xx_hal.o
                0x20000000                uwTickPrio
 .data.uwTickFreq
                0x20000004        0x1 ./Drivers/STM32F4xx_HAL_Driver/Src/stm32f4xx_hal.o
                0x20000004                uwTickFreq
 *fill*         0x20000005        0x3 
 .data.CDC_Class
                0x20000008       0x20 ./Middlewares/ST/STM32_USB_Host_Library/Class/CDC/Src/usbh_cdc.o
                0x20000008                CDC_Class
 .data.uxCriticalNesting
                0x20000028        0x4 ./Middlewares/Third_Party/FreeRTOS/Source/portable/GCC/ARM_CM4F/port.o
 .data.SystemCoreClock
                0x2000002c        0x4 ./Src/system_stm32f4xx.o
                0x2000002c                SystemCoreClock
 .data._impure_ptr
                0x20000030        0x4 C:/ST/STM32CubeIDE_2.0.0/STM32CubeIDE/plugins/com.st.stm32cube.ide.mcu.externaltools.gnu-tools-for-stm32.13.3.rel1.win32_1.0.100.202509120712/tools/bin/../lib/gcc/arm-none-eabi/13.3.1/../../../../arm-none-eabi/lib/thumb/v7e-m+fp/hard\libc_nano.a(libc_a-impure.o)
                0x20000030                _impure_ptr
 .data._impure_data
                0x20000034       0x4c C:/ST/STM32CubeIDE_2.0.0/STM32CubeIDE/plugins/com.st.stm32cube.ide.mcu.externaltools.gnu-tools-for-stm32.13.3.rel1.win32_1.0.100.202509120712/tools/bin/../lib/gcc/arm-none-eabi/13.3.1/../../../../arm-none-eabi/lib/thumb/v7e-m+fp/hard\libc_nano.a(libc_a-impure.o)
                0x20000034                _impure_data
 *(.RamFunc)
 *(.RamFunc*)
                0x20000080                        . = ALIGN (0x4)
                0x20000080                        _edata = .
                0x0800dc58                        _siccmram = LOADADDR (.ccmram)

.igot.plt       0x20000080        0x0 load address 0x0800dc58
 .igot.plt      0x20000080        0x0 C:/ST/STM32CubeIDE_2.0.0/STM32CubeIDE/plugins/com.st.stm32cube.ide.mcu.externaltools.gnu-tools-for-stm32.13.3.rel1.win32_1.0.100.202509120712/tools/bin/../lib/gcc/arm-none-eabi/13.3.1/thumb/v7e-m+fp/hard/crtbegin.o

.ccmram         0x10000000        0x0 load address 0x0800dc58
                0x10000000                        . = ALIGN (0x4)
                0x10000000                        _sccmram = .
 *(.ccmram)
 *(.ccmram*)
                0x10000000                        . = ALIGN (0x4)
                0x10000000                        _eccmram = .
                0x10000000                        . = ALIGN (0x4)

.bss            0x20000080     0x8f90
                0x20000080                        _sbss = .
                0x20000080                        __bss_start__ = _sbss
 *(.bss)
 .bss           0x20000080       0x1c C:/ST/STM32CubeIDE_2.0.0/STM32CubeIDE/plugins/com.st.stm32cube.ide.mcu.externaltools.gnu-tools-for-stm32.13.3.rel1.win32_1.0.100.202509120712/tools/bin/../lib/gcc/arm-none-eabi/13.3.1/thumb/v7e-m+fp/hard/crtbegin.o
 *(.bss*)
 .bss.uwTick    0x2000009c        0x4 ./Drivers/STM32F4xx_HAL_Driver/Src/stm32f4xx_hal.o
                0x2000009c                uwTick
 .bss.pxCurrentTCB
                0x200000a0        0x4 ./Middlewares/Third_Party/FreeRTOS/Source/tasks.o
                0x200000a0                pxCurrentTCB
 .bss.pxReadyTasksLists
                0x200000a4       0x8c ./Middlewares/Third_Party/FreeRTOS/Source/tasks.o
 .bss.xDelayedTaskList1
                0x20000130       0x14 ./Middlewares/Third_Party/FreeRTOS/Source/tasks.o
 .bss.xDelayedTaskList2
                0x20000144       0x14 ./Middlewares/Third_Party/FreeRTOS/Source/tasks.o
 .bss.pxDelayedTaskList
                0x20000158        0x4 ./Middlewares/Third_Party/FreeRTOS/Source/tasks.o
 .bss.pxOverflowDelayedTaskList
                0x2000015c        0x4 ./Middlewares/Third_Party/FreeRTOS/Source/tasks.o
 .bss.xPendingReadyList
                0x20000160       0x14 ./Middlewares/Third_Party/FreeRTOS/Source/tasks.o
 .bss.xTasksWaitingTermination
                0x20000174       0x14 ./Middlewares/Third_Party/FreeRTOS/Source/tasks.o
 .bss.uxDeletedTasksWaitingCleanUp
                0x20000188        0x4 ./Middlewares/Third_Party/FreeRTOS/Source/tasks.o
 .bss.xSuspendedTaskList
                0x2000018c       0x14 ./Middlewares/Third_Party/FreeRTOS/Source/tasks.o
 .bss.uxCurrentNumberOfTasks
                0x200001a0        0x4 ./Middlewares/Third_Party/FreeRTOS/Source/tasks.o
 .bss.xTickCount
                0x200001a4        0x4 ./Middlewares/Third_Party/FreeRTOS/Source/tasks.o
 .bss.uxTopReadyPriority
                0x200001a8        0x4 ./Middlewares/Third_Party/FreeRTOS/Source/tasks.o
 .bss.xSchedulerRunning
                0x200001ac        0x4 ./Middlewares/Third_Party/FreeRTOS/Source/tasks.o
 .bss.xPendedTicks
                0x200001b0        0x4 ./Middlewares/Third_Party/FreeRTOS/Source/tasks.o
 .bss.xYieldPending
                0x200001b4        0x4 ./Middlewares/Third_Party/FreeRTOS/Source/tasks.o
 .bss.xNumOfOverflows
                0x200001b8        0x4 ./Middlewares/Third_Party/FreeRTOS/Source/tasks.o
 .bss.uxTaskNumber
                0x200001bc        0x4 ./Middlewares/Third_Party/FreeRTOS/Source/tasks.o
 .bss.xNextTaskUnblockTime
                0x200001c0        0x4 ./Middlewares/Third_Party/FreeRTOS/Source/tasks.o
 .bss.xIdleTaskHandle
                0x200001c4        0x4 ./Middlewares/Third_Party/FreeRTOS/Source/tasks.o
 .bss.uxSchedulerSuspended
                0x200001c8        0x4 ./Middlewares/Third_Party/FreeRTOS/Source/tasks.o
 .bss.ucMaxSysCallPriority
                0x200001cc        0x1 ./Middlewares/Third_Party/FreeRTOS/Source/portable/GCC/ARM_CM4F/port.o
 *fill*         0x200001cd        0x3 
 .bss.ulMaxPRIGROUPValue
                0x200001d0        0x4 ./Middlewares/Third_Party/FreeRTOS/Source/portable/GCC/ARM_CM4F/port.o
 .bss.ucHeap    0x200001d4     0x8000 ./Middlewares/Third_Party/FreeRTOS/Source/portable/MemMang/heap_4.o
 .bss.xStart    0x200081d4        0x8 ./Middlewares/Third_Party/FreeRTOS/Source/portable/MemMang/heap_4.o
 .bss.pxEnd     0x200081dc        0x4 ./Middlewares/Third_Party/FreeRTOS/Source/portable/MemMang/heap_4.o
 .bss.xFreeBytesRemaining
                0x200081e0        0x4 ./Middlewares/Third_Party/FreeRTOS/Source/portable/MemMang/heap_4.o
 .bss.xMinimumEverFreeBytesRemaining
                0x200081e4        0x4 ./Middlewares/Third_Party/FreeRTOS/Source/portable/MemMang/heap_4.o
 .bss.xNumberOfSuccessfulAllocations
                0x200081e8        0x4 ./Middlewares/Third_Party/FreeRTOS/Source/portable/MemMang/heap_4.o
 .bss.xNumberOfSuccessfulFrees
                0x200081ec        0x4 ./Middlewares/Third_Party/FreeRTOS/Source/portable/MemMang/heap_4.o
 .bss.xBlockAllocatedBit
                0x200081f0        0x4 ./Middlewares/Third_Party/FreeRTOS/Source/portable/MemMang/heap_4.o
 .bss.hcrc      0x200081f4        0x8 ./Src/crc.o
                0x200081f4                hcrc
 .bss.hdma2d    0x200081fc       0x40 ./Src/dma2d.o
                0x200081fc                hdma2d
 .bss.hsdram1   0x2000823c       0x34 ./Src/fmc.o
                0x2000823c                hsdram1
 .bss.FMC_Initialized
                0x20008270        0x4 ./Src/fmc.o
 .bss.defaultTaskHandle
                0x20008274        0x4 ./Src/freertos.o
                0x20008274                defaultTaskHandle
 .bss.xIdleTaskTCBBuffer
                0x20008278       0x58 ./Src/freertos.o
 .bss.xIdleStack
                0x200082d0      0x200 ./Src/freertos.o
 .bss.hi2c3     0x200084d0       0x54 ./Src/i2c.o
                0x200084d0                hi2c3
 .bss.hltdc     0x20008524       0xa8 ./Src/ltdc.o
                0x20008524                hltdc
 .bss.hspi5     0x200085cc       0x58 ./Src/spi.o
                0x200085cc                hspi5
 .bss.htim6     0x20008624       0x48 ./Src/stm32f4xx_hal_timebase_tim.o
                0x20008624                htim6
 .bss.__sbrk_heap_end
                0x2000866c        0x4 ./Src/sysmem.o
 .bss.htim1     0x20008670       0x48 ./Src/tim.o
                0x20008670                htim1
 .bss.huart1    0x200086b8       0x48 ./Src/usart.o
                0x200086b8                huart1
 .bss.hUsbHostHS
                0x20008700      0x3e4 ./Src/usb_host.o
                0x20008700                hUsbHostHS
 .bss.Appli_state
                0x20008ae4        0x1 ./Src/usb_host.o
                0x20008ae4                Appli_state
 *fill*         0x20008ae5        0x3 
 .bss.hhcd_USB_OTG_HS
                0x20008ae8      0x3e0 ./Src/usbh_conf.o
                0x20008ae8                hhcd_USB_OTG_HS
 .bss.__malloc_sbrk_start
                0x20008ec8        0x4 C:/ST/STM32CubeIDE_2.0.0/STM32CubeIDE/plugins/com.st.stm32cube.ide.mcu.externaltools.gnu-tools-for-stm32.13.3.rel1.win32_1.0.100.202509120712/tools/bin/../lib/gcc/arm-none-eabi/13.3.1/../../../../arm-none-eabi/lib/thumb/v7e-m+fp/hard\libc_nano.a(libc_a-mallocr.o)
                0x20008ec8                __malloc_sbrk_start
 .bss.__malloc_free_list
                0x20008ecc        0x4 C:/ST/STM32CubeIDE_2.0.0/STM32CubeIDE/plugins/com.st.stm32cube.ide.mcu.externaltools.gnu-tools-for-stm32.13.3.rel1.win32_1.0.100.202509120712/tools/bin/../lib/gcc/arm-none-eabi/13.3.1/../../../../arm-none-eabi/lib/thumb/v7e-m+fp/hard\libc_nano.a(libc_a-mallocr.o)
                0x20008ecc                __malloc_free_list
 .bss.__sf      0x20008ed0      0x138 C:/ST/STM32CubeIDE_2.0.0/STM32CubeIDE/plugins/com.st.stm32cube.ide.mcu.externaltools.gnu-tools-for-stm32.13.3.rel1.win32_1.0.100.202509120712/tools/bin/../lib/gcc/arm-none-eabi/13.3.1/../../../../arm-none-eabi/lib/thumb/v7e-m+fp/hard\libc_nano.a(libc_a-findfp.o)
                0x20008ed0                __sf
 .bss.errno     0x20009008        0x4 C:/ST/STM32CubeIDE_2.0.0/STM32CubeIDE/plugins/com.st.stm32cube.ide.mcu.externaltools.gnu-tools-for-stm32.13.3.rel1.win32_1.0.100.202509120712/tools/bin/../lib/gcc/arm-none-eabi/13.3.1/../../../../arm-none-eabi/lib/thumb/v7e-m+fp/hard\libc_nano.a(libc_a-reent.o)
                0x20009008                errno
 .bss.__lock___malloc_recursive_mutex
                0x2000900c        0x1 C:/ST/STM32CubeIDE_2.0.0/STM32CubeIDE/plugins/com.st.stm32cube.ide.mcu.externaltools.gnu-tools-for-stm32.13.3.rel1.win32_1.0.100.202509120712/tools/bin/../lib/gcc/arm-none-eabi/13.3.1/../../../../arm-none-eabi/lib/thumb/v7e-m+fp/hard\libc_nano.a(libc_a-lock.o)
                0x2000900c                __lock___malloc_recursive_mutex
 *(COMMON)
                0x20009010                        . = ALIGN (0x4)
 *fill*         0x2000900d        0x3 
                0x20009010                        _ebss = .
                0x20009010                        __bss_end__ = _ebss

._user_heap_stack
                0x20009010      0x600
                0x20009010                        . = ALIGN (0x8)
                [!provide]                        PROVIDE (end = .)
                0x20009010                        PROVIDE (_end = .)
                0x20009210                        . = (. + _Min_Heap_Size)
 *fill*         0x20009010      0x200 
                0x20009610                        . = (. + _Min_Stack_Size)
 *fill*         0x20009210      0x400 
                0x20009610                        . = ALIGN (0x8)

/DISCARD/
 libc.a(*)
 libm.a(*)
 libgcc.a(*)

.ARM.attributes
                0x00000000       0x30
 *(.ARM.attributes)
 .ARM.attributes
                0x00000000       0x22 C:/ST/STM32CubeIDE_2.0.0/STM32CubeIDE/plugins/com.st.stm32cube.ide.mcu.externaltools.gnu-tools-for-stm32.13.3.rel1.win32_1.0.100.202509120712/tools/bin/../lib/gcc/arm-none-eabi/13.3.1/thumb/v7e-m+fp/hard/crti.o
 .ARM.attributes
                0x00000022       0x34 C:/ST/STM32CubeIDE_2.0.0/STM32CubeIDE/plugins/com.st.stm32cube.ide.mcu.externaltools.gnu-tools-for-stm32.13.3.rel1.win32_1.0.100.202509120712/tools/bin/../lib/gcc/arm-none-eabi/13.3.1/thumb/v7e-m+fp/hard/crtbegin.o
 .ARM.attributes
                0x00000056       0x34 ./Drivers/STM32F4xx_HAL_Driver/Src/stm32f4xx_hal.o
 .ARM.attributes
                0x0000008a       0x34 ./Drivers/STM32F4xx_HAL_Driver/Src/stm32f4xx_hal_cortex.o
 .ARM.attributes
                0x000000be       0x34 ./Drivers/STM32F4xx_HAL_Driver/Src/stm32f4xx_hal_crc.o
 .ARM.attributes
                0x000000f2       0x34 ./Drivers/STM32F4xx_HAL_Driver/Src/stm32f4xx_hal_dma2d.o
 .ARM.attributes
                0x00000126       0x34 ./Drivers/STM32F4xx_HAL_Driver/Src/stm32f4xx_hal_gpio.o
 .ARM.attributes
                0x0000015a       0x34 ./Drivers/STM32F4xx_HAL_Driver/Src/stm32f4xx_hal_hcd.o
 .ARM.attributes
                0x0000018e       0x34 ./Drivers/STM32F4xx_HAL_Driver/Src/stm32f4xx_hal_i2c.o
 .ARM.attributes
                0x000001c2       0x34 ./Drivers/STM32F4xx_HAL_Driver/Src/stm32f4xx_hal_i2c_ex.o
 .ARM.attributes
                0x000001f6       0x34 ./Drivers/STM32F4xx_HAL_Driver/Src/stm32f4xx_hal_ltdc.o
 .ARM.attributes
                0x0000022a       0x34 ./Drivers/STM32F4xx_HAL_Driver/Src/stm32f4xx_hal_rcc.o
 .ARM.attributes
                0x0000025e       0x34 ./Drivers/STM32F4xx_HAL_Driver/Src/stm32f4xx_hal_rcc_ex.o
 .ARM.attributes
                0x00000292       0x34 ./Drivers/STM32F4xx_HAL_Driver/Src/stm32f4xx_hal_sdram.o
 .ARM.attributes
                0x000002c6       0x34 ./Drivers/STM32F4xx_HAL_Driver/Src/stm32f4xx_hal_spi.o
 .ARM.attributes
                0x000002fa       0x34 ./Drivers/STM32F4xx_HAL_Driver/Src/stm32f4xx_hal_tim.o
 .ARM.attributes
                0x0000032e       0x34 ./Drivers/STM32F4xx_HAL_Driver/Src/stm32f4xx_hal_tim_ex.o
 .ARM.attributes
                0x00000362       0x34 ./Drivers/STM32F4xx_HAL_Driver/Src/stm32f4xx_hal_uart.o
 .ARM.attributes
                0x00000396       0x34 ./Drivers/STM32F4xx_HAL_Driver/Src/stm32f4xx_ll_fmc.o
 .ARM.attributes
                0x000003ca       0x34 ./Drivers/STM32F4xx_HAL_Driver/Src/stm32f4xx_ll_usb.o
 .ARM.attributes
                0x000003fe       0x34 ./Middlewares/ST/STM32_USB_Host_Library/Class/CDC/Src/usbh_cdc.o
 .ARM.attributes
                0x00000432       0x34 ./Middlewares/ST/STM32_USB_Host_Library/Core/Src/usbh_core.o
 .ARM.attributes
                0x00000466       0x34 ./Middlewares/ST/STM32_USB_Host_Library/Core/Src/usbh_ctlreq.o
 .ARM.attributes
                0x0000049a       0x34 ./Middlewares/ST/STM32_USB_Host_Library/Core/Src/usbh_ioreq.o
 .ARM.attributes
                0x000004ce       0x34 ./Middlewares/ST/STM32_USB_Host_Library/Core/Src/usbh_pipes.o
 .ARM.attributes
                0x00000502       0x34 ./Middlewares/Third_Party/FreeRTOS/Source/CMSIS_RTOS/cmsis_os.o
 .ARM.attributes
                0x00000536       0x34 ./Middlewares/Third_Party/FreeRTOS/Source/list.o
 .ARM.attributes
                0x0000056a       0x34 ./Middlewares/Third_Party/FreeRTOS/Source/queue.o
 .ARM.attributes
                0x0000059e       0x34 ./Middlewares/Third_Party/FreeRTOS/Source/tasks.o
 .ARM.attributes
                0x000005d2       0x34 ./Middlewares/Third_Party/FreeRTOS/Source/portable/GCC/ARM_CM4F/port.o
 .ARM.attributes
                0x00000606       0x34 ./Middlewares/Third_Party/FreeRTOS/Source/portable/MemMang/heap_4.o
 .ARM.attributes
                0x0000063a       0x34 ./Src/crc.o
 .ARM.attributes
                0x0000066e       0x34 ./Src/dma2d.o
 .ARM.attributes
                0x000006a2       0x34 ./Src/fmc.o
 .ARM.attributes
                0x000006d6       0x34 ./Src/freertos.o
 .ARM.attributes
                0x0000070a       0x34 ./Src/gpio.o
 .ARM.attributes
                0x0000073e       0x34 ./Src/i2c.o
 .ARM.attributes
                0x00000772       0x34 ./Src/ltdc.o
 .ARM.attributes
                0x000007a6       0x34 ./Src/main.o
 .ARM.attributes
                0x000007da       0x34 ./Src/spi.o
 .ARM.attributes
                0x0000080e       0x34 ./Src/stm32f4xx_hal_msp.o
 .ARM.attributes
                0x00000842       0x34 ./Src/stm32f4xx_hal_timebase_tim.o
 .ARM.attributes
                0x00000876       0x34 ./Src/stm32f4xx_it.o
 .ARM.attributes
                0x000008aa       0x34 ./Src/sysmem.o
 .ARM.attributes
                0x000008de       0x34 ./Src/system_stm32f4xx.o
 .ARM.attributes
                0x00000912       0x34 ./Src/tim.o
 .ARM.attributes
                0x00000946       0x34 ./Src/usart.o
 .ARM.attributes
                0x0000097a       0x34 ./Src/usb_host.o
 .ARM.attributes
                0x000009ae       0x34 ./Src/usbh_conf.o
 .ARM.attributes
                0x000009e2       0x34 ./Src/usbh_platform.o
 .ARM.attributes
                0x00000a16       0x21 ./Startup/startup_stm32f429zıtx.o
 .ARM.attributes
                0x00000a37       0x34 C:/ST/STM32CubeIDE_2.0.0/STM32CubeIDE/plugins/com.st.stm32cube.ide.mcu.externaltools.gnu-tools-for-stm32.13.3.rel1.win32_1.0.100.202509120712/tools/bin/../lib/gcc/arm-none-eabi/13.3.1/../../../../arm-none-eabi/lib/thumb/v7e-m+fp/hard\libc_nano.a(libc_a-malloc.o)
 .ARM.attributes
                0x00000a6b       0x34 C:/ST/STM32CubeIDE_2.0.0/STM32CubeIDE/plugins/com.st.stm32cube.ide.mcu.externaltools.gnu-tools-for-stm32.13.3.rel1.win32_1.0.100.202509120712/tools/bin/../lib/gcc/arm-none-eabi/13.3.1/../../../../arm-none-eabi/lib/thumb/v7e-m+fp/hard\libc_nano.a(libc_a-mallocr.o)
 .ARM.attributes
                0x00000a9f       0x34 C:/ST/STM32CubeIDE_2.0.0/STM32CubeIDE/plugins/com.st.stm32cube.ide.mcu.externaltools.gnu-tools-for-stm32.13.3.rel1.win32_1.0.100.202509120712/tools/bin/../lib/gcc/arm-none-eabi/13.3.1/../../../../arm-none-eabi/lib/thumb/v7e-m+fp/hard\libc_nano.a(libc_a-mlock.o)
 .ARM.attributes
                0x00000ad3       0x34 C:/ST/STM32CubeIDE_2.0.0/STM32CubeIDE/plugins/com.st.stm32cube.ide.mcu.externaltools.gnu-tools-for-stm32.13.3.rel1.win32_1.0.100.202509120712/tools/bin/../lib/gcc/arm-none-eabi/13.3.1/../../../../arm-none-eabi/lib/thumb/v7e-m+fp/hard\libc_nano.a(libc_a-findfp.o)
 .ARM.attributes
                0x00000b07       0x34 C:/ST/STM32CubeIDE_2.0.0/STM32CubeIDE/plugins/com.st.stm32cube.ide.mcu.externaltools.gnu-tools-for-stm32.13.3.rel1.win32_1.0.100.202509120712/tools/bin/../lib/gcc/arm-none-eabi/13.3.1/../../../../arm-none-eabi/lib/thumb/v7e-m+fp/hard\libc_nano.a(libc_a-memset.o)
 .ARM.attributes
                0x00000b3b       0x34 C:/ST/STM32CubeIDE_2.0.0/STM32CubeIDE/plugins/com.st.stm32cube.ide.mcu.externaltools.gnu-tools-for-stm32.13.3.rel1.win32_1.0.100.202509120712/tools/bin/../lib/gcc/arm-none-eabi/13.3.1/../../../../arm-none-eabi/lib/thumb/v7e-m+fp/hard\libc_nano.a(libc_a-reent.o)
 .ARM.attributes
                0x00000b6f       0x34 C:/ST/STM32CubeIDE_2.0.0/STM32CubeIDE/plugins/com.st.stm32cube.ide.mcu.externaltools.gnu-tools-for-stm32.13.3.rel1.win32_1.0.100.202509120712/tools/bin/../lib/gcc/arm-none-eabi/13.3.1/../../../../arm-none-eabi/lib/thumb/v7e-m+fp/hard\libc_nano.a(libc_a-impure.o)
 .ARM.attributes
                0x00000ba3       0x34 C:/ST/STM32CubeIDE_2.0.0/STM32CubeIDE/plugins/com.st.stm32cube.ide.mcu.externaltools.gnu-tools-for-stm32.13.3.rel1.win32_1.0.100.202509120712/tools/bin/../lib/gcc/arm-none-eabi/13.3.1/../../../../arm-none-eabi/lib/thumb/v7e-m+fp/hard\libc_nano.a(libc_a-sbrkr.o)
 .ARM.attributes
                0x00000bd7       0x34 C:/ST/STM32CubeIDE_2.0.0/STM32CubeIDE/plugins/com.st.stm32cube.ide.mcu.externaltools.gnu-tools-for-stm32.13.3.rel1.win32_1.0.100.202509120712/tools/bin/../lib/gcc/arm-none-eabi/13.3.1/../../../../arm-none-eabi/lib/thumb/v7e-m+fp/hard\libc_nano.a(libc_a-errno.o)
 .ARM.attributes
                0x00000c0b       0x34 C:/ST/STM32CubeIDE_2.0.0/STM32CubeIDE/plugins/com.st.stm32cube.ide.mcu.externaltools.gnu-tools-for-stm32.13.3.rel1.win32_1.0.100.202509120712/tools/bin/../lib/gcc/arm-none-eabi/13.3.1/../../../../arm-none-eabi/lib/thumb/v7e-m+fp/hard\libc_nano.a(libc_a-init.o)
 .ARM.attributes
                0x00000c3f       0x34 C:/ST/STM32CubeIDE_2.0.0/STM32CubeIDE/plugins/com.st.stm32cube.ide.mcu.externaltools.gnu-tools-for-stm32.13.3.rel1.win32_1.0.100.202509120712/tools/bin/../lib/gcc/arm-none-eabi/13.3.1/../../../../arm-none-eabi/lib/thumb/v7e-m+fp/hard\libc_nano.a(libc_a-lock.o)
 .ARM.attributes
                0x00000c73       0x34 C:/ST/STM32CubeIDE_2.0.0/STM32CubeIDE/plugins/com.st.stm32cube.ide.mcu.externaltools.gnu-tools-for-stm32.13.3.rel1.win32_1.0.100.202509120712/tools/bin/../lib/gcc/arm-none-eabi/13.3.1/../../../../arm-none-eabi/lib/thumb/v7e-m+fp/hard\libc_nano.a(libc_a-memcpy-stub.o)
 .ARM.attributes
                0x00000ca7       0x34 C:/ST/STM32CubeIDE_2.0.0/STM32CubeIDE/plugins/com.st.stm32cube.ide.mcu.externaltools.gnu-tools-for-stm32.13.3.rel1.win32_1.0.100.202509120712/tools/bin/../lib/gcc/arm-none-eabi/13.3.1/../../../../arm-none-eabi/lib/thumb/v7e-m+fp/hard\libc_nano.a(libc_a-freer.o)
 .ARM.attributes