Archive member included to satisfy reference by file (symbol)

C:/ST/STM32CubeIDE_2.0.0/STM32CubeIDE/plugins/com.st.stm32cube.ide.mcu.externaltools.gnu-tools-for-stm32.13.3.rel1.win32_1.0.100.202509120712/tools/bin/../lib/gcc/arm-none-eabi/13.3.1/../../../../arm-none-eabi/lib/thumb/v7e-m+fp/hard\libc_nano.a(libc_a-exit.o)
                              C:/ST/STM32CubeIDE_2.0.0/STM32CubeIDE/plugins/com.st.stm32cube.ide.mcu.externaltools.gnu-tools-for-stm32.13.3.rel1.win32_1.0.100.202509120712/tools/bin/../lib/gcc/arm-none-eabi/13.3.1/../../../../arm-none-eabi/lib/thumb/v7e-m+fp/hard/crt0.o (exit)
C:/ST/STM32CubeIDE_2.0.0/STM32CubeIDE/plugins/com.st.stm32cube.ide.mcu.externaltools.gnu-tools-for-stm32.13.3.rel1.win32_1.0.100.202509120712/tools/bin/../lib/gcc/arm-none-eabi/13.3.1/../../../../arm-none-eabi/lib/thumb/v7e-m+fp/hard\libc_nano.a(libc_a-malloc.o)
                              ./Middlewares/ST/STM32_USB_Host_Library/Class/CDC/Src/usbh_cdc.o (malloc)
C:/ST/STM32CubeIDE_2.0.0/STM32CubeIDE/plugins/com.st.stm32cube.ide.mcu.externaltools.gnu-tools-for-stm32.13.3.rel1.win32_1.0.100.202509120712/tools/bin/../lib/gcc/arm-none-eabi/13.3.1/../../../../arm-none-eabi/lib/thumb/v7e-m+fp/hard\libc_nano.a(libc_a-mallocr.o)
                              C:/ST/STM32CubeIDE_2.0.0/STM32CubeIDE/plugins/com.st.stm32cube.ide.mcu.externaltools.gnu-tools-for-stm32.13.3.rel1.win32_1.0.100.202509120712/tools/bin/../lib/gcc/arm-none-eabi/13.3.1/../../../../arm-none-eabi/lib/thumb/v7e-m+fp/hard\libc_nano.a(libc_a-malloc.o) (_malloc_r)
C:/ST/STM32CubeIDE_2.0.0/STM32CubeIDE/plugins/com.st.stm32cube.ide.mcu.externaltools.gnu-tools-for-stm32.13.3.rel1.win32_1.0.100.202509120712/tools/bin/../lib/gcc/arm-none-eabi/13.3.1/../../../../arm-none-eabi/lib/thumb/v7e-m+fp/hard\libc_nano.a(libc_a-mlock.o)
                              C:/ST/STM32CubeIDE_2.0.0/STM32CubeIDE/plugins/com.st.stm32cube.ide.mcu.externaltools.gnu-tools-for-stm32.13.3.rel1.win32_1.0.100.202509120712/tools/bin/../lib/gcc/arm-none-eabi/13.3.1/../../../../arm-none-eabi/lib/thumb/v7e-m+fp/hard\libc_nano.a(libc_a-mallocr.o) (__malloc_lock)
C:/ST/STM32CubeIDE_2.0.0/STM32CubeIDE/plugins/com.st.stm32cube.ide.mcu.externaltools.gnu-tools-for-stm32.13.3.rel1.win32_1.0.100.202509120712/tools/bin/../lib/gcc/arm-none-eabi/13.3.1/../../../../arm-none-eabi/lib/thumb/v7e-m+fp/hard\libc_nano.a(libc_a-findfp.o)
                              C:/ST/STM32CubeIDE_2.0.0/STM32CubeIDE/plugins/com.st.stm32cube.ide.mcu.externaltools.gnu-tools-for-stm32.13.3.rel1.win32_1.0.100.202509120712/tools/bin/../lib/gcc/arm-none-eabi/13.3.1/../../../../arm-none-eabi/lib/thumb/v7e-m+fp/hard\libc_nano.a(libc_a-exit.o) (__stdio_exit_handler)
C:/ST/STM32CubeIDE_2.0.0/STM32CubeIDE/plugins/com.st.stm32cube.ide.mcu.externaltools.gnu-tools-for-stm32.13.3.rel1.win32_1.0.100.202509120712/tools/bin/../lib/gcc/arm-none-eabi/13.3.1/../../../../arm-none-eabi/lib/thumb/v7e-m+fp/hard\libc_nano.a(libc_a-fwalk.o)
                              C:/ST/STM32CubeIDE_2.0.0/STM32CubeIDE/plugins/com.st.stm32cube.ide.mcu.externaltools.gnu-tools-for-stm32.13.3.rel1.win32_1.0.100.202509120712/tools/bin/../lib/gcc/arm-none-eabi/13.3.1/../../../../arm-none-eabi/lib/thumb/v7e-m+fp/hard\libc_nano.a(libc_a-findfp.o) (_fwalk_sglue)
C:/ST/STM32CubeIDE_2.0.0/STM32CubeIDE/plugins/com.st.stm32cube.ide.mcu.externaltools.gnu-tools-for-stm32.13.3.rel1.win32_1.0.100.202509120712/tools/bin/../lib/gcc/arm-none-eabi/13.3.1/../../../../arm-none-eabi/lib/thumb/v7e-m+fp/hard\libc_nano.a(libc_a-sprintf.o)
                              ./Src/main.o (sprintf)
C:/ST/STM32CubeIDE_2.0.0/STM32CubeIDE/plugins/com.st.stm32cube.ide.mcu.externaltools.gnu-tools-for-stm32.13.3.rel1.win32_1.0.100.202509120712/tools/bin/../lib/gcc/arm-none-eabi/13.3.1/../../../../arm-none-eabi/lib/thumb/v7e-m+fp/hard\libc_nano.a(libc_a-stdio.o)
                              C:/ST/STM32CubeIDE_2.0.0/STM32CubeIDE/plugins/com.st.stm32cube.ide.mcu.externaltools.gnu-tools-for-stm32.13.3.rel1.win32_1.0.100.202509120712/tools/bin/../lib/gcc/arm-none-eabi/13.3.1/../../../../arm-none-eabi/lib/thumb/v7e-m+fp/hard\libc_nano.a(libc_a-findfp.o) (__sread)
C:/ST/STM32CubeIDE_2.0.0/STM32CubeIDE/plugins/com.st.stm32cube.ide.mcu.externaltools.gnu-tools-for-stm32.13.3.rel1.win32_1.0.100.202509120712/tools/bin/../lib/gcc/arm-none-eabi/13.3.1/../../../../arm-none-eabi/lib/thumb/v7e-m+fp/hard\libc_nano.a(libc_a-memset.o)
                              C:/ST/STM32CubeIDE_2.0.0/STM32CubeIDE/plugins/com.st.stm32cube.ide.mcu.externaltools.gnu-tools-for-stm32.13.3.rel1.win32_1.0.100.202509120712/tools/bin/../lib/gcc/arm-none-eabi/13.3.1/../../../../arm-none-eabi/lib/thumb/v7e-m+fp/hard/crt0.o (memset)
C:/ST/STM32CubeIDE_2.0.0/STM32CubeIDE/plugins/com.st.stm32cube.ide.mcu.externaltools.gnu-tools-for-stm32.13.3.rel1.win32_1.0.100.202509120712/tools/bin/../lib/gcc/arm-none-eabi/13.3.1/../../../../arm-none-eabi/lib/thumb/v7e-m+fp/hard\libc_nano.a(libc_a-closer.o)
[...]
Memory Configuration

Name             Origin             Length             Attributes
CCMRAM           0x10000000         0x00010000         xrw
RAM              0x20000000         0x00030000         xrw
FLASH            0x08000000         0x00200000         xr
*default*        0x00000000         0xffffffff

Linker script and memory map

LOAD C:/ST/STM32CubeIDE_2.0.0/STM32CubeIDE/plugins/com.st.stm32cube.ide.mcu.externaltools.gnu-tools-for-stm32.13.3.rel1.win32_1.0.100.202509120712/tools/bin/../lib/gcc/arm-none-eabi/13.3.1/thumb/v7e-m+fp/hard/crti.o
LOAD C:/ST/STM32CubeIDE_2.0.0/STM32CubeIDE/plugins/com.st.stm32cube.ide.mcu.externaltools.gnu-tools-for-stm32.13.3.rel1.win32_1.0.100.202509120712/tools/bin/../lib/gcc/arm-none-eabi/13.3.1/thumb/v7e-m+fp/hard/crtbegin.o
LOAD C:/ST/STM32CubeIDE_2.0.0/STM32CubeIDE/plugins/com.st.stm32cube.ide.mcu.externaltools.gnu-tools-for-stm32.13.3.rel1.win32_1.0.100.202509120712/tools/bin/../lib/gcc/arm-none-eabi/13.3.1/../../../../arm-none-eabi/lib/thumb/v7e-m+fp/hard/crt0.o
LOAD ./Drivers/STM32F4xx_HAL_Driver/Src/stm32f4xx_hal.o
LOAD ./Drivers/STM32F4xx_HAL_Driver/Src/stm32f4xx_hal_cortex.o
LOAD ./Drivers/STM32F4xx_HAL_Driver/Src/stm32f4xx_hal_crc.o
LOAD ./Drivers/STM32F4xx_HAL_Driver/Src/stm32f4xx_hal_dma.o
LOAD ./Drivers/STM32F4xx_HAL_Driver/Src/stm32f4xx_hal_dma2d.o
LOAD ./Drivers/STM32F4xx_HAL_Driver/Src/stm32f4xx_hal_dma_ex.o
LOAD ./Drivers/STM32F4xx_HAL_Driver/Src/stm32f4xx_hal_dsi.o
LOAD ./Drivers/STM32F4xx_HAL_Driver/Src/stm32f4xx_hal_exti.o
LOAD ./Drivers/STM32F4xx_HAL_Driver/Src/stm32f4xx_hal_flash.o
LOAD ./Drivers/STM32F4xx_HAL_Driver/Src/stm32f4xx_hal_flash_ex.o
LOAD ./Drivers/STM32F4xx_HAL_Driver/Src/stm32f4xx_hal_flash_ramfunc.o
LOAD ./Drivers/STM32F4xx_HAL_Driver/Src/stm32f4xx_hal_gpio.o
LOAD ./Drivers/STM32F4xx_HAL_Driver/Src/stm32f4xx_hal_hcd.o
LOAD ./Drivers/STM32F4xx_HAL_Driver/Src/stm32f4xx_hal_i2c.o
LOAD ./Drivers/STM32F4xx_HAL_Driver/Src/stm32f4xx_hal_i2c_ex.o
LOAD ./Drivers/STM32F4xx_HAL_Driver/Src/stm32f4xx_hal_ltdc.o
LOAD ./Drivers/STM32F4xx_HAL_Driver/Src/stm32f4xx_hal_ltdc_ex.o
LOAD ./Drivers/STM32F4xx_HAL_Driver/Src/stm32f4xx_hal_nand.o
LOAD ./Drivers/STM32F4xx_HAL_Driver/Src/stm32f4xx_hal_nor.o
LOAD ./Drivers/STM32F4xx_HAL_Driver/Src/stm32f4xx_hal_pccard.o
LOAD ./Drivers/STM32F4xx_HAL_Driver/Src/stm32f4xx_hal_pwr.o
LOAD ./Drivers/STM32F4xx_HAL_Driver/Src/stm32f4xx_hal_pwr_ex.o
LOAD ./Drivers/STM32F4xx_HAL_Driver/Src/stm32f4xx_hal_rcc.o
LOAD ./Drivers/STM32F4xx_HAL_Driver/Src/stm32f4xx_hal_rcc_ex.o
LOAD ./Drivers/STM32F4xx_HAL_Driver/Src/stm32f4xx_hal_sdram.o
LOAD ./Drivers/STM32F4xx_HAL_Driver/Src/stm32f4xx_hal_spi.o
LOAD ./Drivers/STM32F4xx_HAL_Driver/Src/stm32f4xx_hal_sram.o
LOAD ./Drivers/STM32F4xx_HAL_Driver/Src/stm32f4xx_hal_tim.o
LOAD ./Drivers/STM32F4xx_HAL_Driver/Src/stm32f4xx_hal_tim_ex.o
LOAD ./Drivers/STM32F4xx_HAL_Driver/Src/stm32f4xx_hal_uart.o
LOAD ./Drivers/STM32F4xx_HAL_Driver/Src/stm32f4xx_ll_fmc.o
LOAD ./Drivers/STM32F4xx_HAL_Driver/Src/stm32f4xx_ll_usb.o
LOAD ./Middlewares/ST/STM32_USB_Host_Library/Class/CDC/Src/usbh_cdc.o
LOAD ./Middlewares/ST/STM32_USB_Host_Library/Core/Src/usbh_core.o
LOAD ./Middlewares/ST/STM32_USB_Host_Library/Core/Src/usbh_ctlreq.o
LOAD ./Middlewares/ST/STM32_USB_Host_Library/Core/Src/usbh_ioreq.o
LOAD ./Middlewares/ST/STM32_USB_Host_Library/Core/Src/usbh_pipes.o
LOAD ./Middlewares/Third_Party/FreeRTOS/Source/CMSIS_RTOS/cmsis_os.o
LOAD ./Middlewares/Third_Party/FreeRTOS/Source/croutine.o
LOAD ./Middlewares/Third_Party/FreeRTOS/Source/event_groups.o
LOAD ./Middlewares/Third_Party/FreeRTOS/Source/list.o
LOAD ./Middlewares/Third_Party/FreeRTOS/Source/queue.o
LOAD ./Middlewares/Third_Party/FreeRTOS/Source/stream_buffer.o
LOAD ./Middlewares/Third_Party/FreeRTOS/Source/tasks.o
LOAD ./Middlewares/Third_Party/FreeRTOS/Source/timers.o
LOAD ./Middlewares/Third_Party/FreeRTOS/Source/portable/GCC/ARM_CM4F/port.o
LOAD ./Middlewares/Third_Party/FreeRTOS/Source/portable/MemMang/heap_4.o
LOAD ./Src/crc.o
LOAD ./Src/dma2d.o
LOAD ./Src/fmc.o
LOAD ./Src/freertos.o
LOAD ./Src/gpio.o
LOAD ./Src/i2c.o
LOAD ./Src/i3g4250d_platform_stm32.o
LOAD ./Src/i3g4250d_reg.o
LOAD ./Src/ltdc.o
LOAD ./Src/main.o
LOAD ./Src/spi.o
LOAD ./Src/stm32f4xx_hal_msp.o
LOAD ./Src/stm32f4xx_hal_timebase_tim.o
LOAD ./Src/stm32f4xx_it.o
LOAD ./Src/syscalls.o
LOAD ./Src/sysmem.o
LOAD ./Src/system_stm32f4xx.o
LOAD ./Src/tim.o
LOAD ./Src/usart.o
LOAD ./Src/usb_host.o
LOAD ./Src/usbh_conf.o
LOAD ./Src/usbh_platform.o
LOAD ./Startup/startup_stm32f429zıtx.o
START GROUP
LOAD C:/ST/STM32CubeIDE_2.0.0/STM32CubeIDE/plugins/com.st.stm32cube.ide.mcu.externaltools.gnu-tools-for-stm32.13.3.rel1.win32_1.0.100.202509120712/tools/bin/../lib/gcc/arm-none-eabi/13.3.1/../../../../arm-none-eabi/lib/thumb/v7e-m+fp/hard\libc_nano.a
LOAD C:/ST/STM32CubeIDE_2.0.0/STM32CubeIDE/plugins/com.st.stm32cube.ide.mcu.externaltools.gnu-tools-for-stm32.13.3.rel1.win32_1.0.100.202509120712/tools/bin/../lib/gcc/arm-none-eabi/13.3.1/../../../../arm-none-eabi/lib/thumb/v7e-m+fp/hard\libm.a
END GROUP
START GROUP
LOAD C:/ST/STM32CubeIDE_2.0.0/STM32CubeIDE/plugins/com.st.stm32cube.ide.mcu.externaltools.gnu-tools-for-stm32.13.3.rel1.win32_1.0.100.202509120712/tools/bin/../lib/gcc/arm-none-eabi/13.3.1/thumb/v7e-m+fp/hard\libgcc.a
LOAD C:/ST/STM32CubeIDE_2.0.0/STM32CubeIDE/plugins/com.st.stm32cube.ide.mcu.externaltools.gnu-tools-for-stm32.13.3.rel1.win32_1.0.100.202509120712/tools/bin/../lib/gcc/arm-none-eabi/13.3.1/../../../../arm-none-eabi/lib/thumb/v7e-m+fp/hard\libc_nano.a
END GROUP
START GROUP
LOAD C:/ST/STM32CubeIDE_2.0.0/STM32CubeIDE/plugins/com.st.stm32cube.ide.mcu.externaltools.gnu-tools-for-stm32.13.3.rel1.win32_1.0.100.202509120712/tools/bin/../lib/gcc/arm-none-eabi/13.3.1/thumb/v7e-m+fp/hard\libgcc.a
LOAD C:/ST/STM32CubeIDE_2.0.0/STM32CubeIDE/plugins/com.st.stm32cube.ide.mcu.externaltools.gnu-tools-for-stm32.13.3.rel1.win32_1.0.100.202509120712/tools/bin/../lib/gcc/arm-none-eabi/13.3.1/../../../../arm-none-eabi/lib/thumb/v7e-m+fp/hard\libc_nano.a
LOAD C:/ST/STM32CubeIDE_2.0.0/STM32CubeIDE/plugins/com.st.stm32cube.ide.mcu.externaltools.gnu-tools-for-stm32.13.3.rel1.win32_1.0.100.202509120712/tools/bin/../lib/gcc/arm-none-eabi/13.3.1/../../../../arm-none-eabi/lib/thumb/v7e-m+fp/hard\libnosys.a
END GROUP
START GROUP
LOAD C:/ST/STM32CubeIDE_2.0.0/STM32CubeIDE/plugins/com.st.stm32cube.ide.mcu.externaltools.gnu-tools-for-stm32.13.3.rel1.win32_1.0.100.202509120712/tools/bin/../lib/gcc/arm-none-eabi/13.3.1/thumb/v7e-m+fp/hard\libgcc.a
LOAD C:/ST/STM32CubeIDE_2.0.0/STM32CubeIDE/plugins/com.st.stm32cube.ide.mcu.externaltools.gnu-tools-for-stm32.13.3.rel1.win32_1.0.100.202509120712/tools/bin/../lib/gcc/arm-none-eabi/13.3.1/../../../../arm-none-eabi/lib/thumb/v7e-m+fp/hard\libc_nano.a
LOAD C:/ST/STM32CubeIDE_2.0.0/STM32CubeIDE/plugins/com.st.stm32cube.ide.mcu.externaltools.gnu-tools-for-stm32.13.3.rel1.win32_1.0.100.202509120712/tools/bin/../lib/gcc/arm-none-eabi/13.3.1/../../../../arm-none-eabi/lib/thumb/v7e-m+fp/hard\libnosys.a
END GROUP
LOAD C:/ST/STM32CubeIDE_2.0.0/STM32CubeIDE/plugins/com.st.stm32cube.ide.mcu.externaltools.gnu-tools-for-stm32.13.3.rel1.win32_1.0.100.202509120712/tools/bin/../lib/gcc/arm-none-eabi/13.3.1/thumb/v7e-m+fp/hard/crtend.o
LOAD C:/ST/STM32CubeIDE_2.0.0/STM32CubeIDE/plugins/com.st.stm32cube.ide.mcu.externaltools.gnu-tools-for-stm32.13.3.rel1.win32_1.0.100.202509120712/tools/bin/../lib/gcc/arm-none-eabi/13.3.1/thumb/v7e-m+fp/hard/crtn.o
                0x20030000                        _estack = (ORIGIN (RAM) + LENGTH (RAM))
                0x00000200                        _Min_Heap_Size = 0x200
                0x00000400                        _Min_Stack_Size = 0x400

.isr_vector     0x08000000      0x1ac
                0x08000000                        . = ALIGN (0x4)
 *(.isr_vector)
 .isr_vector    0x08000000      0x1ac ./Startup/startup_stm32f429zıtx.o
                0x08000000                g_pfnVectors
                0x080001ac                        . = ALIGN (0x4)

.text           0x080001b0     0x9e64
                0x080001b0                        . = ALIGN (0x4)
 *(.text)
 .text          0x080001b0       0x40 C:/ST/STM32CubeIDE_2.0.0/STM32CubeIDE/plugins/com.st.stm32cube.ide.mcu.externaltools.gnu-tools-for-stm32.13.3.rel1.win32_1.0.100.202509120712/tools/bin/../lib/gcc/arm-none-eabi/13.3.1/thumb/v7e-m+fp/hard/crtbegin.o
 .text          0x080001f0       0x10 C:/ST/STM32CubeIDE_2.0.0/STM32CubeIDE/plugins/com.st.stm32cube.ide.mcu.externaltools.gnu-tools-for-stm32.13.3.rel1.win32_1.0.100.202509120712/tools/bin/../lib/gcc/arm-none-eabi/13.3.1/../../../../arm-none-eabi/lib/thumb/v7e-m+fp/hard\libc_nano.a(libc_a-strlen.o)
                0x080001f0                strlen
 .text          0x08000200       0xa0 C:/ST/STM32CubeIDE_2.0.0/STM32CubeIDE/plugins/com.st.stm32cube.ide.mcu.externaltools.gnu-tools-for-stm32.13.3.rel1.win32_1.0.100.202509120712/tools/bin/../lib/gcc/arm-none-eabi/13.3.1/../../../../arm-none-eabi/lib/thumb/v7e-m+fp/hard\libc_nano.a(libc_a-memchr.o)
                0x08000200                memchr
 .text          0x080002a0       0x30 C:/ST/STM32CubeIDE_2.0.0/STM32CubeIDE/plugins/com.st.stm32cube.ide.mcu.externaltools.gnu-tools-for-stm32.13.3.rel1.win32_1.0.100.202509120712/tools/bin/../lib/gcc/arm-none-eabi/13.3.1/thumb/v7e-m+fp/hard\libgcc.a(_aeabi_uldivmod.o)
                0x080002a0                __aeabi_uldivmod
 .text          0x080002d0      0x2f8 C:/ST/STM32CubeIDE_2.0.0/STM32CubeIDE/plugins/com.st.stm32cube.ide.mcu.externaltools.gnu-tools-for-stm32.13.3.rel1.win32_1.0.100.202509120712/tools/bin/../lib/gcc/arm-none-eabi/13.3.1/thumb/v7e-m+fp/hard\libgcc.a(_udivmoddi4.o)
                0x080002d0                __udivmoddi4
 .text          0x080005c8        0x4 C:/ST/STM32CubeIDE_2.0.0/STM32CubeIDE/plugins/com.st.stm32cube.ide.mcu.externaltools.gnu-tools-for-stm32.13.3.rel1.win32_1.0.100.202509120712/tools/bin/../lib/gcc/arm-none-eabi/13.3.1/thumb/v7e-m+fp/hard\libgcc.a(_dvmd_tls.o)
                0x080005c8                __aeabi_idiv0
                0x080005c8                __aeabi_ldiv0
 *(.text*)
 .text.HAL_Init
                0x080005cc       0x44 ./Drivers/STM32F4xx_HAL_Driver/Src/stm32f4xx_hal.o
                0x080005cc                HAL_Init
 .text.HAL_IncTick
                0x08000610       0x28 ./Drivers/STM32F4xx_HAL_Driver/Src/stm32f4xx_hal.o
                0x08000610                HAL_IncTick
 .text.HAL_GetTick
                0x08000638       0x18 ./Drivers/STM32F4xx_HAL_Driver/Src/stm32f4xx_hal.o
                0x08000638                HAL_GetTick
 .text.HAL_Delay
                0x08000650       0x48 ./Drivers/STM32F4xx_HAL_Driver/Src/stm32f4xx_hal.o
                0x08000650                HAL_Delay
 .text.__NVIC_SetPriorityGrouping
                0x08000698       0x48 ./Drivers/STM32F4xx_HAL_Driver/Src/stm32f4xx_hal_cortex.o
 .text.__NVIC_GetPriorityGrouping
                0x080006e0       0x1c ./Drivers/STM32F4xx_HAL_Driver/Src/stm32f4xx_hal_cortex.o
 .text.__NVIC_EnableIRQ
                0x080006fc       0x3c ./Drivers/STM32F4xx_HAL_Driver/Src/stm32f4xx_hal_cortex.o
 .text.__NVIC_SetPriority
                0x08000738       0x54 ./Drivers/STM32F4xx_HAL_Driver/Src/stm32f4xx_hal_cortex.o
 .text.NVIC_EncodePriority
                0x0800078c       0x66 ./Drivers/STM32F4xx_HAL_Driver/Src/stm32f4xx_hal_cortex.o
 .text.HAL_NVIC_SetPriorityGrouping
                0x080007f2       0x16 ./Drivers/STM32F4xx_HAL_Driver/Src/stm32f4xx_hal_cortex.o
                0x080007f2                HAL_NVIC_SetPriorityGrouping
 .text.HAL_NVIC_SetPriority
                0x08000808       0x38 ./Drivers/STM32F4xx_HAL_Driver/Src/stm32f4xx_hal_cortex.o
                0x08000808                HAL_NVIC_SetPriority
 .text.HAL_NVIC_EnableIRQ
                0x08000840       0x1c ./Drivers/STM32F4xx_HAL_Driver/Src/stm32f4xx_hal_cortex.o
                0x08000840                HAL_NVIC_EnableIRQ
 .text.HAL_CRC_Init
                0x0800085c       0x38 ./Drivers/STM32F4xx_HAL_Driver/Src/stm32f4xx_hal_crc.o
                0x0800085c                HAL_CRC_Init
 .text.HAL_DMA2D_Init
                0x08000894       0x92 ./Drivers/STM32F4xx_HAL_Driver/Src/stm32f4xx_hal_dma2d.o
                0x08000894                HAL_DMA2D_Init
 .text.HAL_DMA2D_IRQHandler
                0x08000926      0x1f8 ./Drivers/STM32F4xx_HAL_Driver/Src/stm32f4xx_hal_dma2d.o
                0x08000926                HAL_DMA2D_IRQHandler
 .text.HAL_DMA2D_LineEventCallback
                0x08000b1e       0x14 ./Drivers/STM32F4xx_HAL_Driver/Src/stm32f4xx_hal_dma2d.o
                0x08000b1e                HAL_DMA2D_LineEventCallback
 .text.HAL_DMA2D_CLUTLoadingCpltCallback
                0x08000b32       0x14 ./Drivers/STM32F4xx_HAL_Driver/Src/stm32f4xx_hal_dma2d.o
                0x08000b32                HAL_DMA2D_CLUTLoadingCpltCallback
 *fill*         0x08000b46        0x2 
 .text.HAL_DMA2D_ConfigLayer
                0x08000b48      0x124 ./Drivers/STM32F4xx_HAL_Driver/Src/stm32f4xx_hal_dma2d.o
                0x08000b48                HAL_DMA2D_ConfigLayer
 .text.HAL_GPIO_Init
                0x08000c6c      0x358 ./Drivers/STM32F4xx_HAL_Driver/Src/stm32f4xx_hal_gpio.o
                0x08000c6c                HAL_GPIO_Init
 .text.HAL_GPIO_WritePin
                0x08000fc4       0x32 ./Drivers/STM32F4xx_HAL_Driver/Src/stm32f4xx_hal_gpio.o
                0x08000fc4                HAL_GPIO_WritePin
 .text.HAL_HCD_IRQHandler
                0x08000ff6      0x220 ./Drivers/STM32F4xx_HAL_Driver/Src/stm32f4xx_hal_hcd.o
                0x08000ff6                HAL_HCD_IRQHandler
 .text.HAL_HCD_Stop
                0x08001216       0x3a ./Drivers/STM32F4xx_HAL_Driver/Src/stm32f4xx_hal_hcd.o
                0x08001216                HAL_HCD_Stop
 .text.HCD_HC_IN_IRQHandler
                0x08001250      0xcd2 ./Drivers/STM32F4xx_HAL_Driver/Src/stm32f4xx_hal_hcd.o
 .text.HCD_HC_OUT_IRQHandler
                0x08001f22      0x97e ./Drivers/STM32F4xx_HAL_Driver/Src/stm32f4xx_hal_hcd.o
 .text.HCD_RXQLVL_IRQHandler
                0x080028a0      0x1be ./Drivers/STM32F4xx_HAL_Driver/Src/stm32f4xx_hal_hcd.o
 .text.HCD_Port_IRQHandler
                0x08002a5e       0xe6 ./Drivers/STM32F4xx_HAL_Driver/Src/stm32f4xx_hal_hcd.o
 .text.HAL_I2C_Init
                0x08002b44      0x288 ./Drivers/STM32F4xx_HAL_Driver/Src/stm32f4xx_hal_i2c.o
                0x08002b44                HAL_I2C_Init
 .text.HAL_I2CEx_ConfigAnalogFilter
                0x08002dcc       0x78 ./Drivers/STM32F4xx_HAL_Driver/Src/stm32f4xx_hal_i2c_ex.o
                0x08002dcc                HAL_I2CEx_ConfigAnalogFilter
 .text.HAL_I2CEx_ConfigDigitalFilter
                0x08002e44       0x7e ./Drivers/STM32F4xx_HAL_Driver/Src/stm32f4xx_hal_i2c_ex.o
                0x08002e44                HAL_I2CEx_ConfigDigitalFilter
 .text.HAL_LTDC_Init
                0x08002ec2      0x13a ./Drivers/STM32F4xx_HAL_Driver/Src/stm32f4xx_hal_ltdc.o
                0x08002ec2                HAL_LTDC_Init
 .text.HAL_LTDC_IRQHandler
                0x08002ffc      0x148 ./Drivers/STM32F4xx_HAL_Driver/Src/stm32f4xx_hal_ltdc.o
                0x08002ffc                HAL_LTDC_IRQHandler
 .text.HAL_LTDC_ErrorCallback
                0x08003144       0x14 ./Drivers/STM32F4xx_HAL_Driver/Src/stm32f4xx_hal_ltdc.o
                0x08003144                HAL_LTDC_ErrorCallback
 .text.HAL_LTDC_LineEventCallback
                0x08003158       0x14 ./Drivers/STM32F4xx_HAL_Driver/Src/stm32f4xx_hal_ltdc.o
                0x08003158                HAL_LTDC_LineEventCallback
 .text.HAL_LTDC_ReloadEventCallback
                0x0800316c       0x14 ./Drivers/STM32F4xx_HAL_Driver/Src/stm32f4xx_hal_ltdc.o
                0x0800316c                HAL_LTDC_ReloadEventCallback
 .text.HAL_LTDC_ConfigLayer
                0x08003180       0x7c ./Drivers/STM32F4xx_HAL_Driver/Src/stm32f4xx_hal_ltdc.o
                0x08003180                HAL_LTDC_ConfigLayer
 .text.LTDC_SetConfig
                0x080031fc      0x2e6 ./Drivers/STM32F4xx_HAL_Driver/Src/stm32f4xx_hal_ltdc.o
 *fill*         0x080034e2        0x2 
 .text.HAL_RCC_OscConfig
                0x080034e4      0x4f0 ./Drivers/STM32F4xx_HAL_Driver/Src/stm32f4xx_hal_rcc.o
                0x080034e4                HAL_RCC_OscConfig
 .text.HAL_RCC_ClockConfig
                0x080039d4      0x1cc ./Drivers/STM32F4xx_HAL_Driver/Src/stm32f4xx_hal_rcc.o
                0x080039d4                HAL_RCC_ClockConfig
 .text.HAL_RCC_GetSysClockFreq
                0x08003ba0      0x20c ./Drivers/STM32F4xx_HAL_Driver/Src/stm32f4xx_hal_rcc.o
                0x08003ba0                HAL_RCC_GetSysClockFreq
 .text.HAL_RCC_GetHCLKFreq
                0x08003dac       0x18 ./Drivers/STM32F4xx_HAL_Driver/Src/stm32f4xx_hal_rcc.o
                0x08003dac                HAL_RCC_GetHCLKFreq
 .text.HAL_RCC_GetPCLK1Freq
                0x08003dc4       0x28 ./Drivers/STM32F4xx_HAL_Driver/Src/stm32f4xx_hal_rcc.o
                0x08003dc4                HAL_RCC_GetPCLK1Freq
 .text.HAL_RCC_GetPCLK2Freq
                0x08003dec       0x28 ./Drivers/STM32F4xx_HAL_Driver/Src/stm32f4xx_hal_rcc.o
                0x08003dec                HAL_RCC_GetPCLK2Freq
 .text.HAL_RCC_GetClockConfig
                0x08003e14       0x64 ./Drivers/STM32F4xx_HAL_Driver/Src/stm32f4xx_hal_rcc.o
                0x08003e14                HAL_RCC_GetClockConfig
 .text.HAL_RCCEx_PeriphCLKConfig
                0x08003e78      0x380 ./Drivers/STM32F4xx_HAL_Driver/Src/stm32f4xx_hal_rcc_ex.o
                0x08003e78                HAL_RCCEx_PeriphCLKConfig
 .text.HAL_SDRAM_Init
                0x080041f8       0x68 ./Drivers/STM32F4xx_HAL_Driver/Src/stm32f4xx_hal_sdram.o
                0x080041f8                HAL_SDRAM_Init
 .text.HAL_SPI_Init
                0x08004260      0x112 ./Drivers/STM32F4xx_HAL_Driver/Src/stm32f4xx_hal_spi.o
                0x08004260                HAL_SPI_Init
 .text.HAL_SPI_Transmit
                0x08004372      0x288 ./Drivers/STM32F4xx_HAL_Driver/Src/stm32f4xx_hal_spi.o
                0x08004372                HAL_SPI_Transmit
 .text.HAL_SPI_Receive
                0x080045fa      0x232 ./Drivers/STM32F4xx_HAL_Driver/Src/stm32f4xx_hal_spi.o
                0x080045fa                HAL_SPI_Receive
 .text.HAL_SPI_TransmitReceive
                0x0800482c      0x352 ./Drivers/STM32F4xx_HAL_Driver/Src/stm32f4xx_hal_spi.o
                0x0800482c                HAL_SPI_TransmitReceive
 *fill*         0x08004b7e        0x2 
 .text.SPI_WaitFlagStateUntilTimeout
                0x08004b80      0x110 ./Drivers/STM32F4xx_HAL_Driver/Src/stm32f4xx_hal_spi.o
 .text.SPI_EndRxTransaction
                0x08004c90       0xca ./Drivers/STM32F4xx_HAL_Driver/Src/stm32f4xx_hal_spi.o
 *fill*         0x08004d5a        0x2 
 .text.SPI_EndRxTxTransaction
                0x08004d5c       0xa8 ./Drivers/STM32F4xx_HAL_Driver/Src/stm32f4xx_hal_spi.o
 .text.HAL_TIM_Base_Init
                0x08004e04       0x9e ./Drivers/STM32F4xx_HAL_Driver/Src/stm32f4xx_hal_tim.o
                0x08004e04                HAL_TIM_Base_Init
 *fill*         0x08004ea2        0x2 
 .text.HAL_TIM_Base_Start_IT
                0x08004ea4       0xe0 ./Drivers/STM32F4xx_HAL_Driver/Src/stm32f4xx_hal_tim.o
                0x08004ea4                HAL_TIM_Base_Start_IT
 .text.HAL_TIM_IRQHandler
                0x08004f84      0x1e0 ./Drivers/STM32F4xx_HAL_Driver/Src/stm32f4xx_hal_tim.o
                0x08004f84                HAL_TIM_IRQHandler
 .text.HAL_TIM_ConfigClockSource
                0x08005164      0x18e ./Drivers/STM32F4xx_HAL_Driver/Src/stm32f4xx_hal_tim.o
                0x08005164                HAL_TIM_ConfigClockSource
 .text.HAL_TIM_OC_DelayElapsedCallback
                0x080052f2       0x14 ./Drivers/STM32F4xx_HAL_Driver/Src/stm32f4xx_hal_tim.o
                0x080052f2                HAL_TIM_OC_DelayElapsedCallback
 .text.HAL_TIM_IC_CaptureCallback
                0x08005306       0x14 ./Drivers/STM32F4xx_HAL_Driver/Src/stm32f4xx_hal_tim.o
                0x08005306                HAL_TIM_IC_CaptureCallback
 .text.HAL_TIM_PWM_PulseFinishedCallback
                0x0800531a       0x14 ./Drivers/STM32F4xx_HAL_Driver/Src/stm32f4xx_hal_tim.o
                0x0800531a                HAL_TIM_PWM_PulseFinishedCallback
 .text.HAL_TIM_TriggerCallback
                0x0800532e       0x14 ./Drivers/STM32F4xx_HAL_Driver/Src/stm32f4xx_hal_tim.o
                0x0800532e                HAL_TIM_TriggerCallback
 *fill*         0x08005342        0x2 
 .text.TIM_Base_SetConfig
                0x08005344      0x14c ./Drivers/STM32F4xx_HAL_Driver/Src/stm32f4xx_hal_tim.o
                0x08005344                TIM_Base_SetConfig
 .text.TIM_TI1_ConfigInputStage
                0x08005490       0x5e ./Drivers/STM32F4xx_HAL_Driver/Src/stm32f4xx_hal_tim.o
 .text.TIM_TI2_ConfigInputStage
                0x080054ee       0x60 ./Drivers/STM32F4xx_HAL_Driver/Src/stm32f4xx_hal_tim.o
 .text.TIM_ITRx_SetConfig
                0x0800554e       0x36 ./Drivers/STM32F4xx_HAL_Driver/Src/stm32f4xx_hal_tim.o
 .text.TIM_ETR_SetConfig
                0x08005584       0x40 ./Drivers/STM32F4xx_HAL_Driver/Src/stm32f4xx_hal_tim.o
                0x08005584                TIM_ETR_SetConfig
 .text.HAL_TIMEx_MasterConfigSynchronization
                0x080055c4       0xf8 ./Drivers/STM32F4xx_HAL_Driver/Src/stm32f4xx_hal_tim_ex.o
                0x080055c4                HAL_TIMEx_MasterConfigSynchronization
 .text.HAL_TIMEx_CommutCallback
                0x080056bc       0x14 ./Drivers/STM32F4xx_HAL_Driver/Src/stm32f4xx_hal_tim_ex.o
                0x080056bc                HAL_TIMEx_CommutCallback
 .text.HAL_TIMEx_BreakCallback
                0x080056d0       0x14 ./Drivers/STM32F4xx_HAL_Driver/Src/stm32f4xx_hal_tim_ex.o
                0x080056d0                HAL_TIMEx_BreakCallback
 .text.HAL_UART_Init
                0x080056e4       0xa0 ./Drivers/STM32F4xx_HAL_Driver/Src/stm32f4xx_hal_uart.o
                0x080056e4                HAL_UART_Init
 .text.HAL_UART_Transmit
                0x08005784      0x116 ./Drivers/STM32F4xx_HAL_Driver/Src/stm32f4xx_hal_uart.o
                0x08005784                HAL_UART_Transmit
 .text.UART_WaitOnFlagUntilTimeout
                0x0800589a       0xb2 ./Drivers/STM32F4xx_HAL_Driver/Src/stm32f4xx_hal_uart.o
 .text.UART_EndRxTransfer
                0x0800594c       0xc6 ./Drivers/STM32F4xx_HAL_Driver/Src/stm32f4xx_hal_uart.o
 *fill*         0x08005a12        0x2 
 .text.UART_SetConfig
                0x08005a14      0x4e8 ./Drivers/STM32F4xx_HAL_Driver/Src/stm32f4xx_hal_uart.o
 .text.FMC_SDRAM_Init
                0x08005efc       0xba ./Drivers/STM32F4xx_HAL_Driver/Src/stm32f4xx_ll_fmc.o
                0x08005efc                FMC_SDRAM_Init
 .text.FMC_SDRAM_Timing_Init
                0x08005fb6       0xd2 ./Drivers/STM32F4xx_HAL_Driver/Src/stm32f4xx_ll_fmc.o
                0x08005fb6                FMC_SDRAM_Timing_Init
 .text.USB_EnableGlobalInt
                0x08006088       0x22 ./Drivers/STM32F4xx_HAL_Driver/Src/stm32f4xx_ll_usb.o
                0x08006088                USB_EnableGlobalInt
 .text.USB_DisableGlobalInt
                0x080060aa       0x22 ./Drivers/STM32F4xx_HAL_Driver/Src/stm32f4xx_ll_usb.o
                0x080060aa                USB_DisableGlobalInt
 .text.USB_FlushTxFifo
                0x080060cc       0x64 ./Drivers/STM32F4xx_HAL_Driver/Src/stm32f4xx_ll_usb.o
                0x080060cc                USB_FlushTxFifo
 .text.USB_FlushRxFifo
                0x08006130       0x5c ./Drivers/STM32F4xx_HAL_Driver/Src/stm32f4xx_ll_usb.o
                0x08006130                USB_FlushRxFifo
 .text.USB_ReadPacket
                0x0800618c       0xb0 ./Drivers/STM32F4xx_HAL_Driver/Src/stm32f4xx_ll_usb.o
                0x0800618c                USB_ReadPacket
 .text.USB_ReadInterrupts
                0x0800623c       0x26 ./Drivers/STM32F4xx_HAL_Driver/Src/stm32f4xx_ll_usb.o
                0x0800623c                USB_ReadInterrupts
 .text.USB_ReadChInterrupts
                0x08006262       0x42 ./Drivers/STM32F4xx_HAL_Driver/Src/stm32f4xx_ll_usb.o
                0x08006262                USB_ReadChInterrupts
 .text.USB_GetMode
                0x080062a4       0x1c ./Drivers/STM32F4xx_HAL_Driver/Src/stm32f4xx_ll_usb.o
                0x080062a4                USB_GetMode
 .text.USB_InitFSLSPClkSel
                0x080062c0       0x7a ./Drivers/STM32F4xx_HAL_Driver/Src/stm32f4xx_ll_usb.o
                0x080062c0                USB_InitFSLSPClkSel
 .text.USB_HC_ReadInterrupt
                0x0800633a       0x22 ./Drivers/STM32F4xx_HAL_Driver/Src/stm32f4xx_ll_usb.o
                0x0800633a                USB_HC_ReadInterrupt
 .text.USB_HC_Halt
                0x0800635c      0x240 ./Drivers/STM32F4xx_HAL_Driver/Src/stm32f4xx_ll_usb.o
                0x0800635c                USB_HC_Halt
 .text.USB_StopHost
                0x0800659c      0x124 ./Drivers/STM32F4xx_HAL_Driver/Src/stm32f4xx_ll_usb.o
                0x0800659c                USB_StopHost
 .text.USBH_LL_IncTimer
                0x080066c0       0x24 ./Middlewares/ST/STM32_USB_Host_Library/Core/Src/usbh_core.o
                0x080066c0                USBH_LL_IncTimer
 .text.USBH_HandleSof
                0x080066e4       0x30 ./Middlewares/ST/STM32_USB_Host_Library/Core/Src/usbh_core.o
 .text.USBH_LL_PortEnabled
                0x08006714       0x24 ./Middlewares/ST/STM32_USB_Host_Library/Core/Src/usbh_core.o
                0x08006714                USBH_LL_PortEnabled
 .text.USBH_LL_PortDisabled
                0x08006738       0x24 ./Middlewares/ST/STM32_USB_Host_Library/Core/Src/usbh_core.o
                0x08006738                USBH_LL_PortDisabled
 .text.USBH_LL_Connect
                0x0800675c       0x36 ./Middlewares/ST/STM32_USB_Host_Library/Core/Src/usbh_core.o
                0x0800675c                USBH_LL_Connect
 .text.USBH_LL_Disconnect
                0x08006792       0x54 ./Middlewares/ST/STM32_USB_Host_Library/Core/Src/usbh_core.o
                0x08006792                USBH_LL_Disconnect
 .text.USBH_OS_PutMessage
                0x080067e6       0x4e ./Middlewares/ST/STM32_USB_Host_Library/Core/Src/usbh_core.o
                0x080067e6                USBH_OS_PutMessage
 .text.USBH_LL_NotifyURBChange
                0x08006834       0x1e ./Middlewares/ST/STM32_USB_Host_Library/Core/Src/usbh_core.o
                0x08006834                USBH_LL_NotifyURBChange
 .text.USBH_FreePipe
                0x08006852       0x3c ./Middlewares/ST/STM32_USB_Host_Library/Core/Src/usbh_pipes.o
                0x08006852                USBH_FreePipe
 .text.inHandlerMode
                0x0800688e       0x24 ./Middlewares/Third_Party/FreeRTOS/Source/CMSIS_RTOS/cmsis_os.o
 *fill*         0x080068b2        0x2 
 .text.osMessagePut
                0x080068b4       0x80 ./Middlewares/Third_Party/FreeRTOS/Source/CMSIS_RTOS/cmsis_os.o
                0x080068b4                osMessagePut
 .text.osMessageWaiting
                0x08006934       0x2c ./Middlewares/Third_Party/FreeRTOS/Source/CMSIS_RTOS/cmsis_os.o
                0x08006934                osMessageWaiting
 .text.vListInsertEnd
                0x08006960       0x48 ./Middlewares/Third_Party/FreeRTOS/Source/list.o
                0x08006960                vListInsertEnd
 .text.vListInsert
                0x080069a8       0x72 ./Middlewares/Third_Party/FreeRTOS/Source/list.o
                0x080069a8                vListInsert
 .text.uxListRemove
                0x08006a1a       0x54 ./Middlewares/Third_Party/FreeRTOS/Source/list.o
                0x08006a1a                uxListRemove
 *fill*         0x08006a6e        0x2 
 .text.xQueueGenericSend
                0x08006a70      0x204 ./Middlewares/Third_Party/FreeRTOS/Source/queue.o
                0x08006a70                xQueueGenericSend
 .text.xQueueGenericSendFromISR
                0x08006c74      0x13c ./Middlewares/Third_Party/FreeRTOS/Source/queue.o
                0x08006c74                xQueueGenericSendFromISR
 .text.uxQueueMessagesWaiting
                0x08006db0       0x3e ./Middlewares/Third_Party/FreeRTOS/Source/queue.o
                0x08006db0                uxQueueMessagesWaiting
 .text.uxQueueMessagesWaitingFromISR
                0x08006dee       0x3e ./Middlewares/Third_Party/FreeRTOS/Source/queue.o
                0x08006dee                uxQueueMessagesWaitingFromISR
 .text.prvCopyDataToQueue
                0x08006e2c       0xd4 ./Middlewares/Third_Party/FreeRTOS/Source/queue.o
 .text.prvUnlockQueue
                0x08006f00       0xa4 ./Middlewares/Third_Party/FreeRTOS/Source/queue.o
 .text.prvIsQueueFull
                0x08006fa4       0x30 ./Middlewares/Third_Party/FreeRTOS/Source/queue.o
 .text.vTaskSuspendAll
                0x08006fd4       0x1c ./Middlewares/Third_Party/FreeRTOS/Source/tasks.o
                0x08006fd4                vTaskSuspendAll
 .text.xTaskResumeAll
                0x08006ff0      0x13c ./Middlewares/Third_Party/FreeRTOS/Source/tasks.o
                0x08006ff0                xTaskResumeAll
 .text.xTaskIncrementTick
                0x0800712c      0x174 ./Middlewares/Third_Party/FreeRTOS/Source/tasks.o
                0x0800712c                xTaskIncrementTick
 .text.vTaskSwitchContext
                0x080072a0      0x104 ./Middlewares/Third_Party/FreeRTOS/Source/tasks.o
                0x080072a0                vTaskSwitchContext
 .text.vTaskPlaceOnEventList
                0x080073a4       0x4c ./Middlewares/Third_Party/FreeRTOS/Source/tasks.o
                0x080073a4                vTaskPlaceOnEventList
 .text.xTaskRemoveFromEventList
                0x080073f0       0xc8 ./Middlewares/Third_Party/FreeRTOS/Source/tasks.o
                0x080073f0                xTaskRemoveFromEventList
 .text.vTaskInternalSetTimeOutState
                0x080074b8       0x2c ./Middlewares/Third_Party/FreeRTOS/Source/tasks.o
                0x080074b8                vTaskInternalSetTimeOutState
 .text.xTaskCheckForTimeOut
                0x080074e4       0xc8 ./Middlewares/Third_Party/FreeRTOS/Source/tasks.o
                0x080074e4                xTaskCheckForTimeOut
 .text.vTaskMissedYield
                0x080075ac       0x18 ./Middlewares/Third_Party/FreeRTOS/Source/tasks.o
                0x080075ac                vTaskMissedYield
 .text.prvResetNextTaskUnblockTime
                0x080075c4       0x40 ./Middlewares/Third_Party/FreeRTOS/Source/tasks.o
 .text.xTaskGetSchedulerState
                0x08007604       0x3c ./Middlewares/Third_Party/FreeRTOS/Source/tasks.o
                0x08007604                xTaskGetSchedulerState
 .text.xTaskPriorityDisinherit
                0x08007640      0x110 ./Middlewares/Third_Party/FreeRTOS/Source/tasks.o
                0x08007640                xTaskPriorityDisinherit
 .text.prvAddCurrentTaskToDelayedList
                0x08007750       0xcc ./Middlewares/Third_Party/FreeRTOS/Source/tasks.o
 *fill*         0x0800781c        0x4 
 .text.SVC_Handler
                0x08007820       0x28 ./Middlewares/Third_Party/FreeRTOS/Source/portable/GCC/ARM_CM4F/port.o
                0x08007820                SVC_Handler
 .text.vPortEnterCritical
                0x08007848       0x64 ./Middlewares/Third_Party/FreeRTOS/Source/portable/GCC/ARM_CM4F/port.o
                0x08007848                vPortEnterCritical
 .text.vPortExitCritical
                0x080078ac       0x54 ./Middlewares/Third_Party/FreeRTOS/Source/portable/GCC/ARM_CM4F/port.o
                0x080078ac                vPortExitCritical
 .text.PendSV_Handler
                0x08007900       0x68 ./Middlewares/Third_Party/FreeRTOS/Source/portable/GCC/ARM_CM4F/port.o
                0x08007900                PendSV_Handler
 .text.SysTick_Handler
                0x08007968       0x44 ./Middlewares/Third_Party/FreeRTOS/Source/portable/GCC/ARM_CM4F/port.o
                0x08007968                SysTick_Handler
 .text.vPortValidateInterruptPriority
                0x080079ac       0x84 ./Middlewares/Third_Party/FreeRTOS/Source/portable/GCC/ARM_CM4F/port.o
                0x080079ac                vPortValidateInterruptPriority
 .text.MX_CRC_Init
                0x08007a30       0x28 ./Src/crc.o
                0x08007a30                MX_CRC_Init
 .text.HAL_CRC_MspInit
                0x08007a58       0x44 ./Src/crc.o
                0x08007a58                HAL_CRC_MspInit
 .text.MX_DMA2D_Init
                0x08007a9c       0x64 ./Src/dma2d.o
                0x08007a9c                MX_DMA2D_Init
 .text.HAL_DMA2D_MspInit
                0x08007b00       0x50 ./Src/dma2d.o
                0x08007b00                HAL_DMA2D_MspInit
 .text.MX_FMC_Init
                0x08007b50       0xa0 ./Src/fmc.o
                0x08007b50                MX_FMC_Init
 .text.HAL_FMC_MspInit
                0x08007bf0      0x124 ./Src/fmc.o
 .text.HAL_SDRAM_MspInit
                0x08007d14       0x14 ./Src/fmc.o
                0x08007d14                HAL_SDRAM_MspInit
 .text.vApplicationStackOverflowHook
                0x08007d28       0x16 ./Src/freertos.o
                0x08007d28                vApplicationStackOverflowHook
 *fill*         0x08007d3e        0x2 
 .text.MX_GPIO_Init
                0x08007d40      0x228 ./Src/gpio.o
                0x08007d40                MX_GPIO_Init
 .text.MX_I2C3_Init
                0x08007f68       0x80 ./Src/i2c.o
                0x08007f68                MX_I2C3_Init
 .text.HAL_I2C_MspInit
                0x08007fe8       0xd4 ./Src/i2c.o
                0x08007fe8                HAL_I2C_MspInit
 .text.i3g4250d_platform_init
                0x080080bc       0x3c ./Src/i3g4250d_platform_stm32.o
                0x080080bc                i3g4250d_platform_init
 .text.i3g4250d_platform_read
                0x080080f8       0x9c ./Src/i3g4250d_platform_stm32.o
                0x080080f8                i3g4250d_platform_read
 .text.i3g4250d_platform_write
                0x08008194       0x9c ./Src/i3g4250d_platform_stm32.o
                0x08008194                i3g4250d_platform_write
 .text.i3g4250d_platform_delay
                0x08008230       0x16 ./Src/i3g4250d_platform_stm32.o
                0x08008230                i3g4250d_platform_delay
 .text.i3g4250d_read_reg
                0x08008246       0x3c ./Src/i3g4250d_reg.o
                0x08008246                i3g4250d_read_reg
 .text.i3g4250d_write_reg
                0x08008282       0x3c ./Src/i3g4250d_reg.o
                0x08008282                i3g4250d_write_reg
 *fill*         0x080082be        0x2 
 .text.i3g4250d_from_fs245dps_to_mdps
                0x080082c0       0x30 ./Src/i3g4250d_reg.o
                0x080082c0                i3g4250d_from_fs245dps_to_mdps
 .text.i3g4250d_from_lsb_to_celsius
                0x080082f0       0x2c ./Src/i3g4250d_reg.o
                0x080082f0                i3g4250d_from_lsb_to_celsius
 .text.i3g4250d_power_mode_set
                0x0800831c       0x5c ./Src/i3g4250d_reg.o
                0x0800831c                i3g4250d_power_mode_set
 .text.i3g4250d_data_rate_set
                0x08008378       0x58 ./Src/i3g4250d_reg.o
                0x08008378                i3g4250d_data_rate_set
 .text.i3g4250d_full_scale_set
                0x080083d0       0x5e ./Src/i3g4250d_reg.o
                0x080083d0                i3g4250d_full_scale_set
 .text.i3g4250d_flag_data_ready_get
                0x0800842e       0x3e ./Src/i3g4250d_reg.o
                0x0800842e                i3g4250d_flag_data_ready_get
 .text.i3g4250d_temperature_raw_get
                0x0800846c       0x22 ./Src/i3g4250d_reg.o
                0x0800846c                i3g4250d_temperature_raw_get
 .text.i3g4250d_angular_rate_raw_get
                0x0800848e       0x9a ./Src/i3g4250d_reg.o
                0x0800848e                i3g4250d_angular_rate_raw_get
 .text.i3g4250d_device_id_get
                0x08008528       0x22 ./Src/i3g4250d_reg.o
                0x08008528                i3g4250d_device_id_get
 .text.i3g4250d_self_test_set
                0x0800854a       0x5e ./Src/i3g4250d_reg.o
                0x0800854a                i3g4250d_self_test_set
 .text.i3g4250d_axis_x_data_set
                0x080085a8       0x5c ./Src/i3g4250d_reg.o
                0x080085a8                i3g4250d_axis_x_data_set
 .text.i3g4250d_axis_y_data_set
                0x08008604       0x5c ./Src/i3g4250d_reg.o
                0x08008604                i3g4250d_axis_y_data_set
 .text.i3g4250d_axis_z_data_set
                0x08008660       0x5c ./Src/i3g4250d_reg.o
                0x08008660                i3g4250d_axis_z_data_set
 .text.MX_LTDC_Init
                0x080086bc      0x100 ./Src/ltdc.o
                0x080086bc                MX_LTDC_Init
 .text.HAL_LTDC_MspInit
                0x080087bc      0x260 ./Src/ltdc.o
                0x080087bc                HAL_LTDC_MspInit
 .text.i3g4250d_platform_led_on
                0x08008a1c       0x3c ./Src/main.o
                0x08008a1c                i3g4250d_platform_led_on
 .text.i3g4250d_platform_led_off
                0x08008a58       0x3c ./Src/main.o
                0x08008a58                i3g4250d_platform_led_off
 .text.i3g4250d_platform_print
                0x08008a94       0x28 ./Src/main.o
                0x08008a94                i3g4250d_platform_print
 .text.gyro_init
                0x08008abc       0xe4 ./Src/main.o
 .text.gyro_read
                0x08008ba0       0x20 ./Src/main.o
 .text.gyro_self_test
                0x08008bc0      0x1c4 ./Src/main.o
 .text.main     0x08008d84      0x174 ./Src/main.o
                0x08008d84                main
 .text.SystemClock_Config
                0x08008ef8       0xd4 ./Src/main.o
                0x08008ef8                SystemClock_Config
 .text.HAL_TIM_PeriodElapsedCallback
                0x08008fcc       0x24 ./Src/main.o
                0x08008fcc                HAL_TIM_PeriodElapsedCallback
 .text.Error_Handler
                0x08008ff0        0xc ./Src/main.o
                0x08008ff0                Error_Handler
 .text.MX_SPI5_Init
                0x08008ffc       0x6c ./Src/spi.o
                0x08008ffc                MX_SPI5_Init
 .text.HAL_SPI_MspInit
                0x08009068       0x90 ./Src/spi.o
                0x08009068                HAL_SPI_MspInit
 .text.HAL_MspInit
                0x080090f8       0x58 ./Src/stm32f4xx_hal_msp.o
                0x080090f8                HAL_MspInit
 .text.HAL_InitTick
                0x08009150       0xf8 ./Src/stm32f4xx_hal_timebase_tim.o
                0x08009150                HAL_InitTick
 .text.NMI_Handler
                0x08009248        0x8 ./Src/stm32f4xx_it.o
                0x08009248                NMI_Handler
 .text.HardFault_Handler
                0x08009250        0x8 ./Src/stm32f4xx_it.o
                0x08009250                HardFault_Handler
 .text.MemManage_Handler
                0x08009258        0x8 ./Src/stm32f4xx_it.o
                0x08009258                MemManage_Handler
 .text.BusFault_Handler
                0x08009260        0x8 ./Src/stm32f4xx_it.o
                0x08009260                BusFault_Handler
 .text.UsageFault_Handler
                0x08009268        0x8 ./Src/stm32f4xx_it.o
                0x08009268                UsageFault_Handler
 .text.DebugMon_Handler
                0x08009270        0xe ./Src/stm32f4xx_it.o
                0x08009270                DebugMon_Handler
 *fill*         0x0800927e        0x2 
 .text.TIM6_DAC_IRQHandler
                0x08009280       0x14 ./Src/stm32f4xx_it.o
                0x08009280                TIM6_DAC_IRQHandler
 .text.OTG_HS_IRQHandler
                0x08009294       0x14 ./Src/stm32f4xx_it.o
                0x08009294                OTG_HS_IRQHandler
 .text.LTDC_IRQHandler
                0x080092a8       0x14 ./Src/stm32f4xx_it.o
                0x080092a8                LTDC_IRQHandler
 .text.DMA2D_IRQHandler
                0x080092bc       0x14 ./Src/stm32f4xx_it.o
                0x080092bc                DMA2D_IRQHandler
 .text._sbrk    0x080092d0       0x6c ./Src/sysmem.o
                0x080092d0                _sbrk
 .text.SystemInit
                0x0800933c       0x24 ./Src/system_stm32f4xx.o
                0x0800933c                SystemInit
 .text.MX_TIM1_Init
                0x08009360       0xa0 ./Src/tim.o
                0x08009360                MX_TIM1_Init
 .text.HAL_TIM_Base_MspInit
                0x08009400       0x44 ./Src/tim.o
                0x08009400                HAL_TIM_Base_MspInit
 .text.MX_USART1_UART_Init
                0x08009444       0x54 ./Src/usart.o
                0x08009444                MX_USART1_UART_Init
 .text.HAL_UART_MspInit
                0x08009498       0x90 ./Src/usart.o
                0x08009498                HAL_UART_MspInit
 .text.HAL_HCD_SOF_Callback
                0x08009528       0x1c ./Src/usbh_conf.o
                0x08009528                HAL_HCD_SOF_Callback
 .text.HAL_HCD_Connect_Callback
                0x08009544       0x1c ./Src/usbh_conf.o
                0x08009544                HAL_HCD_Connect_Callback
 .text.HAL_HCD_Disconnect_Callback
                0x08009560       0x1c ./Src/usbh_conf.o
                0x08009560                HAL_HCD_Disconnect_Callback
 .text.HAL_HCD_HC_NotifyURBChange_Callback
                0x0800957c       0x24 ./Src/usbh_conf.o
                0x0800957c                HAL_HCD_HC_NotifyURBChange_Callback
 .text.HAL_HCD_PortEnabled_Callback
                0x080095a0       0x1c ./Src/usbh_conf.o
                0x080095a0                HAL_HCD_PortEnabled_Callback
 .text.HAL_HCD_PortDisabled_Callback
                0x080095bc       0x1c ./Src/usbh_conf.o
                0x080095bc                HAL_HCD_PortDisabled_Callback
 .text.USBH_LL_Stop
                0x080095d8       0x36 ./Src/usbh_conf.o
                0x080095d8                USBH_LL_Stop
 *fill*         0x0800960e        0x2 
 .text.USBH_Get_USB_Status
                0x08009610       0x58 ./Src/usbh_conf.o
                0x08009610                USBH_Get_USB_Status
 .text.Reset_Handler
                0x08009668       0x50 ./Startup/startup_stm32f429zıtx.o
                0x08009668                Reset_Handler
 .text.Default_Handler
                0x080096b8        0x2 ./Startup/startup_stm32f429zıtx.o
                0x080096b8                RTC_Alarm_IRQHandler
                0x080096b8                HASH_RNG_IRQHandler
                0x080096b8                EXTI2_IRQHandler
                0x080096b8                TIM8_CC_IRQHandler
                0x080096b8                UART8_IRQHandler
                0x080096b8                SPI4_IRQHandler
                0x080096b8                TIM1_CC_IRQHandler
                0x080096b8                DMA2_Stream5_IRQHandler
                0x080096b8                DMA1_Stream5_IRQHandler
                0x080096b8                PVD_IRQHandler
                0x080096b8                SDIO_IRQHandler
                0x080096b8                TAMP_STAMP_IRQHandler
                0x080096b8                CAN2_RX1_IRQHandler
                0x080096b8                EXTI3_IRQHandler
                0x080096b8                TIM8_TRG_COM_TIM14_IRQHandler
                0x080096b8                TIM1_UP_TIM10_IRQHandler
                0x080096b8                TIM8_UP_TIM13_IRQHandler
                0x080096b8                I2C3_ER_IRQHandler
                0x080096b8                EXTI0_IRQHandler
                0x080096b8                I2C2_EV_IRQHandler
                0x080096b8                DMA1_Stream2_IRQHandler
                0x080096b8                CAN1_RX0_IRQHandler
                0x080096b8                FPU_IRQHandler
                0x080096b8                OTG_HS_WKUP_IRQHandler
                0x080096b8                LTDC_ER_IRQHandler
                0x080096b8                CAN2_SCE_IRQHandler
                0x080096b8                DMA2_Stream2_IRQHandler
                0x080096b8                SPI1_IRQHandler
                0x080096b8                TIM1_BRK_TIM9_IRQHandler
                0x080096b8                DCMI_IRQHandler
                0x080096b8                CAN2_RX0_IRQHandler
                0x080096b8                DMA2_Stream3_IRQHandler
                0x080096b8                USART6_IRQHandler
                0x080096b8                USART3_IRQHandler
                0x080096b8                CAN1_RX1_IRQHandler
                0x080096b8                UART5_IRQHandler
                0x080096b8                DMA2_Stream0_IRQHandler
                0x080096b8                TIM4_IRQHandler
                0x080096b8                I2C1_EV_IRQHandler
                0x080096b8                DMA1_Stream6_IRQHandler
                0x080096b8                DMA1_Stream1_IRQHandler
                0x080096b8                UART4_IRQHandler
                0x080096b8                TIM3_IRQHandler
                0x080096b8                RCC_IRQHandler
                0x080096b8                TIM8_BRK_TIM12_IRQHandler
                0x080096b8                Default_Handler
                0x080096b8                EXTI15_10_IRQHandler
                0x080096b8                ADC_IRQHandler
                0x080096b8                DMA1_Stream7_IRQHandler
                0x080096b8                SPI5_IRQHandler
                0x080096b8                TIM7_IRQHandler
                0x080096b8                CAN2_TX_IRQHandler
                0x080096b8                TIM5_IRQHandler
                0x080096b8                DMA2_Stream7_IRQHandler
                0x080096b8                I2C3_EV_IRQHandler
                0x080096b8                EXTI9_5_IRQHandler
                0x080096b8                RTC_WKUP_IRQHandler
                0x080096b8                ETH_WKUP_IRQHandler
                0x080096b8                SPI2_IRQHandler
                0x080096b8                OTG_HS_EP1_IN_IRQHandler
                0x080096b8                DMA1_Stream0_IRQHandler
                0x080096b8                CAN1_TX_IRQHandler
                0x080096b8                EXTI4_IRQHandler
                0x080096b8                ETH_IRQHandler
                0x080096b8                OTG_HS_EP1_OUT_IRQHandler
                0x080096b8                WWDG_IRQHandler
                0x080096b8                SPI6_IRQHandler
                0x080096b8                TIM2_IRQHandler
                0x080096b8                OTG_FS_WKUP_IRQHandler
                0x080096b8                TIM1_TRG_COM_TIM11_IRQHandler
                0x080096b8                EXTI1_IRQHandler
                0x080096b8                UART7_IRQHandler
                0x080096b8                USART2_IRQHandler
                0x080096b8                I2C2_ER_IRQHandler
                0x080096b8                DMA2_Stream1_IRQHandler
                0x080096b8                CAN1_SCE_IRQHandler
                0x080096b8                FLASH_IRQHandler
                0x080096b8                DMA2_Stream4_IRQHandler
                0x080096b8                USART1_IRQHandler
                0x080096b8                OTG_FS_IRQHandler
                0x080096b8                SPI3_IRQHandler
                0x080096b8                DMA1_Stream4_IRQHandler
                0x080096b8                I2C1_ER_IRQHandler
                0x080096b8                FMC_IRQHandler
                0x080096b8                DMA2_Stream6_IRQHandler
                0x080096b8                SAI1_IRQHandler
                0x080096b8                DMA1_Stream3_IRQHandler
 *fill*         0x080096ba        0x2 
 .text.sbrk_aligned
                0x080096bc       0x44 C:/ST/STM32CubeIDE_2.0.0/STM32CubeIDE/plugins/com.st.stm32cube.ide.mcu.externaltools.gnu-tools-for-stm32.13.3.rel1.win32_1.0.100.202509120712/tools/bin/../lib/gcc/arm-none-eabi/13.3.1/../../../../arm-none-eabi/lib/thumb/v7e-m+fp/hard\libc_nano.a(libc_a-mallocr.o)
 .text._malloc_r
                0x08009700      0x100 C:/ST/STM32CubeIDE_2.0.0/STM32CubeIDE/plugins/com.st.stm32cube.ide.mcu.externaltools.gnu-tools-for-stm32.13.3.rel1.win32_1.0.100.202509120712/tools/bin/../lib/gcc/arm-none-eabi/13.3.1/../../../../arm-none-eabi/lib/thumb/v7e-m+fp/hard\libc_nano.a(libc_a-mallocr.o)
                0x08009700                _malloc_r
 .text.__malloc_lock
                0x08009800        0xc C:/ST/STM32CubeIDE_2.0.0/STM32CubeIDE/plugins/com.st.stm32cube.ide.mcu.externaltools.gnu-tools-for-stm32.13.3.rel1.win32_1.0.100.202509120712/tools/bin/../lib/gcc/arm-none-eabi/13.3.1/../../../../arm-none-eabi/lib/thumb/v7e-m+fp/hard\libc_nano.a(libc_a-mlock.o)
                0x08009800                __malloc_lock
 .text.__malloc_unlock
                0x0800980c        0xc C:/ST/STM32CubeIDE_2.0.0/STM32CubeIDE/plugins/com.st.stm32cube.ide.mcu.externaltools.gnu-tools-for-stm32.13.3.rel1.win32_1.0.100.202509120712/tools/bin/../lib/gcc/arm-none-eabi/13.3.1/../../../../arm-none-eabi/lib/thumb/v7e-m+fp/hard\libc_nano.a(libc_a-mlock.o)
                0x0800980c                __malloc_unlock
 .text.sprintf  0x08009818       0x44 C:/ST/STM32CubeIDE_2.0.0/STM32CubeIDE/plugins/com.st.stm32cube.ide.mcu.externaltools.gnu-tools-for-stm32.13.3.rel1.win32_1.0.100.202509120712/tools/bin/../lib/gcc/arm-none-eabi/13.3.1/../../../../arm-none-eabi/lib/thumb/v7e-m+fp/hard\libc_nano.a(libc_a-sprintf.o)
                0x08009818                siprintf
                0x08009818                sprintf
 .text.memset   0x0800985c       0x10 C:/ST/STM32CubeIDE_2.0.0/STM32CubeIDE/plugins/com.st.stm32cube.ide.mcu.externaltools.gnu-tools-for-stm32.13.3.rel1.win32_1.0.100.202509120712/tools/bin/../lib/gcc/arm-none-eabi/13.3.1/../../../../arm-none-eabi/lib/thumb/v7e-m+fp/hard\libc_nano.a(libc_a-memset.o)
                0x0800985c                memset
 .text._sbrk_r  0x0800986c       0x20 C:/ST/STM32CubeIDE_2.0.0/STM32CubeIDE/plugins/com.st.stm32cube.ide.mcu.externaltools.gnu-tools-for-stm32.13.3.rel1.win32_1.0.100.202509120712/tools/bin/../lib/gcc/arm-none-eabi/13.3.1/../../../../arm-none-eabi/lib/thumb/v7e-m+fp/hard\libc_nano.a(libc_a-sbrkr.o)
                0x0800986c                _sbrk_r
 .text.__errno  0x0800988c        0xc C:/ST/STM32CubeIDE_2.0.0/STM32CubeIDE/plugins/com.st.stm32cube.ide.mcu.externaltools.gnu-tools-for-stm32.13.3.rel1.win32_1.0.100.202509120712/tools/bin/../lib/gcc/arm-none-eabi/13.3.1/../../../../arm-none-eabi/lib/thumb/v7e-m+fp/hard\libc_nano.a(libc_a-errno.o)
                0x0800988c                __errno
 .text.__libc_init_array
                0x08009898       0x48 C:/ST/STM32CubeIDE_2.0.0/STM32CubeIDE/plugins/com.st.stm32cube.ide.mcu.externaltools.gnu-tools-for-stm32.13.3.rel1.win32_1.0.100.202509120712/tools/bin/../lib/gcc/arm-none-eabi/13.3.1/../../../../arm-none-eabi/lib/thumb/v7e-m+fp/hard\libc_nano.a(libc_a-init.o)
                0x08009898                __libc_init_array
 .text.__retarget_lock_acquire_recursive
                0x080098e0        0x2 C:/ST/STM32CubeIDE_2.0.0/STM32CubeIDE/plugins/com.st.stm32cube.ide.mcu.externaltools.gnu-tools-for-stm32.13.3.rel1.win32_1.0.100.202509120712/tools/bin/../lib/gcc/arm-none-eabi/13.3.1/../../../../arm-none-eabi/lib/thumb/v7e-m+fp/hard\libc_nano.a(libc_a-lock.o)
                0x080098e0                __retarget_lock_acquire_recursive
 .text.__retarget_lock_release_recursive
                0x080098e2        0x2 C:/ST/STM32CubeIDE_2.0.0/STM32CubeIDE/plugins/com.st.stm32cube.ide.mcu.externaltools.gnu-tools-for-stm32.13.3.rel1.win32_1.0.100.202509120712/tools/bin/../lib/gcc/arm-none-eabi/13.3.1/../../../../arm-none-eabi/lib/thumb/v7e-m+fp/hard\libc_nano.a(libc_a-lock.o)
                0x080098e2                __retarget_lock_release_recursive
 .text.memcpy   0x080098e4       0x1c C:/ST/STM32CubeIDE_2.0.0/STM32CubeIDE/plugins/com.st.stm32cube.ide.mcu.externaltools.gnu-tools-for-stm32.13.3.rel1.win32_1.0.100.202509120712/tools/bin/../lib/gcc/arm-none-eabi/13.3.1/../../../../arm-none-eabi/lib/thumb/v7e-m+fp/hard\libc_nano.a(libc_a-memcpy-stub.o)
                0x080098e4                memcpy
 .text._free_r  0x08009900       0x94 C:/ST/STM32CubeIDE_2.0.0/STM32CubeIDE/plugins/com.st.stm32cube.ide.mcu.externaltools.gnu-tools-for-stm32.13.3.rel1.win32_1.0.100.202509120712/tools/bin/../lib/gcc/arm-none-eabi/13.3.1/../../../../arm-none-eabi/lib/thumb/v7e-m+fp/hard\libc_nano.a(libc_a-freer.o)
                0x08009900                _free_r
 .text.__ssputs_r
                0x08009994       0xb6 C:/ST/STM32CubeIDE_2.0.0/STM32CubeIDE/plugins/com.st.stm32cube.ide.mcu.externaltools.gnu-tools-for-stm32.13.3.rel1.win32_1.0.100.202509120712/tools/bin/../lib/gcc/arm-none-eabi/13.3.1/../../../../arm-none-eabi/lib/thumb/v7e-m+fp/hard\libc_nano.a(libc_a-nano-svfprintf.o)
                0x08009994                __ssputs_r
 *fill*         0x08009a4a        0x2 
 .text._svfprintf_r
                0x08009a4c      0x1f8 C:/ST/STM32CubeIDE_2.0.0/STM32CubeIDE/plugins/com.st.stm32cube.ide.mcu.externaltools.gnu-tools-for-stm32.13.3.rel1.win32_1.0.100.202509120712/tools/bin/../lib/gcc/arm-none-eabi/13.3.1/../../../../arm-none-eabi/lib/thumb/v7e-m+fp/hard\libc_nano.a(libc_a-nano-svfprintf.o)
                0x08009a4c                _svfiprintf_r
                0x08009a4c                _svfprintf_r
 .text._printf_common
                0x08009c44       0xda C:/ST/STM32CubeIDE_2.0.0/STM32CubeIDE/plugins/com.st.stm32cube.ide.mcu.externaltools.gnu-tools-for-stm32.13.3.rel1.win32_1.0.100.202509120712/tools/bin/../lib/gcc/arm-none-eabi/13.3.1/../../../../arm-none-eabi/lib/thumb/v7e-m+fp/hard\libc_nano.a(libc_a-nano-vfprintf_i.o)
                0x08009c44                _printf_common
 *fill*         0x08009d1e        0x2 
 .text._printf_i
                0x08009d20      0x23c C:/ST/STM32CubeIDE_2.0.0/STM32CubeIDE/plugins/com.st.stm32cube.ide.mcu.externaltools.gnu-tools-for-stm32.13.3.rel1.win32_1.0.100.202509120712/tools/bin/../lib/gcc/arm-none-eabi/13.3.1/../../../../arm-none-eabi/lib/thumb/v7e-m+fp/hard\libc_nano.a(libc_a-nano-vfprintf_i.o)
                0x08009d20                _printf_i
 .text.memmove  0x08009f5c       0x34 C:/ST/STM32CubeIDE_2.0.0/STM32CubeIDE/plugins/com.st.stm32cube.ide.mcu.externaltools.gnu-tools-for-stm32.13.3.rel1.win32_1.0.100.202509120712/tools/bin/../lib/gcc/arm-none-eabi/13.3.1/../../../../arm-none-eabi/lib/thumb/v7e-m+fp/hard\libc_nano.a(libc_a-memmove.o)
                0x08009f5c                memmove
 .text._realloc_r
                0x08009f90       0x5c C:/ST/STM32CubeIDE_2.0.0/STM32CubeIDE/plugins/com.st.stm32cube.ide.mcu.externaltools.gnu-tools-for-stm32.13.3.rel1.win32_1.0.100.202509120712/tools/bin/../lib/gcc/arm-none-eabi/13.3.1/../../../../arm-none-eabi/lib/thumb/v7e-m+fp/hard\libc_nano.a(libc_a-reallocr.o)
                0x08009f90                _realloc_r
 .text._malloc_usable_size_r
                0x08009fec       0x10 C:/ST/STM32CubeIDE_2.0.0/STM32CubeIDE/plugins/com.st.stm32cube.ide.mcu.externaltools.gnu-tools-for-stm32.13.3.rel1.win32_1.0.100.202509120712/tools/bin/../lib/gcc/arm-none-eabi/13.3.1/../../../../arm-none-eabi/lib/thumb/v7e-m+fp/hard\libc_nano.a(libc_a-msizer.o)
                0x08009fec                _malloc_usable_size_r
 *(.glue_7)
 .glue_7        0x08009ffc        0x0 linker stubs
 *(.glue_7t)
 .glue_7t       0x08009ffc        0x0 linker stubs
 *(.eh_frame)
 .eh_frame      0x08009ffc        0x0 C:/ST/STM32CubeIDE_2.0.0/STM32CubeIDE/plugins/com.st.stm32cube.ide.mcu.externaltools.gnu-tools-for-stm32.13.3.rel1.win32_1.0.100.202509120712/tools/bin/../lib/gcc/arm-none-eabi/13.3.1/thumb/v7e-m+fp/hard/crtbegin.o
 *(.init)
 .init          0x08009ffc        0x4 C:/ST/STM32CubeIDE_2.0.0/STM32CubeIDE/plugins/com.st.stm32cube.ide.mcu.externaltools.gnu-tools-for-stm32.13.3.rel1.win32_1.0.100.202509120712/tools/bin/../lib/gcc/arm-none-eabi/13.3.1/thumb/v7e-m+fp/hard/crti.o
                0x08009ffc                _init
 .init          0x0800a000        0x8 C:/ST/STM32CubeIDE_2.0.0/STM32CubeIDE/plugins/com.st.stm32cube.ide.mcu.externaltools.gnu-tools-for-stm32.13.3.rel1.win32_1.0.100.202509120712/tools/bin/../lib/gcc/arm-none-eabi/13.3.1/thumb/v7e-m+fp/hard/crtn.o
 *(.fini)
 .fini          0x0800a008        0x4 C:/ST/STM32CubeIDE_2.0.0/STM32CubeIDE/plugins/com.st.stm32cube.ide.mcu.externaltools.gnu-tools-for-stm32.13.3.rel1.win32_1.0.100.202509120712/tools/bin/../lib/gcc/arm-none-eabi/13.3.1/thumb/v7e-m+fp/hard/crti.o
                0x0800a008                _fini
 .fini          0x0800a00c        0x8 C:/ST/STM32CubeIDE_2.0.0/STM32CubeIDE/plugins/com.st.stm32cube.ide.mcu.externaltools.gnu-tools-for-stm32.13.3.rel1.win32_1.0.100.202509120712/tools/bin/../lib/gcc/arm-none-eabi/13.3.1/thumb/v7e-m+fp/hard/crtn.o
                0x0800a014                        . = ALIGN (0x4)
                0x0800a014                        _etext = .

.vfp11_veneer   0x0800a014        0x0
 .vfp11_veneer  0x0800a014        0x0 linker stubs

.v4_bx          0x0800a014        0x0
 .v4_bx         0x0800a014        0x0 linker stubs

.iplt           0x0800a014        0x0
 .iplt          0x0800a014        0x0 C:/ST/STM32CubeIDE_2.0.0/STM32CubeIDE/plugins/com.st.stm32cube.ide.mcu.externaltools.gnu-tools-for-stm32.13.3.rel1.win32_1.0.100.202509120712/tools/bin/../lib/gcc/arm-none-eabi/13.3.1/thumb/v7e-m+fp/hard/crtbegin.o

.rodata         0x0800a014      0x170
                0x0800a014                        . = ALIGN (0x4)
 *(.rodata)
 .rodata        0x0800a014      0x122 ./Src/main.o
 *(.rodata*)
 *fill*         0x0800a136        0x2 
 .rodata.AHBPrescTable
                0x0800a138       0x10 ./Src/system_stm32f4xx.o
                0x0800a138                AHBPrescTable
 .rodata.APBPrescTable
                0x0800a148        0x8 ./Src/system_stm32f4xx.o
                0x0800a148                APBPrescTable
 .rodata._svfprintf_r.str1.1
                0x0800a150       0x33 C:/ST/STM32CubeIDE_2.0.0/STM32CubeIDE/plugins/com.st.stm32cube.ide.mcu.externaltools.gnu-tools-for-stm32.13.3.rel1.win32_1.0.100.202509120712/tools/bin/../lib/gcc/arm-none-eabi/13.3.1/../../../../arm-none-eabi/lib/thumb/v7e-m+fp/hard\libc_nano.a(libc_a-nano-svfprintf.o)
                                 0x11 (size before relaxing)
 .rodata._printf_i.str1.1
                0x0800a183        0x0 C:/ST/STM32CubeIDE_2.0.0/STM32CubeIDE/plugins/com.st.stm32cube.ide.mcu.externaltools.gnu-tools-for-stm32.13.3.rel1.win32_1.0.100.202509120712/tools/bin/../lib/gcc/arm-none-eabi/13.3.1/../../../../arm-none-eabi/lib/thumb/v7e-m+fp/hard\libc_nano.a(libc_a-nano-vfprintf_i.o)
                                 0x22 (size before relaxing)
                0x0800a184                        . = ALIGN (0x4)
 *fill*         0x0800a183        0x1 

.ARM.extab      0x0800a184        0x0
                0x0800a184                        . = ALIGN (0x4)
 *(.ARM.extab* .gnu.linkonce.armextab.*)
                0x0800a184                        . = ALIGN (0x4)

.ARM            0x0800a184        0x8
                0x0800a184                        . = ALIGN (0x4)
                0x0800a184                        __exidx_start = .
 *(.ARM.exidx*)
 .ARM.exidx     0x0800a184        0x8 C:/ST/STM32CubeIDE_2.0.0/STM32CubeIDE/plugins/com.st.stm32cube.ide.mcu.externaltools.gnu-tools-for-stm32.13.3.rel1.win32_1.0.100.202509120712/tools/bin/../lib/gcc/arm-none-eabi/13.3.1/../../../../arm-none-eabi/lib/thumb/v7e-m+fp/hard\libc_nano.a(libc_a-strlen.o)
 .ARM.exidx     0x0800a18c        0x0 C:/ST/STM32CubeIDE_2.0.0/STM32CubeIDE/plugins/com.st.stm32cube.ide.mcu.externaltools.gnu-tools-for-stm32.13.3.rel1.win32_1.0.100.202509120712/tools/bin/../lib/gcc/arm-none-eabi/13.3.1/../../../../arm-none-eabi/lib/thumb/v7e-m+fp/hard\libc_nano.a(libc_a-memchr.o)
                                  0x8 (size before relaxing)
 .ARM.exidx     0x0800a18c        0x0 C:/ST/STM32CubeIDE_2.0.0/STM32CubeIDE/plugins/com.st.stm32cube.ide.mcu.externaltools.gnu-tools-for-stm32.13.3.rel1.win32_1.0.100.202509120712/tools/bin/../lib/gcc/arm-none-eabi/13.3.1/thumb/v7e-m+fp/hard\libgcc.a(_udivmoddi4.o)
                                  0x8 (size before relaxing)
                0x0800a18c                        __exidx_end = .
                0x0800a18c                        . = ALIGN (0x4)

.preinit_array  0x0800a18c        0x0
                0x0800a18c                        . = ALIGN (0x4)
                0x0800a18c                        PROVIDE (__preinit_array_start = .)
 *(.preinit_array*)
                0x0800a18c                        PROVIDE (__preinit_array_end = .)
                0x0800a18c                        . = ALIGN (0x4)

.init_array     0x0800a18c        0x4
                0x0800a18c                        . = ALIGN (0x4)
                0x0800a18c                        PROVIDE (__init_array_start = .)
 *(SORT_BY_NAME(.init_array.*))
 *(.init_array*)
 .init_array    0x0800a18c        0x4 C:/ST/STM32CubeIDE_2.0.0/STM32CubeIDE/plugins/com.st.stm32cube.ide.mcu.externaltools.gnu-tools-for-stm32.13.3.rel1.win32_1.0.100.202509120712/tools/bin/../lib/gcc/arm-none-eabi/13.3.1/thumb/v7e-m+fp/hard/crtbegin.o
                0x0800a190                        PROVIDE (__init_array_end = .)
                0x0800a190                        . = ALIGN (0x4)

.fini_array     0x0800a190        0x4
                0x0800a190                        . = ALIGN (0x4)
                [!provide]                        PROVIDE (__fini_array_start = .)
 *(SORT_BY_NAME(.fini_array.*))
 *(.fini_array*)
 .fini_array    0x0800a190        0x4 C:/ST/STM32CubeIDE_2.0.0/STM32CubeIDE/plugins/com.st.stm32cube.ide.mcu.externaltools.gnu-tools-for-stm32.13.3.rel1.win32_1.0.100.202509120712/tools/bin/../lib/gcc/arm-none-eabi/13.3.1/thumb/v7e-m+fp/hard/crtbegin.o
                [!provide]                        PROVIDE (__fini_array_end = .)
                0x0800a194                        . = ALIGN (0x4)
                0x0800a194                        _sidata = LOADADDR (.data)

.rel.dyn        0x0800a194        0x0
 .rel.iplt      0x0800a194        0x0 C:/ST/STM32CubeIDE_2.0.0/STM32CubeIDE/plugins/com.st.stm32cube.ide.mcu.externaltools.gnu-tools-for-stm32.13.3.rel1.win32_1.0.100.202509120712/tools/bin/../lib/gcc/arm-none-eabi/13.3.1/thumb/v7e-m+fp/hard/crtbegin.o

.data           0x20000000       0x60 load address 0x0800a194
                0x20000000                        . = ALIGN (0x4)
                0x20000000                        _sdata = .
 *(.data)
 *(.data*)
 .data.uwTickPrio
                0x20000000        0x4 ./Drivers/STM32F4xx_HAL_Driver/Src/stm32f4xx_hal.o
                0x20000000                uwTickPrio
 .data.uwTickFreq
                0x20000004        0x1 ./Drivers/STM32F4xx_HAL_Driver/Src/stm32f4xx_hal.o
                0x20000004                uwTickFreq
 *fill*         0x20000005        0x3 
 .data.uxCriticalNesting
                0x20000008        0x4 ./Middlewares/Third_Party/FreeRTOS/Source/portable/GCC/ARM_CM4F/port.o
 .data.SystemCoreClock
                0x2000000c        0x4 ./Src/system_stm32f4xx.o
                0x2000000c                SystemCoreClock
 .data._impure_ptr
                0x20000010        0x4 C:/ST/STM32CubeIDE_2.0.0/STM32CubeIDE/plugins/com.st.stm32cube.ide.mcu.externaltools.gnu-tools-for-stm32.13.3.rel1.win32_1.0.100.202509120712/tools/bin/../lib/gcc/arm-none-eabi/13.3.1/../../../../arm-none-eabi/lib/thumb/v7e-m+fp/hard\libc_nano.a(libc_a-impure.o)
                0x20000010                _impure_ptr
 .data._impure_data
                0x20000014       0x4c C:/ST/STM32CubeIDE_2.0.0/STM32CubeIDE/plugins/com.st.stm32cube.ide.mcu.externaltools.gnu-tools-for-stm32.13.3.rel1.win32_1.0.100.202509120712/tools/bin/../lib/gcc/arm-none-eabi/13.3.1/../../../../arm-none-eabi/lib/thumb/v7e-m+fp/hard\libc_nano.a(libc_a-impure.o)
                0x20000014                _impure_data
 *(.RamFunc)
 *(.RamFunc*)
                0x20000060                        . = ALIGN (0x4)
                0x20000060                        _edata = .
                0x0800a1f4                        _siccmram = LOADADDR (.ccmram)

.igot.plt       0x20000060        0x0 load address 0x0800a1f4
 .igot.plt      0x20000060        0x0 C:/ST/STM32CubeIDE_2.0.0/STM32CubeIDE/plugins/com.st.stm32cube.ide.mcu.externaltools.gnu-tools-for-stm32.13.3.rel1.win32_1.0.100.202509120712/tools/bin/../lib/gcc/arm-none-eabi/13.3.1/thumb/v7e-m+fp/hard/crtbegin.o

.ccmram         0x10000000        0x0 load address 0x0800a1f4
                0x10000000                        . = ALIGN (0x4)
                0x10000000                        _sccmram = .
 *(.ccmram)
 *(.ccmram*)
                0x10000000                        . = ALIGN (0x4)
                0x10000000                        _eccmram = .
                0x10000000                        . = ALIGN (0x4)

.bss            0x20000060      0x908
                0x20000060                        _sbss = .
                0x20000060                        __bss_start__ = _sbss
 *(.bss)
 .bss           0x20000060       0x1c C:/ST/STM32CubeIDE_2.0.0/STM32CubeIDE/plugins/com.st.stm32cube.ide.mcu.externaltools.gnu-tools-for-stm32.13.3.rel1.win32_1.0.100.202509120712/tools/bin/../lib/gcc/arm-none-eabi/13.3.1/thumb/v7e-m+fp/hard/crtbegin.o
 *(.bss*)
 .bss.uwTick    0x2000007c        0x4 ./Drivers/STM32F4xx_HAL_Driver/Src/stm32f4xx_hal.o
                0x2000007c                uwTick
 .bss.pxCurrentTCB
                0x20000080        0x4 ./Middlewares/Third_Party/FreeRTOS/Source/tasks.o
                0x20000080                pxCurrentTCB
 .bss.pxReadyTasksLists
                0x20000084       0x8c ./Middlewares/Third_Party/FreeRTOS/Source/tasks.o
 .bss.pxDelayedTaskList
                0x20000110        0x4 ./Middlewares/Third_Party/FreeRTOS/Source/tasks.o
 .bss.pxOverflowDelayedTaskList
                0x20000114        0x4 ./Middlewares/Third_Party/FreeRTOS/Source/tasks.o
 .bss.xPendingReadyList
                0x20000118       0x14 ./Middlewares/Third_Party/FreeRTOS/Source/tasks.o
 .bss.xSuspendedTaskList
                0x2000012c       0x14 ./Middlewares/Third_Party/FreeRTOS/Source/tasks.o
 .bss.uxCurrentNumberOfTasks
                0x20000140        0x4 ./Middlewares/Third_Party/FreeRTOS/Source/tasks.o
 .bss.xTickCount
                0x20000144        0x4 ./Middlewares/Third_Party/FreeRTOS/Source/tasks.o
 .bss.uxTopReadyPriority
                0x20000148        0x4 ./Middlewares/Third_Party/FreeRTOS/Source/tasks.o
 .bss.xSchedulerRunning
                0x2000014c        0x4 ./Middlewares/Third_Party/FreeRTOS/Source/tasks.o
 .bss.xPendedTicks
                0x20000150        0x4 ./Middlewares/Third_Party/FreeRTOS/Source/tasks.o
 .bss.xYieldPending
                0x20000154        0x4 ./Middlewares/Third_Party/FreeRTOS/Source/tasks.o
 .bss.xNumOfOverflows
                0x20000158        0x4 ./Middlewares/Third_Party/FreeRTOS/Source/tasks.o
 .bss.xNextTaskUnblockTime
                0x2000015c        0x4 ./Middlewares/Third_Party/FreeRTOS/Source/tasks.o
 .bss.uxSchedulerSuspended
                0x20000160        0x4 ./Middlewares/Third_Party/FreeRTOS/Source/tasks.o
 .bss.ucMaxSysCallPriority
                0x20000164        0x1 ./Middlewares/Third_Party/FreeRTOS/Source/portable/GCC/ARM_CM4F/port.o
 *fill*         0x20000165        0x3 
 .bss.ulMaxPRIGROUPValue
                0x20000168        0x4 ./Middlewares/Third_Party/FreeRTOS/Source/portable/GCC/ARM_CM4F/port.o
 .bss.hcrc      0x2000016c        0x8 ./Src/crc.o
                0x2000016c                hcrc
 .bss.hdma2d    0x20000174       0x40 ./Src/dma2d.o
                0x20000174                hdma2d
 .bss.hsdram1   0x200001b4       0x34 ./Src/fmc.o
                0x200001b4                hsdram1
 .bss.FMC_Initialized
                0x200001e8        0x4 ./Src/fmc.o
 .bss.hi2c3     0x200001ec       0x54 ./Src/i2c.o
                0x200001ec                hi2c3
 .bss.hltdc     0x20000240       0xa8 ./Src/ltdc.o
                0x20000240                hltdc
 .bss.gyro_ctx  0x200002e8       0x14 ./Src/main.o
 .bss.whoami_id
                0x200002fc        0x1 ./Src/main.o
 *fill*         0x200002fd        0x3 
 .bss.gyro_data
                0x20000300        0x6 ./Src/main.o
 .bss.temp_raw  0x20000306        0x1 ./Src/main.o
 *fill*         0x20000307        0x1 
 .bss.temp_celsius
                0x20000308        0x4 ./Src/main.o
 .bss.hspi5     0x2000030c       0x58 ./Src/spi.o
                0x2000030c                hspi5
 .bss.htim6     0x20000364       0x48 ./Src/stm32f4xx_hal_timebase_tim.o
                0x20000364                htim6
 .bss.__sbrk_heap_end
                0x200003ac        0x4 ./Src/sysmem.o
 .bss.htim1     0x200003b0       0x48 ./Src/tim.o
                0x200003b0                htim1
 .bss.huart1    0x200003f8       0x48 ./Src/usart.o
                0x200003f8                huart1
 .bss.hhcd_USB_OTG_HS
                0x20000440      0x3e0 ./Src/usbh_conf.o
                0x20000440                hhcd_USB_OTG_HS
 .bss.__malloc_sbrk_start
                0x20000820        0x4 C:/ST/STM32CubeIDE_2.0.0/STM32CubeIDE/plugins/com.st.stm32cube.ide.mcu.externaltools.gnu-tools-for-stm32.13.3.rel1.win32_1.0.100.202509120712/tools/bin/../lib/gcc/arm-none-eabi/13.3.1/../../../../arm-none-eabi/lib/thumb/v7e-m+fp/hard\libc_nano.a(libc_a-mallocr.o)
                0x20000820                __malloc_sbrk_start
 .bss.__malloc_free_list
                0x20000824        0x4 C:/ST/STM32CubeIDE_2.0.0/STM32CubeIDE/plugins/com.st.stm32cube.ide.mcu.externaltools.gnu-tools-for-stm32.13.3.rel1.win32_1.0.100.202509120712/tools/bin/../lib/gcc/arm-none-eabi/13.3.1/../../../../arm-none-eabi/lib/thumb/v7e-m+fp/hard\libc_nano.a(libc_a-mallocr.o)
                0x20000824                __malloc_free_list
 .bss.__sf      0x20000828      0x138 C:/ST/STM32CubeIDE_2.0.0/STM32CubeIDE/plugins/com.st.stm32cube.ide.mcu.externaltools.gnu-tools-for-stm32.13.3.rel1.win32_1.0.100.202509120712/tools/bin/../lib/gcc/arm-none-eabi/13.3.1/../../../../arm-none-eabi/lib/thumb/v7e-m+fp/hard\libc_nano.a(libc_a-findfp.o)
                0x20000828                __sf
 .bss.errno     0x20000960        0x4 C:/ST/STM32CubeIDE_2.0.0/STM32CubeIDE/plugins/com.st.stm32cube.ide.mcu.externaltools.gnu-tools-for-stm32.13.3.rel1.win32_1.0.100.202509120712/tools/bin/../lib/gcc/arm-none-eabi/13.3.1/../../../../arm-none-eabi/lib/thumb/v7e-m+fp/hard\libc_nano.a(libc_a-reent.o)
                0x20000960                errno
 .bss.__lock___malloc_recursive_mutex
                0x20000964        0x1 C:/ST/STM32CubeIDE_2.0.0/STM32CubeIDE/plugins/com.st.stm32cube.ide.mcu.externaltools.gnu-tools-for-stm32.13.3.rel1.win32_1.0.100.202509120712/tools/bin/../lib/gcc/arm-none-eabi/13.3.1/../../../../arm-none-eabi/lib/thumb/v7e-m+fp/hard\libc_nano.a(libc_a-lock.o)
                0x20000964                __lock___malloc_recursive_mutex
 *(COMMON)
                0x20000968                        . = ALIGN (0x4)
 *fill*         0x20000965        0x3 
                0x20000968                        _ebss = .
                0x20000968                        __bss_end__ = _ebss

._user_heap_stack
                0x20000968      0x600
                0x20000968                        . = ALIGN (0x8)
                [!provide]                        PROVIDE (end = .)
                0x20000968                        PROVIDE (_end = .)
                0x20000b68                        . = (. + _Min_Heap_Size)
 *fill*         0x20000968      0x200 
                0x20000f68                        . = (. + _Min_Stack_Size)
 *fill*         0x20000b68      0x400 
                0x20000f68                        . = ALIGN (0x8)

/DISCARD/
 libc.a(*)
 libm.a(*)
 libgcc.a(*)

.ARM.attributes
                0x00000000       0x30
 *(.ARM.attributes)
 .ARM.attributes
                0x00000000       0x22 C:/ST/STM32CubeIDE_2.0.0/STM32CubeIDE/plugins/com.st.stm32cube.ide.mcu.externaltools.gnu-tools-for-stm32.13.3.rel1.win32_1.0.100.202509120712/tools/bin/../lib/gcc/arm-none-eabi/13.3.1/thumb/v7e-m+fp/hard/crti.o
 .ARM.attributes
                0x00000022       0x34 C:/ST/STM32CubeIDE_2.0.0/STM32CubeIDE/plugins/com.st.stm32cube.ide.mcu.externaltools.gnu-tools-for-stm32.13.3.rel1.win32_1.0.100.202509120712/tools/bin/../lib/gcc/arm-none-eabi/13.3.1/thumb/v7e-m+fp/hard/crtbegin.o
 .ARM.attributes
                0x00000056       0x34 ./Drivers/STM32F4xx_HAL_Driver/Src/stm32f4xx_hal.o
 .ARM.attributes
                0x0000008a       0x34 ./Drivers/STM32F4xx_HAL_Driver/Src/stm32f4xx_hal_cortex.o
 .ARM.attributes
                0x000000be       0x34 ./Drivers/STM32F4xx_HAL_Driver/Src/stm32f4xx_hal_crc.o
 .ARM.attributes
                0x000000f2       0x34 ./Drivers/STM32F4xx_HAL_Driver/Src/stm32f4xx_hal_dma2d.o
 .ARM.attributes
                0x00000126       0x34 ./Drivers/STM32F4xx_HAL_Driver/Src/stm32f4xx_hal_gpio.o
 .ARM.attributes
                0x0000015a       0x34 ./Drivers/STM32F4xx_HAL_Driver/Src/stm32f4xx_hal_hcd.o
 .ARM.attributes
                0x0000018e       0x34 ./Drivers/STM32F4xx_HAL_Driver/Src/stm32f4xx_hal_i2c.o
 .ARM.attributes
                0x000001c2       0x34 ./Drivers/STM32F4xx_HAL_Driver/Src/stm32f4xx_hal_i2c_ex.o
 .ARM.attributes
                0x000001f6       0x34 ./Drivers/STM32F4xx_HAL_Driver/Src/stm32f4xx_hal_ltdc.o
 .ARM.attributes
                0x0000022a       0x34 ./Drivers/STM32F4xx_HAL_Driver/Src/stm32f4xx_hal_rcc.o
 .ARM.attributes
                0x0000025e       0x34 ./Drivers/STM32F4xx_HAL_Driver/Src/stm32f4xx_hal_rcc_ex.o
 .ARM.attributes
                0x00000292       0x34 ./Drivers/STM32F4xx_HAL_Driver/Src/stm32f4xx_hal_sdram.o
 .ARM.attributes
                0x000002c6       0x34 ./Drivers/STM32F4xx_HAL_Driver/Src/stm32f4xx_hal_spi.o
 .ARM.attributes
                0x000002fa       0x34 ./Drivers/STM32F4xx_HAL_Driver/Src/stm32f4xx_hal_tim.o
 .ARM.attributes
                0x0000032e       0x34 ./Drivers/STM32F4xx_HAL_Driver/Src/stm32f4xx_hal_tim_ex.o
 .ARM.attributes
                0x00000362       0x34 ./Drivers/STM32F4xx_HAL_Driver/Src/stm32f4xx_hal_uart.o
 .ARM.attributes
                0x00000396       0x34 ./Drivers/STM32F4xx_HAL_Driver/Src/stm32f4xx_ll_fmc.o
 .ARM.attributes
                0x000003ca       0x34 ./Drivers/STM32F4xx_HAL_Driver/Src/stm32f4xx_ll_usb.o
 .ARM.attributes
                0x000003fe       0x34 ./Middlewares/ST/STM32_USB_Host_Library/Core/Src/usbh_core.o
 .ARM.attributes
                0x00000432       0x34 ./Middlewares/ST/STM32_USB_Host_Library/Core/Src/usbh_pipes.o
 .ARM.attributes
                0x00000466       0x34 ./Middlewares/Third_Party/FreeRTOS/Source/CMSIS_RTOS/cmsis_os.o
 .ARM.attributes
                0x0000049a       0x34 ./Middlewares/Third_Party/FreeRTOS/Source/list.o
 .ARM.attributes
                0x000004ce       0x34 ./Middlewares/Third_Party/FreeRTOS/Source/queue.o
 .ARM.attributes
                0x00000502       0x34 ./Middlewares/Third_Party/FreeRTOS/Source/tasks.o
 .ARM.attributes
                0x00000536       0x34 ./Middlewares/Third_Party/FreeRTOS/Source/portable/GCC/ARM_CM4F/port.o
 .ARM.attributes
                0x0000056a       0x34 ./Src/crc.o
 .ARM.attributes
                0x0000059e       0x34 ./Src/dma2d.o
 .ARM.attributes
                0x000005d2       0x34 ./Src/fmc.o
 .ARM.attributes
                0x00000606       0x34 ./Src/freertos.o
 .ARM.attributes
                0x0000063a       0x34 ./Src/gpio.o
 .ARM.attributes
                0x0000066e       0x34 ./Src/i2c.o
 .ARM.attributes
                0x000006a2       0x34 ./Src/i3g4250d_platform_stm32.o
 .ARM.attributes
                0x000006d6       0x34 ./Src/i3g4250d_reg.o
 .ARM.attributes
                0x0000070a       0x34 ./Src/ltdc.o
 .ARM.attributes
                0x0000073e       0x34 ./Src/main.o
 .ARM.attributes
                0x00000772       0x34 ./Src/spi.o
 .ARM.attributes
                0x000007a6       0x34 ./Src/stm32f4xx_hal_msp.o
 .ARM.attributes
                0x000007da       0x34 ./Src/stm32f4xx_hal_timebase_tim.o
 .ARM.attributes
                0x0000080e       0x34 ./Src/stm32f4xx_it.o
 .ARM.attributes
                0x00000842       0x34 ./Src/sysmem.o
 .ARM.attributes
                0x00000876       0x34 ./Src/system_stm32f4xx.o
 .ARM.attributes
                0x000008aa       0x34 ./Src/tim.o
 .ARM.attributes
                0x000008de       0x34 ./Src/usart.o
 .ARM.attributes
                0x00000912       0x34 ./Src/usbh_conf.o
 .ARM.attributes
                0x00000946       0x21 ./Startup/startup_stm32f429zıtx.o
 .ARM.attributes
                0x00000967       0x34 C:/ST/STM32CubeIDE_2.0.0/STM32CubeIDE/plugins/com.st.stm32cube.ide.mcu.externaltools.gnu-tools-for-stm32.13.3.rel1.win32_1.0.100.202509120712/tools/bin/../lib/gcc/arm-none-eabi/13.3.1/../../../../arm-none-eabi/lib/thumb/v7e-m+fp/hard\libc_nano.a(libc_a-mallocr.o)
 .ARM.attributes
                0x0000099b       0x34 C:/ST/STM32CubeIDE_2.0.0/STM32CubeIDE/plugins/com.st.stm32cube.ide.mcu.externaltools.gnu-tools-for-stm32.13.3.rel1.win32_1.0.100.202509120712/tools/bin/../lib/gcc/arm-none-eabi/13.3.1/../../../../arm-none-eabi/lib/thumb/v7e-m+fp/hard\libc_nano.a(libc_a-mlock.o)
 .ARM.attributes
                0x000009cf       0x34 C:/ST/STM32CubeIDE_2.0.0/STM32CubeIDE/plugins/com.st.stm32cube.ide.mcu.externaltools.gnu-tools-for-stm32.13.3.rel1.win32_1.0.100.202509120712/tools/bin/../lib/gcc/arm-none-eabi/13.3.1/../../../../arm-none-eabi/lib/thumb/v7e-m+fp/hard\libc_nano.a(libc_a-findfp.o)
 .ARM.attributes
                0x00000a03       0x34 C:/ST/STM32CubeIDE_2.0.0/STM32CubeIDE/plugins/com.st.stm32cube.ide.mcu.externaltools.gnu-tools-for-stm32.13.3.rel1.win32_1.0.100.202509120712/tools/bin/../lib/gcc/arm-none-eabi/13.3.1/../../../../arm-none-eabi/lib/thumb/v7e-m+fp/hard\libc_nano.a(libc_a-sprintf.o)
 .ARM.attributes
                0x00000a37       0x34 C:/ST/STM32CubeIDE_2.0.0/STM32CubeIDE/plugins/com.st.stm32cube.ide.mcu.externaltools.gnu-tools-for-stm32.13.3.rel1.win32_1.0.100.202509120712/tools/bin/../lib/gcc/arm-none-eabi/13.3.1/../../../../arm-none-eabi/lib/thumb/v7e-m+fp/hard\libc_nano.a(libc_a-memset.o)
 .ARM.attributes
                0x00000a6b       0x34 C:/ST/STM32CubeIDE_2.0.0/STM32CubeIDE/plugins/com.st.stm32cube.ide.mcu.externaltools.gnu-tools-for-stm32.13.3.rel1.win32_1.0.100.202509120712/tools/bin/../lib/gcc/arm-none-eabi/13.3.1/../../../../arm-none-eabi/lib/thumb/v7e-m+fp/hard\libc_nano.a(libc_a-reent.o)
 .ARM.attributes
                0x00000a9f       0x34 C:/ST/STM32CubeIDE_2.0.0/STM32CubeIDE/plugins/com.st.stm32cube.ide.mcu.externaltools.gnu-tools-for-stm32.13.3.rel1.win32_1.0.100.202509120712/tools/bin/../lib/gcc/arm-none-eabi/13.3.1/../../../../arm-none-eabi/lib/thumb/v7e-m+fp/hard\libc_nano.a(libc_a-impure.o)
 .ARM.attributes
                0x00000ad3       0x34 C:/ST/STM32CubeIDE_2.0.0/STM32CubeIDE/plugins/com.st.stm32cube.ide.mcu.externaltools.gnu-tools-for-stm32.13.3.rel1.win32_1.0.100.202509120712/tools/bin/../lib/gcc/arm-none-eabi/13.3.1/../../../../arm-none-eabi/lib/thumb/v7e-m+fp/hard\libc_nano.a(libc_a-sbrkr.o)
 .ARM.attributes
                0x00000b07       0x34 C:/ST/STM32CubeIDE_2.0.0/STM32CubeIDE/plugins/com.st.stm32cube.ide.mcu.externaltools.gnu-tools-for-stm32.13.3.rel1.win32_1.0.100.202509120712/tools/bin/../lib/gcc/arm-none-eabi/13.3.1/../../../../arm-none-eabi/lib/thumb/v7e-m+fp/hard\libc_nano.a(libc_a-errno.o)
 .ARM.attributes
                0x00000b3b       0x34 C:/ST/STM32CubeIDE_2.0.0/STM32CubeIDE/plugins/com.st.stm32cube.ide.mcu.externaltools.gnu-tools-for-stm32.13.3.rel1.win32_1.0.100.202509120712/tools/bin/../lib/gcc/arm-none-eabi/13.3.1/../../../../arm-none-eabi/lib/thumb/v7e-m+fp/hard\libc_nano.a(libc_a-init.o)
 .ARM.attributes
                0x00000b6f       0x34 C:/ST/STM32CubeIDE_2.0.0/STM32CubeIDE/plugins/com.st.stm32cube.ide.mcu.externaltools.gnu-tools-for-stm32.13.3.rel1.win32_1.0.100.202509120712/tools/bin/../lib/gcc/arm-none-eabi/13.3.1/../../../../arm-none-eabi/lib/thumb/v7e-m+fp/hard\libc_nano.a(libc_a-lock.o)
 .ARM.attributes
                0x00000ba3       0x34 C:/ST/STM32CubeIDE_2.0.0/STM32CubeIDE/plugins/com.st.stm32cube.ide.mcu.externaltools.gnu-tools-for-stm32.13.3.rel1.win32_1.0.100.202509120712/tools/bin/../lib/gcc/arm-none-eabi/13.3.1/../../../../arm-none-eabi/lib/thumb/v7e-m+fp/hard\libc_nano.a(libc_a-memcpy-stub.o)
 .ARM.attributes
                0x00000bd7       0x17 C:/ST/STM32CubeIDE_2.0.0/STM32CubeIDE/plugins/com.st.stm32cube.ide.mcu.externaltools.gnu-tools-for-stm32.13.3.rel1.win32_1.0.100.202509120712/tools/bin/../lib/gcc/arm-none-eabi/13.3.1/../../../../arm-none-eabi/lib/thumb/v7e-m+fp/hard\libc_nano.a(libc_a-strlen.o)
 .ARM.attributes
                0x00000bee       0x34 C:/ST/STM32CubeIDE_2.0.0/STM32CubeIDE/plugins/com.st.stm32cube.ide.mcu.externaltools.gnu-tools-for-stm32.13.3.rel1.win32_1.0.100.202509120712/tools/bin/../lib/gcc/arm-none-eabi/13.3.1/../../../../arm-none-eabi/lib/thumb/v7e-m+fp/hard\libc_nano.a(libc_a-freer.o)
 .ARM.attributes
                0x00000c22       0x34 C:/ST/STM32CubeIDE_2.0.0/STM32CubeIDE/plugins/com.st.stm32cube.ide.mcu.externaltools.gnu-tools-for-stm32.13.3.rel1.win32_1.0.100.202509120712/tools/bin/../lib/gcc/arm-none-eabi/13.3.1/../../../../arm-none-eabi/lib/thumb/v7e-m+fp/hard\libc_nano.a(libc_a-nano-svfprintf.o)
 .ARM.attributes
                0x00000c56       0x34 C:/ST/STM32CubeIDE_2.0.0/STM32CubeIDE/plugins/com.st.stm32cube.ide.mcu.externaltools.gnu-tools-for-stm32.13.3.rel1.win32_1.0.100.202509120712/tools/bin/../lib/gcc/arm-none-eabi/13.3.1/../../../../arm-none-eabi/lib/thumb/v7e-m+fp/hard\libc_nano.a(libc_a-nano-vfprintf_i.o)
 .ARM.attributes
                0x00000c8a       0x34 C:/ST/STM32CubeIDE_2.0.0/STM32CubeIDE/plugins/com.st.stm32cube.ide.mcu.externaltools.gnu-tools-for-stm32.13.3.rel1.win32_1.0.100.202509120712/tools/bin/../lib/gcc/arm-none-eabi/13.3.1/../../../../arm-none-eabi/lib/thumb/v7e-m+fp/hard\libc_nano.a(libc_a-memmove.o)
 .ARM.attributes
                0x00000cbe       0x1c C:/ST/STM32CubeIDE_2.0.0/STM32CubeIDE/plugins/com.st.stm32cube.ide.mcu.externaltools.gnu-tools-for-stm32.13.3.rel1.win32_1.0.100.202509120712/tools/bin/../lib/gcc/arm-none-eabi/13.3.1/../../../../arm-none-eabi/lib/thumb/v7e-m+fp/hard\libc_nano.a(libc_a-memchr.o)
 .ARM.attributes
                0x00000cda       0x34 C:/ST/STM32CubeIDE_2.0.0/STM32CubeIDE/plugins/com.st.stm32cube.ide.mcu.externaltools.gnu-tools-for-stm32.13.3.rel1.win32_1.0.100.202509120712/tools/bin/../lib/gcc/arm-none-eabi/13.3.1/../../../../arm-none-eabi/lib/thumb/v7e-m+fp/hard\libc_nano.a(libc_a-reallocr.o)
 .ARM.attributes
                0x00000d0e       0x34 C:/ST/STM32CubeIDE_2.0.0/STM32CubeIDE/plugins/com.st.stm32cube.ide.mcu.externaltools.gnu-tools-for-stm32.13.3.rel1.win32_1.0.100.202509120712/tools/bin/../lib/gcc/arm-none-eabi/13.3.1/../../../../arm-none-eabi/lib/thumb/v7e-m+fp/hard\libc_nano.a(libc_a-msizer.o)
 .ARM.attributes
                0x00000d42       0x22 C:/ST/STM32CubeIDE_2.0.0/STM32CubeIDE/plugins/com.st.stm32cube.ide.mcu.externaltools.gnu-tools-for-stm32.13.3.rel1.win32_1.0.100.202509120712/tools/bin/../lib/gcc/arm-none-eabi/13.3.1/thumb/v7e-m+fp/hard\libgcc.a(_aeabi_uldivmod.o)
 .ARM.attributes
                0x00000d64       0x34 C:/ST/STM32CubeIDE_2.0.0/STM32CubeIDE/plugins/com.st.stm32cube.ide.mcu.externaltools.gnu-tools-for-stm32.13.3.rel1.win32_1.0.100.202509120712/tools/bin/../lib/gcc/arm-none-eabi/13.3.1/thumb/v7e-m+fp/hard\libgcc.a(_udivmoddi4.o)
 .ARM.attributes
                0x00000d98       0x22 C:/ST/STM32CubeIDE_2.0.0/STM32CubeIDE/plugins/com.st.stm32cube.ide.mcu.externaltools.gnu-tools-for-stm32.13.3.rel1.win32_1.0.100.202509120712/tools/bin/../lib/gcc/arm-none-eabi/13.3.1/thumb/v7e-m+fp/hard\libgcc.a(_dvmd_tls.o)
 .ARM.attributes
                0x00000dba       0x22 C:/ST/STM32CubeIDE_2.0.0/STM32CubeIDE/plugins/com.st.stm32cube.ide.mcu.externaltools.gnu-tools-for-stm32.13.3.rel1.win32_1.0.100.202509120712/tools/bin/../lib/gcc/arm-none-eabi/13.3.1/thumb/v7e-m+fp/hard/crtn.o
OUTPUT(f429_gyro_whoami.elf elf32-littlearm)
LOAD linker stubs
LOAD C:/ST/STM32CubeIDE_2.0.0/STM32CubeIDE/plugins/com.st.stm32cube.ide.mcu.externaltools.gnu-tools-for-stm32.13.3.rel1.win32_1.0.100.202509120712/tools/bin/../lib/gcc/arm-none-eabi/13.3.1/../../../../arm-none-eabi/lib/thumb/v7e-m+fp/hard\libc.a
LOAD C:/ST/STM32CubeIDE_2.0.0/STM32CubeIDE/plugins/com.st.stm32cube.ide.mcu.externaltools.gnu-tools-for-stm32.13.3.rel1.win32_1.0.100.202509120712/tools/bin/../lib/gcc/arm-none-eabi/13.3.1/../../../../arm-none-eabi/lib/thumb/v7e-m+fp/hard\libm.a
LOAD C:/ST/STM32CubeIDE_2.0.0/STM32CubeIDE/plugins/com.st.stm32cube.ide.mcu.externaltools.gnu-tools-for-stm32.13.3.rel1.win32_1.0.100.202509120712/tools/bin/../lib/gcc/arm-none-eabi/13.3.1/thumb/v7e-m+fp/hard\libgcc.a

.debug_info     0x00000000    0x29d32
 .debug_info    0x00000000      0x9ba ./Drivers/STM32F4xx_HAL_Driver/Src/stm32f4xx_hal.o
 .debug_info    0x000009ba      0xdc2 ./Drivers/STM32F4xx_HAL_Driver/Src/stm32f4xx_hal_cortex.o
 .debug_info    0x0000177c      0x37f ./Drivers/STM32F4xx_HAL_Driver/Src/stm32f4xx_hal_crc.o
 .debug_info    0x00001afb      0xe82 ./Drivers/STM32F4xx_HAL_Driver/Src/stm32f4xx_hal_dma2d.o
 .debug_info    0x0000297d      0x6db ./Drivers/STM32F4xx_HAL_Driver/Src/stm32f4xx_hal_gpio.o
 .debug_info    0x00003058     0x114c ./Drivers/STM32F4xx_HAL_Driver/Src/stm32f4xx_hal_hcd.o
 .debug_info    0x000041a4     0x2421 ./Drivers/STM32F4xx_HAL_Driver/Src/stm32f4xx_hal_i2c.o
 .debug_info    0x000065c5      0x672 ./Drivers/STM32F4xx_HAL_Driver/Src/stm32f4xx_hal_i2c_ex.o
 .debug_info    0x00006c37     0x1031 ./Drivers/STM32F4xx_HAL_Driver/Src/stm32f4xx_hal_ltdc.o
 .debug_info    0x00007c68      0x8db ./Drivers/STM32F4xx_HAL_Driver/Src/stm32f4xx_hal_rcc.o
 .debug_info    0x00008543      0x64c ./Drivers/STM32F4xx_HAL_Driver/Src/stm32f4xx_hal_rcc_ex.o
 .debug_info    0x00008b8f      0xed7 ./Drivers/STM32F4xx_HAL_Driver/Src/stm32f4xx_hal_sdram.o
 .debug_info    0x00009a66     0x1525 ./Drivers/STM32F4xx_HAL_Driver/Src/stm32f4xx_hal_spi.o
 .debug_info    0x0000af8b     0x299d ./Drivers/STM32F4xx_HAL_Driver/Src/stm32f4xx_hal_tim.o
 .debug_info    0x0000d928     0x14db ./Drivers/STM32F4xx_HAL_Driver/Src/stm32f4xx_hal_tim_ex.o
 .debug_info    0x0000ee03     0x2f4f ./Drivers/STM32F4xx_HAL_Driver/Src/stm32f4xx_hal_uart.o
 .debug_info    0x00011d52      0xe2d ./Drivers/STM32F4xx_HAL_Driver/Src/stm32f4xx_ll_fmc.o
 .debug_info    0x00012b7f     0x1993 ./Drivers/STM32F4xx_HAL_Driver/Src/stm32f4xx_ll_usb.o
 .debug_info    0x00014512     0x177f ./Middlewares/ST/STM32_USB_Host_Library/Core/Src/usbh_core.o
 .debug_info    0x00015c91      0xb0d ./Middlewares/ST/STM32_USB_Host_Library/Core/Src/usbh_pipes.o
 .debug_info    0x0001679e     0x1bfc ./Middlewares/Third_Party/FreeRTOS/Source/CMSIS_RTOS/cmsis_os.o
 .debug_info    0x0001839a      0x2af ./Middlewares/Third_Party/FreeRTOS/Source/list.o
 .debug_info    0x00018649     0x19b5 ./Middlewares/Third_Party/FreeRTOS/Source/queue.o
 .debug_info    0x00019ffe     0x1ee2 ./Middlewares/Third_Party/FreeRTOS/Source/tasks.o
 .debug_info    0x0001bee0      0x4de ./Middlewares/Third_Party/FreeRTOS/Source/portable/GCC/ARM_CM4F/port.o
 .debug_info    0x0001c3be      0x437 ./Src/crc.o
 .debug_info    0x0001c7f5      0x8ac ./Src/dma2d.o
 .debug_info    0x0001d0a1      0x9a2 ./Src/fmc.o
 .debug_info    0x0001da43      0x522 ./Src/freertos.o
 .debug_info    0x0001df65      0x491 ./Src/gpio.o
 .debug_info    0x0001e3f6      0x9da ./Src/i2c.o
 .debug_info    0x0001edd0      0x93d ./Src/i3g4250d_platform_stm32.o
 .debug_info    0x0001f70d     0x1d39 ./Src/i3g4250d_reg.o
 .debug_info    0x00021446      0xd1d ./Src/ltdc.o
 .debug_info    0x00022163     0x16e4 ./Src/main.o
 .debug_info    0x00023847      0x965 ./Src/spi.o
 .debug_info    0x000241ac      0x505 ./Src/stm32f4xx_hal_msp.o
 .debug_info    0x000246b1      0xc40 ./Src/stm32f4xx_hal_timebase_tim.o
 .debug_info    0x000252f1     0x12cf ./Src/stm32f4xx_it.o
 .debug_info    0x000265c0      0x168 ./Src/sysmem.o
 .debug_info    0x00026728      0x52e ./Src/system_stm32f4xx.o
 .debug_info    0x00026c56      0x9b0 ./Src/tim.o
 .debug_info    0x00027606      0x935 ./Src/usart.o
 .debug_info    0x00027f3b     0x1dc7 ./Src/usbh_conf.o
 .debug_info    0x00029d02       0x30 ./Startup/startup_stm32f429zıtx.o

.debug_abbrev   0x00000000     0x619d
 .debug_abbrev  0x00000000      0x214 ./Drivers/STM32F4xx_HAL_Driver/Src/stm32f4xx_hal.o
 .debug_abbrev  0x00000214      0x31d ./Drivers/STM32F4xx_HAL_Driver/Src/stm32f4xx_hal_cortex.o
 .debug_abbrev  0x00000531      0x1b1 ./Drivers/STM32F4xx_HAL_Driver/Src/stm32f4xx_hal_crc.o
 .debug_abbrev  0x000006e2      0x23e ./Drivers/STM32F4xx_HAL_Driver/Src/stm32f4xx_hal_dma2d.o
 .debug_abbrev  0x00000920      0x1d4 ./Drivers/STM32F4xx_HAL_Driver/Src/stm32f4xx_hal_gpio.o
 .debug_abbrev  0x00000af4      0x296 ./Drivers/STM32F4xx_HAL_Driver/Src/stm32f4xx_hal_hcd.o
 .debug_abbrev  0x00000d8a      0x2ad ./Drivers/STM32F4xx_HAL_Driver/Src/stm32f4xx_hal_i2c.o
 .debug_abbrev  0x00001037      0x157 ./Drivers/STM32F4xx_HAL_Driver/Src/stm32f4xx_hal_i2c_ex.o
 .debug_abbrev  0x0000118e      0x23a ./Drivers/STM32F4xx_HAL_Driver/Src/stm32f4xx_hal_ltdc.o
 .debug_abbrev  0x000013c8      0x2b7 ./Drivers/STM32F4xx_HAL_Driver/Src/stm32f4xx_hal_rcc.o
 .debug_abbrev  0x0000167f      0x1b0 ./Drivers/STM32F4xx_HAL_Driver/Src/stm32f4xx_hal_rcc_ex.o
 .debug_abbrev  0x0000182f      0x227 ./Drivers/STM32F4xx_HAL_Driver/Src/stm32f4xx_hal_sdram.o
 .debug_abbrev  0x00001a56      0x27a ./Drivers/STM32F4xx_HAL_Driver/Src/stm32f4xx_hal_spi.o
 .debug_abbrev  0x00001cd0      0x278 ./Drivers/STM32F4xx_HAL_Driver/Src/stm32f4xx_hal_tim.o
 .debug_abbrev  0x00001f48      0x283 ./Drivers/STM32F4xx_HAL_Driver/Src/stm32f4xx_hal_tim_ex.o
 .debug_abbrev  0x000021cb      0x30e ./Drivers/STM32F4xx_HAL_Driver/Src/stm32f4xx_hal_uart.o
 .debug_abbrev  0x000024d9      0x1ac ./Drivers/STM32F4xx_HAL_Driver/Src/stm32f4xx_ll_fmc.o
 .debug_abbrev  0x00002685      0x2b3 ./Drivers/STM32F4xx_HAL_Driver/Src/stm32f4xx_ll_usb.o
 .debug_abbrev  0x00002938      0x3ca ./Middlewares/ST/STM32_USB_Host_Library/Core/Src/usbh_core.o
 .debug_abbrev  0x00002d02      0x289 ./Middlewares/ST/STM32_USB_Host_Library/Core/Src/usbh_pipes.o
 .debug_abbrev  0x00002f8b      0x3b7 ./Middlewares/Third_Party/FreeRTOS/Source/CMSIS_RTOS/cmsis_os.o
 .debug_abbrev  0x00003342       0xf5 ./Middlewares/Third_Party/FreeRTOS/Source/list.o
 .debug_abbrev  0x00003437      0x3b5 ./Middlewares/Third_Party/FreeRTOS/Source/queue.o
 .debug_abbrev  0x000037ec      0x378 ./Middlewares/Third_Party/FreeRTOS/Source/tasks.o
 .debug_abbrev  0x00003b64      0x25c ./Middlewares/Third_Party/FreeRTOS/Source/portable/GCC/ARM_CM4F/port.o
 .debug_abbrev  0x00003dc0      0x19b ./Src/crc.o
 .debug_abbrev  0x00003f5b      0x1f8 ./Src/dma2d.o
 .debug_abbrev  0x00004153      0x23b ./Src/fmc.o
 .debug_abbrev  0x0000438e      0x19a ./Src/freertos.o
 .debug_abbrev  0x00004528      0x152 ./Src/gpio.o
 .debug_abbrev  0x0000467a      0x20a ./Src/i2c.o
 .debug_abbrev  0x00004884      0x1ee ./Src/i3g4250d_platform_stm32.o
 .debug_abbrev  0x00004a72      0x1dd ./Src/i3g4250d_reg.o
 .debug_abbrev  0x00004c4f      0x1eb ./Src/ltdc.o
 .debug_abbrev  0x00004e3a      0x30a ./Src/main.o
 .debug_abbrev  0x00005144      0x1fa ./Src/spi.o
 .debug_abbrev  0x0000533e      0x119 ./Src/stm32f4xx_hal_msp.o
 .debug_abbrev  0x00005457      0x1f4 ./Src/stm32f4xx_hal_timebase_tim.o
 .debug_abbrev  0x0000564b      0x1d7 ./Src/stm32f4xx_it.o
 .debug_abbrev  0x00005822       0xbc ./Src/sysmem.o
 .debug_abbrev  0x000058de      0x11a ./Src/system_stm32f4xx.o
 .debug_abbrev  0x000059f8      0x1d8 ./Src/tim.o
 .debug_abbrev  0x00005bd0      0x1f9 ./Src/usart.o
 .debug_abbrev  0x00005dc9      0x3b0 ./Src/usbh_conf.o
 .debug_abbrev  0x00006179       0x24 ./Startup/startup_stm32f429zıtx.o

.debug_aranges  0x00000000     0x2440
 .debug_aranges
                0x00000000      0x100 ./Drivers/STM32F4xx_HAL_Driver/Src/stm32f4xx_hal.o
 .debug_aranges
                0x00000100      0x130 ./Drivers/STM32F4xx_HAL_Driver/Src/stm32f4xx_hal_cortex.o
 .debug_aranges
                0x00000230       0x50 ./Drivers/STM32F4xx_HAL_Driver/Src/stm32f4xx_hal_crc.o
 .debug_aranges
                0x00000280      0x118 ./Drivers/STM32F4xx_HAL_Driver/Src/stm32f4xx_hal_dma2d.o
 .debug_aranges
                0x00000398       0x58 ./Drivers/STM32F4xx_HAL_Driver/Src/stm32f4xx_hal_gpio.o
 .debug_aranges
                0x000003f0      0x108 ./Drivers/STM32F4xx_HAL_Driver/Src/stm32f4xx_hal_hcd.o
 .debug_aranges
                0x000004f8      0x2a8 ./Drivers/STM32F4xx_HAL_Driver/Src/stm32f4xx_hal_i2c.o
 .debug_aranges
                0x000007a0       0x28 ./Drivers/STM32F4xx_HAL_Driver/Src/stm32f4xx_hal_i2c_ex.o
 .debug_aranges
                0x000007c8      0x158 ./Drivers/STM32F4xx_HAL_Driver/Src/stm32f4xx_hal_ltdc.o
 .debug_aranges
                0x00000920       0x88 ./Drivers/STM32F4xx_HAL_Driver/Src/stm32f4xx_hal_rcc.o
 .debug_aranges
                0x000009a8       0x58 ./Drivers/STM32F4xx_HAL_Driver/Src/stm32f4xx_hal_rcc_ex.o
 .debug_aranges
                0x00000a00       0xe8 ./Drivers/STM32F4xx_HAL_Driver/Src/stm32f4xx_hal_sdram.o
 .debug_aranges
                0x00000ae8      0x1d0 ./Drivers/STM32F4xx_HAL_Driver/Src/stm32f4xx_hal_spi.o
 .debug_aranges
                0x00000cb8      0x3d0 ./Drivers/STM32F4xx_HAL_Driver/Src/stm32f4xx_hal_tim.o
 .debug_aranges
                0x00001088      0x168 ./Drivers/STM32F4xx_HAL_Driver/Src/stm32f4xx_hal_tim_ex.o
 .debug_aranges
                0x000011f0      0x208 ./Drivers/STM32F4xx_HAL_Driver/Src/stm32f4xx_hal_uart.o
 .debug_aranges
                0x000013f8       0xf0 ./Drivers/STM32F4xx_HAL_Driver/Src/stm32f4xx_ll_fmc.o
 .debug_aranges
                0x000014e8      0x1a0 ./Drivers/STM32F4xx_HAL_Driver/Src/stm32f4xx_ll_usb.o
 .debug_aranges
                0x00001688       0xd8 ./Middlewares/ST/STM32_USB_Host_Library/Core/Src/usbh_core.o
 .debug_aranges
                0x00001760       0x40 ./Middlewares/ST/STM32_USB_Host_Library/Core/Src/usbh_pipes.o
 .debug_aranges
                0x000017a0      0x1d8 ./Middlewares/Third_Party/FreeRTOS/Source/CMSIS_RTOS/cmsis_os.o
 .debug_aranges
                0x00001978       0x40 ./Middlewares/Third_Party/FreeRTOS/Source/list.o
 .debug_aranges
                0x000019b8      0x128 ./Middlewares/Third_Party/FreeRTOS/Source/queue.o
 .debug_aranges
                0x00001ae0      0x1d8 ./Middlewares/Third_Party/FreeRTOS/Source/tasks.o
 .debug_aranges